run_2q_fidelity.py

Current China Time: 2026-08-13 21:02:01.353886+08:00

params = np.array([
[30.001697955384586, 0.0950305175396984, 0.0559645068618822, -0.0229431699271981, -0.0204057266750115] ,
[40.00555329107142, 0.0997266569033966, 0.0468645259519197, -0.0241556443510234, -0.0238998859507338] ,
[50.00717830931639, 0.0944291005813748, 0.0423270716117916, -0.0244726373940417, -0.0245784916790838] ,
[60.00042024820094, 0.0860268178307405, 0.039565720524842, -0.023818662476748, -0.0235933736698757] ,
[70.00632025943978, 0.0754983495803452, 0.0375545096093446, -0.0220722397477199, -0.0217559292735076] ,
[80.00717061124169, 0.0684685566636874, 0.0360858748811351, -0.0216656222370143, -0.0213664922732133] ,
[90.0046789076465, 0.0612690428023734, 0.0328298867119061, -0.0175105475717894, -0.017426353484737] ,
[99.98779143683356, 0.0552476173731895, 0.0303321720259133, -0.0136420988276629, -0.0133841863421664] ,
[110.0055159768988, 0.0508369118785249, 0.0291812451875436, -0.0124040603840376, -0.0122055378773382] ,
[120.00119888114236, 0.0481978180227306, 0.0284814967017705, -0.0120002915682024, -0.011662860296695] ,
[130.008905, 0.044967, 0.0277549999999999, -0.0118439999999999, -0.011358] ,
[140.00288939744678, 0.0431467453879589, 0.0270545541050772, -0.011586233235172, -0.0111996315667356] ,
[150.00846555731022, 0.0404390857423315, 0.0256917484107477, -0.0105627393381496, -0.0101376638536502] ,
[160.00104629807225, 0.0373113805354099, 0.0236015795141312, -0.0088118941912863, -0.0084700978037851] ,
[169.98845121779, 0.0350587475358479, 0.0227281052475843, -0.008171614597858, -0.0078203204674472] ,
[179.99589761254077, 0.0328832541895286, 0.0212971308778636, -0.007185671798851, -0.0068659107005359] ,
[190.0061815101689, 0.0310264616235954, 0.020337860285735, -0.0065059880339002, -0.0062025883216323] ,
[199.99401453701256, 0.0293043143621989, 0.0192834954612087, -0.0059127085392316, -0.0056141037736211] ,
[209.99618971527585, 0.0278368128559825, 0.0183291404274668, -0.005360856933769, -0.0051053320872265] ,
[219.99909373261687, 0.0264876862289486, 0.017445615653641, -0.0048355303614979, -0.0045954656713055] ,
[229.99109523994065, 0.0251716061541493, 0.0166352003263415, -0.0043900766543292, -0.004180995743599] ,
[240.0108912048089, 0.0239631904383156, 0.0158040359844451, -0.0039371847639625, -0.003761548654049] ,
[250.0084828396148, 0.0229366099316889, 0.0150824158956933, -0.0035847106941062, -0.0034197203110569] ,
[259.9984501511477, 0.0219985886800413, 0.0144568110549262, -0.0032781584268901, -0.0031272287510812] ,
[269.9940653315073, 0.0211279347557808, 0.0139011410562856, -0.0030574791040716, -0.002902125861154] ,
[279.99841150217577, 0.020309178872375, 0.0133432771175907, -0.0027877307758915, -0.0026596173599784] ,
[290.0035981400201, 0.0195599775290957, 0.0128682660791551, -0.0026045305304568, -0.0024841847344847] ,
[300.0110348212024, 0.0188763995888753, 0.0124091020897173, -0.002412100507919, -0.0022885446239235] ,
[309.989449795802, 0.0182455495039099, 0.0119940714275886, -0.002242515257895, -0.0021314383025917] ,
[320.00657206577466, 0.0176642580436892, 0.0115755387267288, -0.0021001959809119, -0.0020010370806541] ,
[330.0143980398103, 0.01710065741534, 0.0112269352069246, -0.0019697962914872, -0.0018772109373731] ,
[340.0013612459632, 0.0165772343723305, 0.0108798423637181, -0.0018469714176028, -0.0017652309887829] ,
[350.0137972209747, 0.0161027467281986, 0.0105455665334509, -0.0017426803951124, -0.0016596448382442] ,
])

============================================================
 Configuration 
============================================================

[cz_run]
    False

[n_truc_list]
    [220]

[reduced_model]
    charge_pick

[calculate_ideal]
    False

[calculate_noise]
    True

[max_step_ideal]
    0.001

[max_step_noisy]
    0.001

[apply_decay]
    True

[apply_dephase]
    True

[decay_enlarge]
    1

[filter_ratio]
    0.3

[t1_tphi_other]
    170.0

[noise_dephase_path]
    ../data/flux_derivative_truc500/gamma_phi_2Q_truc500.npz

[tg_para]
    False

[num_cpus_ideal]
    4

[num_cpus_noisy]
    16

[folder_load]
    ../data/Two_qubit_data_Sorted_Truc

[n_job]
    1

[use_qt_fidelity]
    False

[tg_list]
    type: np.ndarray, shape=(33,)
    preview: [0, 1, 2, 3, 4, 5, 6, 7, 8, 9, 10, 11, 12, 13, 14, 15, 16, 17, 18, 19, 20, 21, 22, 23, 24, 25, 26, 27, 28, 29, 30, 31, 32]

[params]
    type: np.ndarray, shape=(33, 5)
      [30.001697955384586, 0.0950305175396984, 0.0559645068618822, -0.0229431699271981, -0.0204057266750115]
      [40.00555329107142, 0.0997266569033966, 0.0468645259519197, -0.0241556443510234, -0.0238998859507338]
      [50.00717830931639, 0.0944291005813748, 0.0423270716117916, -0.0244726373940417, -0.0245784916790838]
      [60.00042024820094, 0.0860268178307405, 0.039565720524842, -0.023818662476748, -0.0235933736698757]
      [70.00632025943978, 0.0754983495803452, 0.0375545096093446, -0.0220722397477199, -0.0217559292735076]
      [80.00717061124169, 0.0684685566636874, 0.0360858748811351, -0.0216656222370143, -0.0213664922732133]
      [90.0046789076465, 0.0612690428023734, 0.0328298867119061, -0.0175105475717894, -0.017426353484737]
      [99.98779143683356, 0.0552476173731895, 0.0303321720259133, -0.0136420988276629, -0.0133841863421664]
      [110.0055159768988, 0.0508369118785249, 0.0291812451875436, -0.0124040603840376, -0.0122055378773382]
      [120.00119888114236, 0.0481978180227306, 0.0284814967017705, -0.0120002915682024, -0.011662860296695]
      [130.008905, 0.044967, 0.0277549999999999, -0.0118439999999999, -0.011358]
      [140.00288939744678, 0.0431467453879589, 0.0270545541050772, -0.011586233235172, -0.0111996315667356]
      [150.00846555731022, 0.0404390857423315, 0.0256917484107477, -0.0105627393381496, -0.0101376638536502]
      [160.00104629807225, 0.0373113805354099, 0.0236015795141312, -0.0088118941912863, -0.0084700978037851]
      [169.98845121779, 0.0350587475358479, 0.0227281052475843, -0.008171614597858, -0.0078203204674472]
      [179.99589761254077, 0.0328832541895286, 0.0212971308778636, -0.007185671798851, -0.0068659107005359]
      [190.0061815101689, 0.0310264616235954, 0.020337860285735, -0.0065059880339002, -0.0062025883216323]
      [199.99401453701256, 0.0293043143621989, 0.0192834954612087, -0.0059127085392316, -0.0056141037736211]
      [209.99618971527585, 0.0278368128559825, 0.0183291404274668, -0.005360856933769, -0.0051053320872265]
      [219.99909373261687, 0.0264876862289486, 0.017445615653641, -0.0048355303614979, -0.0045954656713055]
      [229.99109523994065, 0.0251716061541493, 0.0166352003263415, -0.0043900766543292, -0.004180995743599]
      [240.0108912048089, 0.0239631904383156, 0.0158040359844451, -0.0039371847639625, -0.003761548654049]
      [250.0084828396148, 0.0229366099316889, 0.0150824158956933, -0.0035847106941062, -0.0034197203110569]
      [259.9984501511477, 0.0219985886800413, 0.0144568110549262, -0.0032781584268901, -0.0031272287510812]
      [269.9940653315073, 0.0211279347557808, 0.0139011410562856, -0.0030574791040716, -0.002902125861154]
      [279.99841150217577, 0.020309178872375, 0.0133432771175907, -0.0027877307758915, -0.0026596173599784]
      [290.0035981400201, 0.0195599775290957, 0.0128682660791551, -0.0026045305304568, -0.0024841847344847]
      [300.0110348212024, 0.0188763995888753, 0.0124091020897173, -0.002412100507919, -0.0022885446239235]
      [309.989449795802, 0.0182455495039099, 0.0119940714275886, -0.002242515257895, -0.0021314383025917]
      [320.00657206577466, 0.0176642580436892, 0.0115755387267288, -0.0021001959809119, -0.0020010370806541]
      [330.0143980398103, 0.01710065741534, 0.0112269352069246, -0.0019697962914872, -0.0018772109373731]
      [340.0013612459632, 0.0165772343723305, 0.0108798423637181, -0.0018469714176028, -0.0017652309887829]
      [350.0137972209747, 0.0161027467281986, 0.0105455665334509, -0.0017426803951124, -0.0016596448382442]

============================================================


===== n_truc = 220 =====

----- n_truc=220, tg=0 -----

hspace_select (len=220) = np.array([
'0-0', '0-1', '1-0', '0-2', '2-0', '0-4', '4-0', '1-1', '0-5', '2-1' ,
'5-0', '1-2', '0-8', '2-2', '8-0', '1-4', '4-1', '0-9', '2-4', '9-0' ,
'1-5', '5-1', '4-2', '0-12', '2-5', '1-8', '5-2', '12-0', '0-13', '0-16' ,
'8-1', '4-4', '13-0', '15-0', '2-8', '1-9', '9-1', '8-2', '5-4', '4-5' ,
'0-18', '2-9', '1-12', '0-20', '18-0', '0-21', '9-2', '12-1', '5-5', '0-24' ,
'4-8', '1-13', '20-0', '8-4', '1-16', '22-0', '2-12', '13-1', '24-0', '0-25' ,
'15-1', '0-26', '5-8', '4-9', '12-2', '2-13', '9-4', '2-16', '8-5', '13-2' ,
'25-0', '26-0', '1-18', '15-2', '0-28', '28-0', '5-9', '4-12', '0-30', '18-1' ,
'9-5', '12-4', '1-20', '1-21', '0-33', '8-8', '0-34', '0-35', '1-24', '2-18' ,
'0-36', '20-1', '4-13', '22-1', '4-16', '30-0', '13-4', '5-12', '15-4', '24-1' ,
'33-0', '18-2', '2-20', '2-21', '34-0', '8-9', '35-0', '1-25', '9-8', '1-26' ,
'0-39', '2-24', '12-5', '37-0', '5-13', '20-2', '5-16', '22-2', '13-5', '25-1' ,
'0-42', '24-2', '26-1', '15-5', '39-0', '2-25', '4-18', '2-26', '9-9', '8-12' ,
'28-1', '1-28', '18-4', '0-44', '41-0', '12-8', '1-30', '4-20', '0-45', '4-21' ,
'0-46', '25-2', '13-8', '1-33', '8-13', '20-4', '8-16', '22-4', '4-24', '26-2' ,
'5-18', '1-34', '15-8', '1-35', '30-1', '2-28', '1-36', '28-2', '9-12', '24-4' ,
'44-0', '12-9', '33-1', '45-0', '2-30', '18-5', '0-52', '0-53', '46-0', '34-1' ,
'5-20', '35-1', '5-21', '4-25', '4-26', '2-33', '13-9', '9-13', '1-39', '5-24' ,
'37-1', '9-16', '2-34', '2-35', '0-54', '20-5', '22-5', '2-36', '50-0', '51-0' ,
'30-2', '15-9', '25-4', '0-55', '26-4', '8-18', '24-5', '12-12', '39-1', '33-2' ,
'0-57', '1-42', '18-8', '34-2', '5-25', '28-4', '35-2', '54-0', '0-59', '5-26' ,
'4-28', '2-39', '41-1', '13-12', '37-2', '8-20', '0-60', '8-21', '12-16', '1-44' ,
])

index_select (len=220) = np.array([
0, 1, 2, 3, 4, 5, 6, 7, 8, 9 ,
10, 11, 12, 13, 14, 15, 16, 17, 18, 19 ,
20, 21, 22, 23, 24, 25, 26, 27, 28, 29 ,
30, 31, 32, 33, 34, 35, 36, 37, 38, 39 ,
40, 41, 42, 43, 44, 45, 46, 47, 48, 49 ,
50, 51, 52, 53, 54, 55, 56, 57, 58, 59 ,
60, 61, 62, 63, 64, 65, 66, 67, 68, 69 ,
70, 71, 72, 73, 74, 75, 76, 77, 78, 79 ,
80, 81, 82, 83, 84, 85, 86, 87, 88, 89 ,
90, 91, 92, 93, 94, 95, 96, 97, 98, 99 ,
100, 101, 102, 103, 104, 105, 106, 107, 108, 109 ,
110, 111, 112, 113, 114, 115, 116, 117, 118, 119 ,
120, 121, 122, 123, 124, 125, 126, 127, 128, 129 ,
130, 131, 132, 133, 134, 135, 136, 137, 138, 139 ,
140, 141, 142, 143, 144, 145, 146, 147, 148, 149 ,
150, 151, 152, 153, 154, 155, 156, 157, 158, 159 ,
160, 161, 162, 163, 164, 165, 166, 167, 168, 169 ,
170, 171, 172, 173, 174, 175, 176, 177, 178, 179 ,
180, 181, 182, 183, 184, 185, 186, 187, 188, 189 ,
190, 191, 192, 193, 194, 195, 196, 197, 198, 199 ,
200, 201, 202, 203, 204, 205, 206, 207, 208, 209 ,
210, 211, 212, 213, 214, 215, 216, 217, 218, 219 ,
])
noise source = ../data/flux_derivative_truc500/gamma_phi_2Q_truc500.npz
np.shape(c_op_list) = (367, 220, 220)
MemoryError: Could not allocate memory.
Exception ignored in: 'qutip.cy.spmath.raise_error_CSR'
Traceback (most recent call last):
  File "/home/zlqed/anaconda3/envs/zp2q/lib/python3.11/site-packages/qutip/fastsparse.py", line 175, in _mul_sparse_matrix
    A = zcsr_mult(self, other, sorted=1)
        ^^^^^^^^^^^^^^^^^^^^^^^^^^^^^^^^
MemoryError: Could not allocate memory.
MemoryError: Could not allocate memory.
Exception ignored in: 'qutip.cy.spmath.raise_error_CSR'
Traceback (most recent call last):
  File "/home/zlqed/anaconda3/envs/zp2q/lib/python3.11/site-packages/qutip/fastsparse.py", line 175, in _mul_sparse_matrix
    A = zcsr_mult(self, other, sorted=1)
        ^^^^^^^^^^^^^^^^^^^^^^^^^^^^^^^^
MemoryError: Could not allocate memory.
MemoryError: Could not allocate memory.
Exception ignored in: 'qutip.cy.spmath.raise_error_CSR'
Traceback (most recent call last):
  File "/home/zlqed/anaconda3/envs/zp2q/lib/python3.11/site-packages/qutip/fastsparse.py", line 175, in _mul_sparse_matrix
    A = zcsr_mult(self, other, sorted=1)
        ^^^^^^^^^^^^^^^^^^^^^^^^^^^^^^^^
MemoryError: Could not allocate memory.
MemoryError: Could not allocate memory.
Exception ignored in: 'qutip.cy.spmath.raise_error_CSR'
Traceback (most recent call last):
  File "/home/zlqed/anaconda3/envs/zp2q/lib/python3.11/site-packages/qutip/fastsparse.py", line 175, in _mul_sparse_matrix
    A = zcsr_mult(self, other, sorted=1)
        ^^^^^^^^^^^^^^^^^^^^^^^^^^^^^^^^
MemoryError: Could not allocate memory.
MemoryError: Could not allocate memory.
Exception ignored in: 'qutip.cy.spmath.raise_error_CSR'
Traceback (most recent call last):
  File "/home/zlqed/anaconda3/envs/zp2q/lib/python3.11/site-packages/qutip/fastsparse.py", line 175, in _mul_sparse_matrix
    A = zcsr_mult(self, other, sorted=1)
        ^^^^^^^^^^^^^^^^^^^^^^^^^^^^^^^^
MemoryError: Could not allocate memory.
MemoryError: Could not allocate memory.
Exception ignored in: 'qutip.cy.spmath.raise_error_CSR'
Traceback (most recent call last):
  File "/home/zlqed/anaconda3/envs/zp2q/lib/python3.11/site-packages/qutip/fastsparse.py", line 175, in _mul_sparse_matrix
    A = zcsr_mult(self, other, sorted=1)
        ^^^^^^^^^^^^^^^^^^^^^^^^^^^^^^^^
MemoryError: Could not allocate memory.
MemoryError: Could not allocate memory.
Exception ignored in: 'qutip.cy.spmath.raise_error_CSR'
Traceback (most recent call last):
  File "/home/zlqed/anaconda3/envs/zp2q/lib/python3.11/site-packages/qutip/fastsparse.py", line 175, in _mul_sparse_matrix
    A = zcsr_mult(self, other, sorted=1)
        ^^^^^^^^^^^^^^^^^^^^^^^^^^^^^^^^
MemoryError: Could not allocate memory.
MemoryError: Could not allocate memory.
Exception ignored in: 'qutip.cy.spmath.raise_error_CSR'
Traceback (most recent call last):
  File "/home/zlqed/anaconda3/envs/zp2q/lib/python3.11/site-packages/qutip/fastsparse.py", line 175, in _mul_sparse_matrix
    A = zcsr_mult(self, other, sorted=1)
        ^^^^^^^^^^^^^^^^^^^^^^^^^^^^^^^^
MemoryError: Could not allocate memory.
MemoryError: Could not allocate memory.
Exception ignored in: 'qutip.cy.spmath.raise_error_CSR'
Traceback (most recent call last):
  File "/home/zlqed/anaconda3/envs/zp2q/lib/python3.11/site-packages/qutip/fastsparse.py", line 175, in _mul_sparse_matrix
    A = zcsr_mult(self, other, sorted=1)
        ^^^^^^^^^^^^^^^^^^^^^^^^^^^^^^^^
MemoryError: Could not allocate memory.
MemoryError: Could not allocate memory.
Exception ignored in: 'qutip.cy.spmath.raise_error_CSR'
Traceback (most recent call last):
  File "/home/zlqed/anaconda3/envs/zp2q/lib/python3.11/site-packages/qutip/fastsparse.py", line 175, in _mul_sparse_matrix
    A = zcsr_mult(self, other, sorted=1)
        ^^^^^^^^^^^^^^^^^^^^^^^^^^^^^^^^
MemoryError: Could not allocate memory.
MemoryError: Could not allocate memory.
Exception ignored in: 'qutip.cy.spmath.raise_error_CSR'
Traceback (most recent call last):
  File "/home/zlqed/anaconda3/envs/zp2q/lib/python3.11/site-packages/qutip/fastsparse.py", line 175, in _mul_sparse_matrix
    A = zcsr_mult(self, other, sorted=1)
        ^^^^^^^^^^^^^^^^^^^^^^^^^^^^^^^^
MemoryError: Could not allocate memory.
MemoryError: Could not allocate memory.
Exception ignored in: 'qutip.cy.spmath.raise_error_CSR'
Traceback (most recent call last):
  File "/home/zlqed/anaconda3/envs/zp2q/lib/python3.11/site-packages/qutip/fastsparse.py", line 175, in _mul_sparse_matrix
    A = zcsr_mult(self, other, sorted=1)
        ^^^^^^^^^^^^^^^^^^^^^^^^^^^^^^^^
MemoryError: Could not allocate memory.
MemoryError: Could not allocate memory.
Exception ignored in: 'qutip.cy.spmath.raise_error_CSR'
Traceback (most recent call last):
  File "/home/zlqed/anaconda3/envs/zp2q/lib/python3.11/site-packages/qutip/fastsparse.py", line 175, in _mul_sparse_matrix
    A = zcsr_mult(self, other, sorted=1)
        ^^^^^^^^^^^^^^^^^^^^^^^^^^^^^^^^
MemoryError: Could not allocate memory.
MemoryError: Could not allocate memory.
Exception ignored in: 'qutip.cy.spmath.raise_error_CSR'
Traceback (most recent call last):
  File "/home/zlqed/anaconda3/envs/zp2q/lib/python3.11/site-packages/qutip/fastsparse.py", line 175, in _mul_sparse_matrix
    A = zcsr_mult(self, other, sorted=1)
        ^^^^^^^^^^^^^^^^^^^^^^^^^^^^^^^^
MemoryError: Could not allocate memory.
MemoryError: Could not allocate memory.
Exception ignored in: 'qutip.cy.spmath.raise_error_CSR'
Traceback (most recent call last):
  File "/home/zlqed/anaconda3/envs/zp2q/lib/python3.11/site-packages/qutip/fastsparse.py", line 175, in _mul_sparse_matrix
    A = zcsr_mult(self, other, sorted=1)
        ^^^^^^^^^^^^^^^^^^^^^^^^^^^^^^^^
MemoryError: Could not allocate memory.
MemoryError: Could not allocate memory.
Exception ignored in: 'qutip.cy.spmath.raise_error_CSR'
Traceback (most recent call last):
  File "/home/zlqed/anaconda3/envs/zp2q/lib/python3.11/site-packages/qutip/fastsparse.py", line 175, in _mul_sparse_matrix
    A = zcsr_mult(self, other, sorted=1)
        ^^^^^^^^^^^^^^^^^^^^^^^^^^^^^^^^
MemoryError: Could not allocate memory.
Traceback (most recent call last):
  File "/home/zlqed/anaconda3/envs/zp2q/lib/python3.11/site-packages/qutip/parallel.py", line 222, in parallel_map
    ar.wait(timeout=0.1)
  File "/home/zlqed/anaconda3/envs/zp2q/lib/python3.11/multiprocessing/pool.py", line 765, in wait
    self._event.wait(timeout)
  File "/home/zlqed/anaconda3/envs/zp2q/lib/python3.11/threading.py", line 629, in wait
    signaled = self._cond.wait(timeout)
               ^^^^^^^^^^^^^^^^^^^^^^^^
  File "/home/zlqed/anaconda3/envs/zp2q/lib/python3.11/threading.py", line 331, in wait
    gotit = waiter.acquire(True, timeout)
            ^^^^^^^^^^^^^^^^^^^^^^^^^^^^^
KeyboardInterrupt

During handling of the above exception, another exception occurred:

Traceback (most recent call last):
  File "/home/zlqed/two_qubit_gate/zeropi/two_qubit_gate_clean/cz/scripts/run_2q_fidelity.py", line 635, in main
    label = f"n_truc={n_truc}, tg={tg_label}"
                  ^^^^^^^^^^^^^^^^^^^^^^^^^^^
  File "/home/zlqed/two_qubit_gate/zeropi/two_qubit_gate_clean/cz/scripts/run_2q_fidelity.py", line 401, in run_one_truncation
    results["noise"] = run_gate_fidelity(
                       ^^^^^^^^^^^^^^^^^^
  File "/home/zlqed/two_qubit_gate/zeropi/two_qubit_gate_clean/cz/scripts/run_2q_fidelity.py", line 288, in run_gate_fidelity
    return Parallel(n_jobs=cfg["n_job"])(
           ^^^^^^^^^^^^^^^^^^^^^^^^^^^^^^
  File "/home/zlqed/anaconda3/envs/zp2q/lib/python3.11/site-packages/joblib/parallel.py", line 1986, in __call__
    return output if self.return_generator else list(output)
                                                ^^^^^^^^^^^^
  File "/home/zlqed/anaconda3/envs/zp2q/lib/python3.11/site-packages/joblib/parallel.py", line 1914, in _get_sequential_output
    res = func(*args, **kwargs)
          ^^^^^^^^^^^^^^^^^^^^^
  File "/home/zlqed/two_qubit_gate/zeropi/two_qubit_gate_clean/utils_2Q_gate_zp.py", line 465, in cnot_fidelity_log_noise
    return cnot_fidelity_log(arg_all)
           ^^^^^^^^^^^^^^^^^^^^^^^^^^
  File "/home/zlqed/two_qubit_gate/zeropi/two_qubit_gate_clean/utils_2Q_gate_zp.py", line 426, in cnot_fidelity_log
    propagator = get_propagator(H_qbt_drive, tlist, num_cpus, c_op_list, pulse_args, 
                 ^^^^^^^^^^^^^^^^^^^^^^^^^^^^^^^^^^^^^^^^^^^^^^^^^^^^^^^^^^^^^^^^^^^
  File "/home/zlqed/two_qubit_gate/zeropi/two_qubit_gate_clean/utils_2Q_gate_zp.py", line 1233, in get_propagator
    output = qt.parallel.parallel_map(
             ^^^^^^^^^^^^^^^^^^^^^^^^^
  File "/home/zlqed/anaconda3/envs/zp2q/lib/python3.11/site-packages/qutip/parallel.py", line 229, in parallel_map
    pool.terminate()
  File "/home/zlqed/anaconda3/envs/zp2q/lib/python3.11/multiprocessing/pool.py", line 657, in terminate
    self._terminate()
  File "/home/zlqed/anaconda3/envs/zp2q/lib/python3.11/multiprocessing/util.py", line 227, in __call__
    res = self._callback(*self._args, **self._kwargs)
          ^^^^^^^^^^^^^^^^^^^^^^^^^^^^^^^^^^^^^^^^^^^
  File "/home/zlqed/anaconda3/envs/zp2q/lib/python3.11/multiprocessing/pool.py", line 732, in _terminate_pool
    p.join()
  File "/home/zlqed/anaconda3/envs/zp2q/lib/python3.11/multiprocessing/process.py", line 149, in join
    res = self._popen.wait(timeout)
          ^^^^^^^^^^^^^^^^^^^^^^^^^
  File "/home/zlqed/anaconda3/envs/zp2q/lib/python3.11/multiprocessing/popen_fork.py", line 43, in wait
    return self.poll(os.WNOHANG if timeout == 0.0 else 0)
           ^^^^^^^^^^^^^^^^^^^^^^^^^^^^^^^^^^^^^^^^^^^^^^
  File "/home/zlqed/anaconda3/envs/zp2q/lib/python3.11/multiprocessing/popen_fork.py", line 27, in poll
    pid, sts = os.waitpid(self.pid, flag)
               ^^^^^^^^^^^^^^^^^^^^^^^^^^
KeyboardInterrupt

During handling of the above exception, another exception occurred:

Traceback (most recent call last):
  File "/home/zlqed/two_qubit_gate/zeropi/two_qubit_gate_clean/cz/scripts/run_2q_fidelity.py", line 680, in <module>
    if f_ideal_all:
    ^^^^^^
  File "/home/zlqed/two_qubit_gate/zeropi/two_qubit_gate_clean/cz/scripts/run_2q_fidelity.py", line 639, in main
    mem.start()
        ^^^^^^^^
  File "/home/zlqed/two_qubit_gate/zeropi/two_qubit_gate_clean/cz/scripts/run_2q_fidelity.py", line 74, in stop
    rss, pss = self._get_process_tree_memory()
               ^^^^^^^^^^^^^^^^^^^^^^^^^^^^^^^
  File "/home/zlqed/two_qubit_gate/zeropi/two_qubit_gate_clean/cz/scripts/run_2q_fidelity.py", line 48, in _get_process_tree_memory
    mem = proc.memory_full_info()
          ^^^^^^^^^^^^^^^^^^^^^^^
  File "/home/zlqed/anaconda3/envs/zp2q/lib/python3.11/site-packages/psutil/__init__.py", line 1155, in memory_full_info
    return self._proc.memory_full_info()
           ^^^^^^^^^^^^^^^^^^^^^^^^^^^^^
  File "/home/zlqed/anaconda3/envs/zp2q/lib/python3.11/site-packages/psutil/_pslinux.py", line 1638, in wrapper
    return fun(self, *args, **kwargs)
           ^^^^^^^^^^^^^^^^^^^^^^^^^^
  File "/home/zlqed/anaconda3/envs/zp2q/lib/python3.11/site-packages/psutil/_pslinux.py", line 1985, in memory_full_info
    uss, pss, swap = self._parse_smaps_rollup()
                     ^^^^^^^^^^^^^^^^^^^^^^^^^^
  File "/home/zlqed/anaconda3/envs/zp2q/lib/python3.11/site-packages/psutil/_pslinux.py", line 1943, in _parse_smaps_rollup
    if line.startswith(b"Private_"):
       ^^^^^^^^^^^^^^^^^^^^^^^^^^^^
KeyboardInterrupt
Exception ignored in atexit callback: <function _exit_function at 0x7ff3e33ce840>
Traceback (most recent call last):
  File "/home/zlqed/anaconda3/envs/zp2q/lib/python3.11/multiprocessing/util.py", line 360, in _exit_function
    p.join()
  File "/home/zlqed/anaconda3/envs/zp2q/lib/python3.11/multiprocessing/process.py", line 149, in join
    res = self._popen.wait(timeout)
          ^^^^^^^^^^^^^^^^^^^^^^^^^
  File "/home/zlqed/anaconda3/envs/zp2q/lib/python3.11/multiprocessing/popen_fork.py", line 43, in wait
    return self.poll(os.WNOHANG if timeout == 0.0 else 0)
           ^^^^^^^^^^^^^^^^^^^^^^^^^^^^^^^^^^^^^^^^^^^^^^
  File "/home/zlqed/anaconda3/envs/zp2q/lib/python3.11/multiprocessing/popen_fork.py", line 27, in poll
    pid, sts = os.waitpid(self.pid, flag)
               ^^^^^^^^^^^^^^^^^^^^^^^^^^
KeyboardInterrupt: 
