run_2q_fidelity.py

Current China Time: 2026-07-31 15:46:25.748791+08:00

params = np.array([
[20.0396, 0.042986, 0.024999] ,
[26.093888, 0.014711, 0.005774] ,
[32.051075, 0.038251, 0.013537] ,
[38.051728, 0.042323, 0.017513] ,
[44.045552, 0.032456, 0.024949] ,
[50.061226, 0.0273, 0.027376] ,
[56.069465, 0.022632, 0.026119] ,
[62.05419, 0.021118, 0.016864] ,
[68.034924, 0.018637, 0.016083] ,
[74.047574, 0.016614, 0.015243] ,
[80.077779, 0.022211, 0.025875] ,
[86.105841, 0.019796, 0.025541] ,
[91.948301, 0.017913, 0.02519] ,
[97.911043, 0.016379, 0.024548] ,
[104.063579, 0.015087, 0.022589] ,
[110.011572, 0.014146, 0.020779] ,
[116.081819, 0.013307, 0.020056] ,
[121.899104, 0.012552, 0.019398] ,
[127.989493, 0.011846, 0.018614] ,
[134.04404, 0.011216, 0.01771] ,
[140.029224, 0.010651, 0.016991] ,
[146.026626, 0.010146, 0.016335] ,
[151.995423, 0.009679, 0.01572] ,
[158.03957, 0.009263, 0.015107] ,
[164.005209, 0.008876, 0.014574] ,
[170.004681, 0.008521, 0.01407] ,
[176.000245, 0.00819, 0.013584] ,
[182.010007, 0.00788, 0.013127] ,
[188.012436, 0.007596, 0.01271] ,
[193.987562, 0.007333, 0.012326] ,
])

============================================================
 Configuration 
============================================================

[cz_run]
    True

[n_truc_list]
    [200]

[reduced_model]
    charge_pick

[calculate_ideal]
    True

[calculate_noise]
    False

[max_step_ideal]
    0.001

[max_step_noisy]
    0.001

[apply_decay]
    True

[apply_dephase]
    True

[decay_enlarge]
    1

[filter_ratio]
    0.3

[t1_tphi_other]
    170

[noise_dephase_path]
    ../data/flux_derivative_truc500/gamma_phi_2Q_truc500.npz

[tg_para]
    False

[num_cpus_ideal]
    4

[num_cpus_noisy]
    16

[folder_load]
    ../data/Two_qubit_data_Sorted_Truc

[n_job]
    10

[use_qt_fidelity]
    False

[tg_list]
    type: np.ndarray, shape=(30,)
    preview: [0, 1, 2, 3, 4, 5, 6, 7, 8, 9, 10, 11, 12, 13, 14, 15, 16, 17, 18, 19, 20, 21, 22, 23, 24, 25, 26, 27, 28, 29]

[params]
    type: np.ndarray, shape=(30, 3)
      [20.0396, 0.042986, 0.024999]
      [26.093888, 0.014711, 0.005774]
      [32.051075, 0.038251, 0.013537]
      [38.051728, 0.042323, 0.017513]
      [44.045552, 0.032456, 0.024949]
      [50.061226, 0.0273, 0.027376]
      [56.069465, 0.022632, 0.026119]
      [62.05419, 0.021118, 0.016864]
      [68.034924, 0.018637, 0.016083]
      [74.047574, 0.016614, 0.015243]
      [80.077779, 0.022211, 0.025875]
      [86.105841, 0.019796, 0.025541]
      [91.948301, 0.017913, 0.02519]
      [97.911043, 0.016379, 0.024548]
      [104.063579, 0.015087, 0.022589]
      [110.011572, 0.014146, 0.020779]
      [116.081819, 0.013307, 0.020056]
      [121.899104, 0.012552, 0.019398]
      [127.989493, 0.011846, 0.018614]
      [134.04404, 0.011216, 0.01771]
      [140.029224, 0.010651, 0.016991]
      [146.026626, 0.010146, 0.016335]
      [151.995423, 0.009679, 0.01572]
      [158.03957, 0.009263, 0.015107]
      [164.005209, 0.008876, 0.014574]
      [170.004681, 0.008521, 0.01407]
      [176.000245, 0.00819, 0.013584]
      [182.010007, 0.00788, 0.013127]
      [188.012436, 0.007596, 0.01271]
      [193.987562, 0.007333, 0.012326]

============================================================


===== n_truc = 200 =====

----- n_truc=200, tg=0 -----

hspace_select (len=200) = np.array([
'0-0', '0-1', '1-0', '0-2', '2-0', '0-4', '4-0', '1-1', '0-5', '2-1' ,
'5-0', '1-2', '0-8', '2-2', '8-0', '1-4', '4-1', '0-9', '2-4', '9-0' ,
'1-5', '5-1', '4-2', '0-12', '2-5', '1-8', '5-2', '12-0', '0-13', '0-16' ,
'8-1', '4-4', '13-0', '15-0', '2-8', '1-9', '9-1', '8-2', '5-4', '4-5' ,
'0-18', '2-9', '1-12', '0-20', '18-0', '0-21', '9-2', '12-1', '5-5', '0-24' ,
'4-8', '1-13', '20-0', '8-4', '1-16', '22-0', '2-12', '13-1', '24-0', '0-25' ,
'15-1', '0-26', '5-8', '4-9', '12-2', '2-13', '9-4', '2-16', '8-5', '13-2' ,
'25-0', '26-0', '1-18', '15-2', '0-28', '28-0', '5-9', '4-12', '0-30', '18-1' ,
'9-5', '12-4', '1-20', '1-21', '0-33', '8-8', '0-34', '0-35', '1-24', '2-18' ,
'0-36', '20-1', '4-13', '22-1', '4-16', '30-0', '13-4', '5-12', '15-4', '24-1' ,
'33-0', '18-2', '2-20', '2-21', '34-0', '8-9', '35-0', '1-25', '9-8', '1-26' ,
'0-39', '2-24', '12-5', '37-0', '5-13', '20-2', '5-16', '22-2', '13-5', '25-1' ,
'0-42', '24-2', '26-1', '15-5', '39-0', '2-25', '4-18', '2-26', '9-9', '8-12' ,
'28-1', '1-28', '18-4', '0-44', '41-0', '12-8', '1-30', '4-20', '0-45', '4-21' ,
'0-46', '25-2', '13-8', '1-33', '8-13', '20-4', '8-16', '22-4', '4-24', '26-2' ,
'5-18', '1-34', '15-8', '1-35', '30-1', '2-28', '1-36', '28-2', '9-12', '24-4' ,
'44-0', '12-9', '33-1', '45-0', '2-30', '18-5', '0-52', '0-53', '46-0', '34-1' ,
'5-20', '35-1', '5-21', '4-25', '4-26', '2-33', '13-9', '9-13', '1-39', '5-24' ,
'37-1', '9-16', '2-34', '2-35', '0-54', '20-5', '22-5', '2-36', '50-0', '51-0' ,
'30-2', '15-9', '25-4', '0-55', '26-4', '8-18', '24-5', '12-12', '39-1', '33-2' ,
])

index_select (len=200) = np.array([
0, 1, 2, 3, 4, 5, 6, 7, 8, 9 ,
10, 11, 12, 13, 14, 15, 16, 17, 18, 19 ,
20, 21, 22, 23, 24, 25, 26, 27, 28, 29 ,
30, 31, 32, 33, 34, 35, 36, 37, 38, 39 ,
40, 41, 42, 43, 44, 45, 46, 47, 48, 49 ,
50, 51, 52, 53, 54, 55, 56, 57, 58, 59 ,
60, 61, 62, 63, 64, 65, 66, 67, 68, 69 ,
70, 71, 72, 73, 74, 75, 76, 77, 78, 79 ,
80, 81, 82, 83, 84, 85, 86, 87, 88, 89 ,
90, 91, 92, 93, 94, 95, 96, 97, 98, 99 ,
100, 101, 102, 103, 104, 105, 106, 107, 108, 109 ,
110, 111, 112, 113, 114, 115, 116, 117, 118, 119 ,
120, 121, 122, 123, 124, 125, 126, 127, 128, 129 ,
130, 131, 132, 133, 134, 135, 136, 137, 138, 139 ,
140, 141, 142, 143, 144, 145, 146, 147, 148, 149 ,
150, 151, 152, 153, 154, 155, 156, 157, 158, 159 ,
160, 161, 162, 163, 164, 165, 166, 167, 168, 169 ,
170, 171, 172, 173, 174, 175, 176, 177, 178, 179 ,
180, 181, 182, 183, 184, 185, 186, 187, 188, 189 ,
190, 191, 192, 193, 194, 195, 196, 197, 198, 199 ,
])

f_ideal_200 = np.array([
-0.50140739 ,
])

===== Memory usage =====
[n_truc=200, tg=0] Peak RSS: 8.32 GB
[n_truc=200, tg=0] Peak PSS: 1.69 GB

Current China Time: 2026-07-31 15:46:28.416782+08:00

============================================================


----- n_truc=200, tg=1 -----

hspace_select (len=200) = np.array([
'0-0', '0-1', '1-0', '0-2', '2-0', '0-4', '4-0', '1-1', '0-5', '2-1' ,
'5-0', '1-2', '0-8', '2-2', '8-0', '1-4', '4-1', '0-9', '2-4', '9-0' ,
'1-5', '5-1', '4-2', '0-12', '2-5', '1-8', '5-2', '12-0', '0-13', '0-16' ,
'8-1', '4-4', '13-0', '15-0', '2-8', '1-9', '9-1', '8-2', '5-4', '4-5' ,
'0-18', '2-9', '1-12', '0-20', '18-0', '0-21', '9-2', '12-1', '5-5', '0-24' ,
'4-8', '1-13', '20-0', '8-4', '1-16', '22-0', '2-12', '13-1', '24-0', '0-25' ,
'15-1', '0-26', '5-8', '4-9', '12-2', '2-13', '9-4', '2-16', '8-5', '13-2' ,
'25-0', '26-0', '1-18', '15-2', '0-28', '28-0', '5-9', '4-12', '0-30', '18-1' ,
'9-5', '12-4', '1-20', '1-21', '0-33', '8-8', '0-34', '0-35', '1-24', '2-18' ,
'0-36', '20-1', '4-13', '22-1', '4-16', '30-0', '13-4', '5-12', '15-4', '24-1' ,
'33-0', '18-2', '2-20', '2-21', '34-0', '8-9', '35-0', '1-25', '9-8', '1-26' ,
'0-39', '2-24', '12-5', '37-0', '5-13', '20-2', '5-16', '22-2', '13-5', '25-1' ,
'0-42', '24-2', '26-1', '15-5', '39-0', '2-25', '4-18', '2-26', '9-9', '8-12' ,
'28-1', '1-28', '18-4', '0-44', '41-0', '12-8', '1-30', '4-20', '0-45', '4-21' ,
'0-46', '25-2', '13-8', '1-33', '8-13', '20-4', '8-16', '22-4', '4-24', '26-2' ,
'5-18', '1-34', '15-8', '1-35', '30-1', '2-28', '1-36', '28-2', '9-12', '24-4' ,
'44-0', '12-9', '33-1', '45-0', '2-30', '18-5', '0-52', '0-53', '46-0', '34-1' ,
'5-20', '35-1', '5-21', '4-25', '4-26', '2-33', '13-9', '9-13', '1-39', '5-24' ,
'37-1', '9-16', '2-34', '2-35', '0-54', '20-5', '22-5', '2-36', '50-0', '51-0' ,
'30-2', '15-9', '25-4', '0-55', '26-4', '8-18', '24-5', '12-12', '39-1', '33-2' ,
])

index_select (len=200) = np.array([
0, 1, 2, 3, 4, 5, 6, 7, 8, 9 ,
10, 11, 12, 13, 14, 15, 16, 17, 18, 19 ,
20, 21, 22, 23, 24, 25, 26, 27, 28, 29 ,
30, 31, 32, 33, 34, 35, 36, 37, 38, 39 ,
40, 41, 42, 43, 44, 45, 46, 47, 48, 49 ,
50, 51, 52, 53, 54, 55, 56, 57, 58, 59 ,
60, 61, 62, 63, 64, 65, 66, 67, 68, 69 ,
70, 71, 72, 73, 74, 75, 76, 77, 78, 79 ,
80, 81, 82, 83, 84, 85, 86, 87, 88, 89 ,
90, 91, 92, 93, 94, 95, 96, 97, 98, 99 ,
100, 101, 102, 103, 104, 105, 106, 107, 108, 109 ,
110, 111, 112, 113, 114, 115, 116, 117, 118, 119 ,
120, 121, 122, 123, 124, 125, 126, 127, 128, 129 ,
130, 131, 132, 133, 134, 135, 136, 137, 138, 139 ,
140, 141, 142, 143, 144, 145, 146, 147, 148, 149 ,
150, 151, 152, 153, 154, 155, 156, 157, 158, 159 ,
160, 161, 162, 163, 164, 165, 166, 167, 168, 169 ,
170, 171, 172, 173, 174, 175, 176, 177, 178, 179 ,
180, 181, 182, 183, 184, 185, 186, 187, 188, 189 ,
190, 191, 192, 193, 194, 195, 196, 197, 198, 199 ,
])

f_ideal_200 = np.array([
-0.22356995 ,
])

===== Memory usage =====
[n_truc=200, tg=1] Peak RSS: 8.34 GB
[n_truc=200, tg=1] Peak PSS: 1.70 GB

Current China Time: 2026-07-31 15:46:30.034044+08:00

============================================================


----- n_truc=200, tg=2 -----

hspace_select (len=200) = np.array([
'0-0', '0-1', '1-0', '0-2', '2-0', '0-4', '4-0', '1-1', '0-5', '2-1' ,
'5-0', '1-2', '0-8', '2-2', '8-0', '1-4', '4-1', '0-9', '2-4', '9-0' ,
'1-5', '5-1', '4-2', '0-12', '2-5', '1-8', '5-2', '12-0', '0-13', '0-16' ,
'8-1', '4-4', '13-0', '15-0', '2-8', '1-9', '9-1', '8-2', '5-4', '4-5' ,
'0-18', '2-9', '1-12', '0-20', '18-0', '0-21', '9-2', '12-1', '5-5', '0-24' ,
'4-8', '1-13', '20-0', '8-4', '1-16', '22-0', '2-12', '13-1', '24-0', '0-25' ,
'15-1', '0-26', '5-8', '4-9', '12-2', '2-13', '9-4', '2-16', '8-5', '13-2' ,
'25-0', '26-0', '1-18', '15-2', '0-28', '28-0', '5-9', '4-12', '0-30', '18-1' ,
'9-5', '12-4', '1-20', '1-21', '0-33', '8-8', '0-34', '0-35', '1-24', '2-18' ,
'0-36', '20-1', '4-13', '22-1', '4-16', '30-0', '13-4', '5-12', '15-4', '24-1' ,
'33-0', '18-2', '2-20', '2-21', '34-0', '8-9', '35-0', '1-25', '9-8', '1-26' ,
'0-39', '2-24', '12-5', '37-0', '5-13', '20-2', '5-16', '22-2', '13-5', '25-1' ,
'0-42', '24-2', '26-1', '15-5', '39-0', '2-25', '4-18', '2-26', '9-9', '8-12' ,
'28-1', '1-28', '18-4', '0-44', '41-0', '12-8', '1-30', '4-20', '0-45', '4-21' ,
'0-46', '25-2', '13-8', '1-33', '8-13', '20-4', '8-16', '22-4', '4-24', '26-2' ,
'5-18', '1-34', '15-8', '1-35', '30-1', '2-28', '1-36', '28-2', '9-12', '24-4' ,
'44-0', '12-9', '33-1', '45-0', '2-30', '18-5', '0-52', '0-53', '46-0', '34-1' ,
'5-20', '35-1', '5-21', '4-25', '4-26', '2-33', '13-9', '9-13', '1-39', '5-24' ,
'37-1', '9-16', '2-34', '2-35', '0-54', '20-5', '22-5', '2-36', '50-0', '51-0' ,
'30-2', '15-9', '25-4', '0-55', '26-4', '8-18', '24-5', '12-12', '39-1', '33-2' ,
])

index_select (len=200) = np.array([
0, 1, 2, 3, 4, 5, 6, 7, 8, 9 ,
10, 11, 12, 13, 14, 15, 16, 17, 18, 19 ,
20, 21, 22, 23, 24, 25, 26, 27, 28, 29 ,
30, 31, 32, 33, 34, 35, 36, 37, 38, 39 ,
40, 41, 42, 43, 44, 45, 46, 47, 48, 49 ,
50, 51, 52, 53, 54, 55, 56, 57, 58, 59 ,
60, 61, 62, 63, 64, 65, 66, 67, 68, 69 ,
70, 71, 72, 73, 74, 75, 76, 77, 78, 79 ,
80, 81, 82, 83, 84, 85, 86, 87, 88, 89 ,
90, 91, 92, 93, 94, 95, 96, 97, 98, 99 ,
100, 101, 102, 103, 104, 105, 106, 107, 108, 109 ,
110, 111, 112, 113, 114, 115, 116, 117, 118, 119 ,
120, 121, 122, 123, 124, 125, 126, 127, 128, 129 ,
130, 131, 132, 133, 134, 135, 136, 137, 138, 139 ,
140, 141, 142, 143, 144, 145, 146, 147, 148, 149 ,
150, 151, 152, 153, 154, 155, 156, 157, 158, 159 ,
160, 161, 162, 163, 164, 165, 166, 167, 168, 169 ,
170, 171, 172, 173, 174, 175, 176, 177, 178, 179 ,
180, 181, 182, 183, 184, 185, 186, 187, 188, 189 ,
190, 191, 192, 193, 194, 195, 196, 197, 198, 199 ,
])

f_ideal_200 = np.array([
-0.28983339 ,
])

===== Memory usage =====
[n_truc=200, tg=2] Peak RSS: 8.35 GB
[n_truc=200, tg=2] Peak PSS: 1.70 GB

Current China Time: 2026-07-31 15:46:31.893451+08:00

============================================================


----- n_truc=200, tg=3 -----

hspace_select (len=200) = np.array([
'0-0', '0-1', '1-0', '0-2', '2-0', '0-4', '4-0', '1-1', '0-5', '2-1' ,
'5-0', '1-2', '0-8', '2-2', '8-0', '1-4', '4-1', '0-9', '2-4', '9-0' ,
'1-5', '5-1', '4-2', '0-12', '2-5', '1-8', '5-2', '12-0', '0-13', '0-16' ,
'8-1', '4-4', '13-0', '15-0', '2-8', '1-9', '9-1', '8-2', '5-4', '4-5' ,
'0-18', '2-9', '1-12', '0-20', '18-0', '0-21', '9-2', '12-1', '5-5', '0-24' ,
'4-8', '1-13', '20-0', '8-4', '1-16', '22-0', '2-12', '13-1', '24-0', '0-25' ,
'15-1', '0-26', '5-8', '4-9', '12-2', '2-13', '9-4', '2-16', '8-5', '13-2' ,
'25-0', '26-0', '1-18', '15-2', '0-28', '28-0', '5-9', '4-12', '0-30', '18-1' ,
'9-5', '12-4', '1-20', '1-21', '0-33', '8-8', '0-34', '0-35', '1-24', '2-18' ,
'0-36', '20-1', '4-13', '22-1', '4-16', '30-0', '13-4', '5-12', '15-4', '24-1' ,
'33-0', '18-2', '2-20', '2-21', '34-0', '8-9', '35-0', '1-25', '9-8', '1-26' ,
'0-39', '2-24', '12-5', '37-0', '5-13', '20-2', '5-16', '22-2', '13-5', '25-1' ,
'0-42', '24-2', '26-1', '15-5', '39-0', '2-25', '4-18', '2-26', '9-9', '8-12' ,
'28-1', '1-28', '18-4', '0-44', '41-0', '12-8', '1-30', '4-20', '0-45', '4-21' ,
'0-46', '25-2', '13-8', '1-33', '8-13', '20-4', '8-16', '22-4', '4-24', '26-2' ,
'5-18', '1-34', '15-8', '1-35', '30-1', '2-28', '1-36', '28-2', '9-12', '24-4' ,
'44-0', '12-9', '33-1', '45-0', '2-30', '18-5', '0-52', '0-53', '46-0', '34-1' ,
'5-20', '35-1', '5-21', '4-25', '4-26', '2-33', '13-9', '9-13', '1-39', '5-24' ,
'37-1', '9-16', '2-34', '2-35', '0-54', '20-5', '22-5', '2-36', '50-0', '51-0' ,
'30-2', '15-9', '25-4', '0-55', '26-4', '8-18', '24-5', '12-12', '39-1', '33-2' ,
])

index_select (len=200) = np.array([
0, 1, 2, 3, 4, 5, 6, 7, 8, 9 ,
10, 11, 12, 13, 14, 15, 16, 17, 18, 19 ,
20, 21, 22, 23, 24, 25, 26, 27, 28, 29 ,
30, 31, 32, 33, 34, 35, 36, 37, 38, 39 ,
40, 41, 42, 43, 44, 45, 46, 47, 48, 49 ,
50, 51, 52, 53, 54, 55, 56, 57, 58, 59 ,
60, 61, 62, 63, 64, 65, 66, 67, 68, 69 ,
70, 71, 72, 73, 74, 75, 76, 77, 78, 79 ,
80, 81, 82, 83, 84, 85, 86, 87, 88, 89 ,
90, 91, 92, 93, 94, 95, 96, 97, 98, 99 ,
100, 101, 102, 103, 104, 105, 106, 107, 108, 109 ,
110, 111, 112, 113, 114, 115, 116, 117, 118, 119 ,
120, 121, 122, 123, 124, 125, 126, 127, 128, 129 ,
130, 131, 132, 133, 134, 135, 136, 137, 138, 139 ,
140, 141, 142, 143, 144, 145, 146, 147, 148, 149 ,
150, 151, 152, 153, 154, 155, 156, 157, 158, 159 ,
160, 161, 162, 163, 164, 165, 166, 167, 168, 169 ,
170, 171, 172, 173, 174, 175, 176, 177, 178, 179 ,
180, 181, 182, 183, 184, 185, 186, 187, 188, 189 ,
190, 191, 192, 193, 194, 195, 196, 197, 198, 199 ,
])

f_ideal_200 = np.array([
-0.47652255 ,
])

===== Memory usage =====
[n_truc=200, tg=3] Peak RSS: 8.36 GB
[n_truc=200, tg=3] Peak PSS: 1.71 GB

Current China Time: 2026-07-31 15:46:34.070747+08:00

============================================================


----- n_truc=200, tg=4 -----

hspace_select (len=200) = np.array([
'0-0', '0-1', '1-0', '0-2', '2-0', '0-4', '4-0', '1-1', '0-5', '2-1' ,
'5-0', '1-2', '0-8', '2-2', '8-0', '1-4', '4-1', '0-9', '2-4', '9-0' ,
'1-5', '5-1', '4-2', '0-12', '2-5', '1-8', '5-2', '12-0', '0-13', '0-16' ,
'8-1', '4-4', '13-0', '15-0', '2-8', '1-9', '9-1', '8-2', '5-4', '4-5' ,
'0-18', '2-9', '1-12', '0-20', '18-0', '0-21', '9-2', '12-1', '5-5', '0-24' ,
'4-8', '1-13', '20-0', '8-4', '1-16', '22-0', '2-12', '13-1', '24-0', '0-25' ,
'15-1', '0-26', '5-8', '4-9', '12-2', '2-13', '9-4', '2-16', '8-5', '13-2' ,
'25-0', '26-0', '1-18', '15-2', '0-28', '28-0', '5-9', '4-12', '0-30', '18-1' ,
'9-5', '12-4', '1-20', '1-21', '0-33', '8-8', '0-34', '0-35', '1-24', '2-18' ,
'0-36', '20-1', '4-13', '22-1', '4-16', '30-0', '13-4', '5-12', '15-4', '24-1' ,
'33-0', '18-2', '2-20', '2-21', '34-0', '8-9', '35-0', '1-25', '9-8', '1-26' ,
'0-39', '2-24', '12-5', '37-0', '5-13', '20-2', '5-16', '22-2', '13-5', '25-1' ,
'0-42', '24-2', '26-1', '15-5', '39-0', '2-25', '4-18', '2-26', '9-9', '8-12' ,
'28-1', '1-28', '18-4', '0-44', '41-0', '12-8', '1-30', '4-20', '0-45', '4-21' ,
'0-46', '25-2', '13-8', '1-33', '8-13', '20-4', '8-16', '22-4', '4-24', '26-2' ,
'5-18', '1-34', '15-8', '1-35', '30-1', '2-28', '1-36', '28-2', '9-12', '24-4' ,
'44-0', '12-9', '33-1', '45-0', '2-30', '18-5', '0-52', '0-53', '46-0', '34-1' ,
'5-20', '35-1', '5-21', '4-25', '4-26', '2-33', '13-9', '9-13', '1-39', '5-24' ,
'37-1', '9-16', '2-34', '2-35', '0-54', '20-5', '22-5', '2-36', '50-0', '51-0' ,
'30-2', '15-9', '25-4', '0-55', '26-4', '8-18', '24-5', '12-12', '39-1', '33-2' ,
])

index_select (len=200) = np.array([
0, 1, 2, 3, 4, 5, 6, 7, 8, 9 ,
10, 11, 12, 13, 14, 15, 16, 17, 18, 19 ,
20, 21, 22, 23, 24, 25, 26, 27, 28, 29 ,
30, 31, 32, 33, 34, 35, 36, 37, 38, 39 ,
40, 41, 42, 43, 44, 45, 46, 47, 48, 49 ,
50, 51, 52, 53, 54, 55, 56, 57, 58, 59 ,
60, 61, 62, 63, 64, 65, 66, 67, 68, 69 ,
70, 71, 72, 73, 74, 75, 76, 77, 78, 79 ,
80, 81, 82, 83, 84, 85, 86, 87, 88, 89 ,
90, 91, 92, 93, 94, 95, 96, 97, 98, 99 ,
100, 101, 102, 103, 104, 105, 106, 107, 108, 109 ,
110, 111, 112, 113, 114, 115, 116, 117, 118, 119 ,
120, 121, 122, 123, 124, 125, 126, 127, 128, 129 ,
130, 131, 132, 133, 134, 135, 136, 137, 138, 139 ,
140, 141, 142, 143, 144, 145, 146, 147, 148, 149 ,
150, 151, 152, 153, 154, 155, 156, 157, 158, 159 ,
160, 161, 162, 163, 164, 165, 166, 167, 168, 169 ,
170, 171, 172, 173, 174, 175, 176, 177, 178, 179 ,
180, 181, 182, 183, 184, 185, 186, 187, 188, 189 ,
190, 191, 192, 193, 194, 195, 196, 197, 198, 199 ,
])

f_ideal_200 = np.array([
-0.99533249 ,
])

===== Memory usage =====
[n_truc=200, tg=4] Peak RSS: 8.37 GB
[n_truc=200, tg=4] Peak PSS: 1.71 GB

Current China Time: 2026-07-31 15:46:36.521528+08:00

============================================================


----- n_truc=200, tg=5 -----

hspace_select (len=200) = np.array([
'0-0', '0-1', '1-0', '0-2', '2-0', '0-4', '4-0', '1-1', '0-5', '2-1' ,
'5-0', '1-2', '0-8', '2-2', '8-0', '1-4', '4-1', '0-9', '2-4', '9-0' ,
'1-5', '5-1', '4-2', '0-12', '2-5', '1-8', '5-2', '12-0', '0-13', '0-16' ,
'8-1', '4-4', '13-0', '15-0', '2-8', '1-9', '9-1', '8-2', '5-4', '4-5' ,
'0-18', '2-9', '1-12', '0-20', '18-0', '0-21', '9-2', '12-1', '5-5', '0-24' ,
'4-8', '1-13', '20-0', '8-4', '1-16', '22-0', '2-12', '13-1', '24-0', '0-25' ,
'15-1', '0-26', '5-8', '4-9', '12-2', '2-13', '9-4', '2-16', '8-5', '13-2' ,
'25-0', '26-0', '1-18', '15-2', '0-28', '28-0', '5-9', '4-12', '0-30', '18-1' ,
'9-5', '12-4', '1-20', '1-21', '0-33', '8-8', '0-34', '0-35', '1-24', '2-18' ,
'0-36', '20-1', '4-13', '22-1', '4-16', '30-0', '13-4', '5-12', '15-4', '24-1' ,
'33-0', '18-2', '2-20', '2-21', '34-0', '8-9', '35-0', '1-25', '9-8', '1-26' ,
'0-39', '2-24', '12-5', '37-0', '5-13', '20-2', '5-16', '22-2', '13-5', '25-1' ,
'0-42', '24-2', '26-1', '15-5', '39-0', '2-25', '4-18', '2-26', '9-9', '8-12' ,
'28-1', '1-28', '18-4', '0-44', '41-0', '12-8', '1-30', '4-20', '0-45', '4-21' ,
'0-46', '25-2', '13-8', '1-33', '8-13', '20-4', '8-16', '22-4', '4-24', '26-2' ,
'5-18', '1-34', '15-8', '1-35', '30-1', '2-28', '1-36', '28-2', '9-12', '24-4' ,
'44-0', '12-9', '33-1', '45-0', '2-30', '18-5', '0-52', '0-53', '46-0', '34-1' ,
'5-20', '35-1', '5-21', '4-25', '4-26', '2-33', '13-9', '9-13', '1-39', '5-24' ,
'37-1', '9-16', '2-34', '2-35', '0-54', '20-5', '22-5', '2-36', '50-0', '51-0' ,
'30-2', '15-9', '25-4', '0-55', '26-4', '8-18', '24-5', '12-12', '39-1', '33-2' ,
])

index_select (len=200) = np.array([
0, 1, 2, 3, 4, 5, 6, 7, 8, 9 ,
10, 11, 12, 13, 14, 15, 16, 17, 18, 19 ,
20, 21, 22, 23, 24, 25, 26, 27, 28, 29 ,
30, 31, 32, 33, 34, 35, 36, 37, 38, 39 ,
40, 41, 42, 43, 44, 45, 46, 47, 48, 49 ,
50, 51, 52, 53, 54, 55, 56, 57, 58, 59 ,
60, 61, 62, 63, 64, 65, 66, 67, 68, 69 ,
70, 71, 72, 73, 74, 75, 76, 77, 78, 79 ,
80, 81, 82, 83, 84, 85, 86, 87, 88, 89 ,
90, 91, 92, 93, 94, 95, 96, 97, 98, 99 ,
100, 101, 102, 103, 104, 105, 106, 107, 108, 109 ,
110, 111, 112, 113, 114, 115, 116, 117, 118, 119 ,
120, 121, 122, 123, 124, 125, 126, 127, 128, 129 ,
130, 131, 132, 133, 134, 135, 136, 137, 138, 139 ,
140, 141, 142, 143, 144, 145, 146, 147, 148, 149 ,
150, 151, 152, 153, 154, 155, 156, 157, 158, 159 ,
160, 161, 162, 163, 164, 165, 166, 167, 168, 169 ,
170, 171, 172, 173, 174, 175, 176, 177, 178, 179 ,
180, 181, 182, 183, 184, 185, 186, 187, 188, 189 ,
190, 191, 192, 193, 194, 195, 196, 197, 198, 199 ,
])

f_ideal_200 = np.array([
-1.09370078 ,
])

===== Memory usage =====
[n_truc=200, tg=5] Peak RSS: 8.37 GB
[n_truc=200, tg=5] Peak PSS: 1.71 GB

Current China Time: 2026-07-31 15:46:39.156085+08:00

============================================================


----- n_truc=200, tg=6 -----

hspace_select (len=200) = np.array([
'0-0', '0-1', '1-0', '0-2', '2-0', '0-4', '4-0', '1-1', '0-5', '2-1' ,
'5-0', '1-2', '0-8', '2-2', '8-0', '1-4', '4-1', '0-9', '2-4', '9-0' ,
'1-5', '5-1', '4-2', '0-12', '2-5', '1-8', '5-2', '12-0', '0-13', '0-16' ,
'8-1', '4-4', '13-0', '15-0', '2-8', '1-9', '9-1', '8-2', '5-4', '4-5' ,
'0-18', '2-9', '1-12', '0-20', '18-0', '0-21', '9-2', '12-1', '5-5', '0-24' ,
'4-8', '1-13', '20-0', '8-4', '1-16', '22-0', '2-12', '13-1', '24-0', '0-25' ,
'15-1', '0-26', '5-8', '4-9', '12-2', '2-13', '9-4', '2-16', '8-5', '13-2' ,
'25-0', '26-0', '1-18', '15-2', '0-28', '28-0', '5-9', '4-12', '0-30', '18-1' ,
'9-5', '12-4', '1-20', '1-21', '0-33', '8-8', '0-34', '0-35', '1-24', '2-18' ,
'0-36', '20-1', '4-13', '22-1', '4-16', '30-0', '13-4', '5-12', '15-4', '24-1' ,
'33-0', '18-2', '2-20', '2-21', '34-0', '8-9', '35-0', '1-25', '9-8', '1-26' ,
'0-39', '2-24', '12-5', '37-0', '5-13', '20-2', '5-16', '22-2', '13-5', '25-1' ,
'0-42', '24-2', '26-1', '15-5', '39-0', '2-25', '4-18', '2-26', '9-9', '8-12' ,
'28-1', '1-28', '18-4', '0-44', '41-0', '12-8', '1-30', '4-20', '0-45', '4-21' ,
'0-46', '25-2', '13-8', '1-33', '8-13', '20-4', '8-16', '22-4', '4-24', '26-2' ,
'5-18', '1-34', '15-8', '1-35', '30-1', '2-28', '1-36', '28-2', '9-12', '24-4' ,
'44-0', '12-9', '33-1', '45-0', '2-30', '18-5', '0-52', '0-53', '46-0', '34-1' ,
'5-20', '35-1', '5-21', '4-25', '4-26', '2-33', '13-9', '9-13', '1-39', '5-24' ,
'37-1', '9-16', '2-34', '2-35', '0-54', '20-5', '22-5', '2-36', '50-0', '51-0' ,
'30-2', '15-9', '25-4', '0-55', '26-4', '8-18', '24-5', '12-12', '39-1', '33-2' ,
])

index_select (len=200) = np.array([
0, 1, 2, 3, 4, 5, 6, 7, 8, 9 ,
10, 11, 12, 13, 14, 15, 16, 17, 18, 19 ,
20, 21, 22, 23, 24, 25, 26, 27, 28, 29 ,
30, 31, 32, 33, 34, 35, 36, 37, 38, 39 ,
40, 41, 42, 43, 44, 45, 46, 47, 48, 49 ,
50, 51, 52, 53, 54, 55, 56, 57, 58, 59 ,
60, 61, 62, 63, 64, 65, 66, 67, 68, 69 ,
70, 71, 72, 73, 74, 75, 76, 77, 78, 79 ,
80, 81, 82, 83, 84, 85, 86, 87, 88, 89 ,
90, 91, 92, 93, 94, 95, 96, 97, 98, 99 ,
100, 101, 102, 103, 104, 105, 106, 107, 108, 109 ,
110, 111, 112, 113, 114, 115, 116, 117, 118, 119 ,
120, 121, 122, 123, 124, 125, 126, 127, 128, 129 ,
130, 131, 132, 133, 134, 135, 136, 137, 138, 139 ,
140, 141, 142, 143, 144, 145, 146, 147, 148, 149 ,
150, 151, 152, 153, 154, 155, 156, 157, 158, 159 ,
160, 161, 162, 163, 164, 165, 166, 167, 168, 169 ,
170, 171, 172, 173, 174, 175, 176, 177, 178, 179 ,
180, 181, 182, 183, 184, 185, 186, 187, 188, 189 ,
190, 191, 192, 193, 194, 195, 196, 197, 198, 199 ,
])

f_ideal_200 = np.array([
-0.96476913 ,
])

===== Memory usage =====
[n_truc=200, tg=6] Peak RSS: 8.38 GB
[n_truc=200, tg=6] Peak PSS: 1.71 GB

Current China Time: 2026-07-31 15:46:42.468733+08:00

============================================================


----- n_truc=200, tg=7 -----

hspace_select (len=200) = np.array([
'0-0', '0-1', '1-0', '0-2', '2-0', '0-4', '4-0', '1-1', '0-5', '2-1' ,
'5-0', '1-2', '0-8', '2-2', '8-0', '1-4', '4-1', '0-9', '2-4', '9-0' ,
'1-5', '5-1', '4-2', '0-12', '2-5', '1-8', '5-2', '12-0', '0-13', '0-16' ,
'8-1', '4-4', '13-0', '15-0', '2-8', '1-9', '9-1', '8-2', '5-4', '4-5' ,
'0-18', '2-9', '1-12', '0-20', '18-0', '0-21', '9-2', '12-1', '5-5', '0-24' ,
'4-8', '1-13', '20-0', '8-4', '1-16', '22-0', '2-12', '13-1', '24-0', '0-25' ,
'15-1', '0-26', '5-8', '4-9', '12-2', '2-13', '9-4', '2-16', '8-5', '13-2' ,
'25-0', '26-0', '1-18', '15-2', '0-28', '28-0', '5-9', '4-12', '0-30', '18-1' ,
'9-5', '12-4', '1-20', '1-21', '0-33', '8-8', '0-34', '0-35', '1-24', '2-18' ,
'0-36', '20-1', '4-13', '22-1', '4-16', '30-0', '13-4', '5-12', '15-4', '24-1' ,
'33-0', '18-2', '2-20', '2-21', '34-0', '8-9', '35-0', '1-25', '9-8', '1-26' ,
'0-39', '2-24', '12-5', '37-0', '5-13', '20-2', '5-16', '22-2', '13-5', '25-1' ,
'0-42', '24-2', '26-1', '15-5', '39-0', '2-25', '4-18', '2-26', '9-9', '8-12' ,
'28-1', '1-28', '18-4', '0-44', '41-0', '12-8', '1-30', '4-20', '0-45', '4-21' ,
'0-46', '25-2', '13-8', '1-33', '8-13', '20-4', '8-16', '22-4', '4-24', '26-2' ,
'5-18', '1-34', '15-8', '1-35', '30-1', '2-28', '1-36', '28-2', '9-12', '24-4' ,
'44-0', '12-9', '33-1', '45-0', '2-30', '18-5', '0-52', '0-53', '46-0', '34-1' ,
'5-20', '35-1', '5-21', '4-25', '4-26', '2-33', '13-9', '9-13', '1-39', '5-24' ,
'37-1', '9-16', '2-34', '2-35', '0-54', '20-5', '22-5', '2-36', '50-0', '51-0' ,
'30-2', '15-9', '25-4', '0-55', '26-4', '8-18', '24-5', '12-12', '39-1', '33-2' ,
])

index_select (len=200) = np.array([
0, 1, 2, 3, 4, 5, 6, 7, 8, 9 ,
10, 11, 12, 13, 14, 15, 16, 17, 18, 19 ,
20, 21, 22, 23, 24, 25, 26, 27, 28, 29 ,
30, 31, 32, 33, 34, 35, 36, 37, 38, 39 ,
40, 41, 42, 43, 44, 45, 46, 47, 48, 49 ,
50, 51, 52, 53, 54, 55, 56, 57, 58, 59 ,
60, 61, 62, 63, 64, 65, 66, 67, 68, 69 ,
70, 71, 72, 73, 74, 75, 76, 77, 78, 79 ,
80, 81, 82, 83, 84, 85, 86, 87, 88, 89 ,
90, 91, 92, 93, 94, 95, 96, 97, 98, 99 ,
100, 101, 102, 103, 104, 105, 106, 107, 108, 109 ,
110, 111, 112, 113, 114, 115, 116, 117, 118, 119 ,
120, 121, 122, 123, 124, 125, 126, 127, 128, 129 ,
130, 131, 132, 133, 134, 135, 136, 137, 138, 139 ,
140, 141, 142, 143, 144, 145, 146, 147, 148, 149 ,
150, 151, 152, 153, 154, 155, 156, 157, 158, 159 ,
160, 161, 162, 163, 164, 165, 166, 167, 168, 169 ,
170, 171, 172, 173, 174, 175, 176, 177, 178, 179 ,
180, 181, 182, 183, 184, 185, 186, 187, 188, 189 ,
190, 191, 192, 193, 194, 195, 196, 197, 198, 199 ,
])

f_ideal_200 = np.array([
-0.95630628 ,
])

===== Memory usage =====
[n_truc=200, tg=7] Peak RSS: 8.38 GB
[n_truc=200, tg=7] Peak PSS: 1.71 GB

Current China Time: 2026-07-31 15:46:45.853268+08:00

============================================================


----- n_truc=200, tg=8 -----

hspace_select (len=200) = np.array([
'0-0', '0-1', '1-0', '0-2', '2-0', '0-4', '4-0', '1-1', '0-5', '2-1' ,
'5-0', '1-2', '0-8', '2-2', '8-0', '1-4', '4-1', '0-9', '2-4', '9-0' ,
'1-5', '5-1', '4-2', '0-12', '2-5', '1-8', '5-2', '12-0', '0-13', '0-16' ,
'8-1', '4-4', '13-0', '15-0', '2-8', '1-9', '9-1', '8-2', '5-4', '4-5' ,
'0-18', '2-9', '1-12', '0-20', '18-0', '0-21', '9-2', '12-1', '5-5', '0-24' ,
'4-8', '1-13', '20-0', '8-4', '1-16', '22-0', '2-12', '13-1', '24-0', '0-25' ,
'15-1', '0-26', '5-8', '4-9', '12-2', '2-13', '9-4', '2-16', '8-5', '13-2' ,
'25-0', '26-0', '1-18', '15-2', '0-28', '28-0', '5-9', '4-12', '0-30', '18-1' ,
'9-5', '12-4', '1-20', '1-21', '0-33', '8-8', '0-34', '0-35', '1-24', '2-18' ,
'0-36', '20-1', '4-13', '22-1', '4-16', '30-0', '13-4', '5-12', '15-4', '24-1' ,
'33-0', '18-2', '2-20', '2-21', '34-0', '8-9', '35-0', '1-25', '9-8', '1-26' ,
'0-39', '2-24', '12-5', '37-0', '5-13', '20-2', '5-16', '22-2', '13-5', '25-1' ,
'0-42', '24-2', '26-1', '15-5', '39-0', '2-25', '4-18', '2-26', '9-9', '8-12' ,
'28-1', '1-28', '18-4', '0-44', '41-0', '12-8', '1-30', '4-20', '0-45', '4-21' ,
'0-46', '25-2', '13-8', '1-33', '8-13', '20-4', '8-16', '22-4', '4-24', '26-2' ,
'5-18', '1-34', '15-8', '1-35', '30-1', '2-28', '1-36', '28-2', '9-12', '24-4' ,
'44-0', '12-9', '33-1', '45-0', '2-30', '18-5', '0-52', '0-53', '46-0', '34-1' ,
'5-20', '35-1', '5-21', '4-25', '4-26', '2-33', '13-9', '9-13', '1-39', '5-24' ,
'37-1', '9-16', '2-34', '2-35', '0-54', '20-5', '22-5', '2-36', '50-0', '51-0' ,
'30-2', '15-9', '25-4', '0-55', '26-4', '8-18', '24-5', '12-12', '39-1', '33-2' ,
])

index_select (len=200) = np.array([
0, 1, 2, 3, 4, 5, 6, 7, 8, 9 ,
10, 11, 12, 13, 14, 15, 16, 17, 18, 19 ,
20, 21, 22, 23, 24, 25, 26, 27, 28, 29 ,
30, 31, 32, 33, 34, 35, 36, 37, 38, 39 ,
40, 41, 42, 43, 44, 45, 46, 47, 48, 49 ,
50, 51, 52, 53, 54, 55, 56, 57, 58, 59 ,
60, 61, 62, 63, 64, 65, 66, 67, 68, 69 ,
70, 71, 72, 73, 74, 75, 76, 77, 78, 79 ,
80, 81, 82, 83, 84, 85, 86, 87, 88, 89 ,
90, 91, 92, 93, 94, 95, 96, 97, 98, 99 ,
100, 101, 102, 103, 104, 105, 106, 107, 108, 109 ,
110, 111, 112, 113, 114, 115, 116, 117, 118, 119 ,
120, 121, 122, 123, 124, 125, 126, 127, 128, 129 ,
130, 131, 132, 133, 134, 135, 136, 137, 138, 139 ,
140, 141, 142, 143, 144, 145, 146, 147, 148, 149 ,
150, 151, 152, 153, 154, 155, 156, 157, 158, 159 ,
160, 161, 162, 163, 164, 165, 166, 167, 168, 169 ,
170, 171, 172, 173, 174, 175, 176, 177, 178, 179 ,
180, 181, 182, 183, 184, 185, 186, 187, 188, 189 ,
190, 191, 192, 193, 194, 195, 196, 197, 198, 199 ,
])

f_ideal_200 = np.array([
-1.12842447 ,
])

===== Memory usage =====
[n_truc=200, tg=8] Peak RSS: 8.39 GB
[n_truc=200, tg=8] Peak PSS: 1.72 GB

Current China Time: 2026-07-31 15:46:49.519626+08:00

============================================================


----- n_truc=200, tg=9 -----

hspace_select (len=200) = np.array([
'0-0', '0-1', '1-0', '0-2', '2-0', '0-4', '4-0', '1-1', '0-5', '2-1' ,
'5-0', '1-2', '0-8', '2-2', '8-0', '1-4', '4-1', '0-9', '2-4', '9-0' ,
'1-5', '5-1', '4-2', '0-12', '2-5', '1-8', '5-2', '12-0', '0-13', '0-16' ,
'8-1', '4-4', '13-0', '15-0', '2-8', '1-9', '9-1', '8-2', '5-4', '4-5' ,
'0-18', '2-9', '1-12', '0-20', '18-0', '0-21', '9-2', '12-1', '5-5', '0-24' ,
'4-8', '1-13', '20-0', '8-4', '1-16', '22-0', '2-12', '13-1', '24-0', '0-25' ,
'15-1', '0-26', '5-8', '4-9', '12-2', '2-13', '9-4', '2-16', '8-5', '13-2' ,
'25-0', '26-0', '1-18', '15-2', '0-28', '28-0', '5-9', '4-12', '0-30', '18-1' ,
'9-5', '12-4', '1-20', '1-21', '0-33', '8-8', '0-34', '0-35', '1-24', '2-18' ,
'0-36', '20-1', '4-13', '22-1', '4-16', '30-0', '13-4', '5-12', '15-4', '24-1' ,
'33-0', '18-2', '2-20', '2-21', '34-0', '8-9', '35-0', '1-25', '9-8', '1-26' ,
'0-39', '2-24', '12-5', '37-0', '5-13', '20-2', '5-16', '22-2', '13-5', '25-1' ,
'0-42', '24-2', '26-1', '15-5', '39-0', '2-25', '4-18', '2-26', '9-9', '8-12' ,
'28-1', '1-28', '18-4', '0-44', '41-0', '12-8', '1-30', '4-20', '0-45', '4-21' ,
'0-46', '25-2', '13-8', '1-33', '8-13', '20-4', '8-16', '22-4', '4-24', '26-2' ,
'5-18', '1-34', '15-8', '1-35', '30-1', '2-28', '1-36', '28-2', '9-12', '24-4' ,
'44-0', '12-9', '33-1', '45-0', '2-30', '18-5', '0-52', '0-53', '46-0', '34-1' ,
'5-20', '35-1', '5-21', '4-25', '4-26', '2-33', '13-9', '9-13', '1-39', '5-24' ,
'37-1', '9-16', '2-34', '2-35', '0-54', '20-5', '22-5', '2-36', '50-0', '51-0' ,
'30-2', '15-9', '25-4', '0-55', '26-4', '8-18', '24-5', '12-12', '39-1', '33-2' ,
])

index_select (len=200) = np.array([
0, 1, 2, 3, 4, 5, 6, 7, 8, 9 ,
10, 11, 12, 13, 14, 15, 16, 17, 18, 19 ,
20, 21, 22, 23, 24, 25, 26, 27, 28, 29 ,
30, 31, 32, 33, 34, 35, 36, 37, 38, 39 ,
40, 41, 42, 43, 44, 45, 46, 47, 48, 49 ,
50, 51, 52, 53, 54, 55, 56, 57, 58, 59 ,
60, 61, 62, 63, 64, 65, 66, 67, 68, 69 ,
70, 71, 72, 73, 74, 75, 76, 77, 78, 79 ,
80, 81, 82, 83, 84, 85, 86, 87, 88, 89 ,
90, 91, 92, 93, 94, 95, 96, 97, 98, 99 ,
100, 101, 102, 103, 104, 105, 106, 107, 108, 109 ,
110, 111, 112, 113, 114, 115, 116, 117, 118, 119 ,
120, 121, 122, 123, 124, 125, 126, 127, 128, 129 ,
130, 131, 132, 133, 134, 135, 136, 137, 138, 139 ,
140, 141, 142, 143, 144, 145, 146, 147, 148, 149 ,
150, 151, 152, 153, 154, 155, 156, 157, 158, 159 ,
160, 161, 162, 163, 164, 165, 166, 167, 168, 169 ,
170, 171, 172, 173, 174, 175, 176, 177, 178, 179 ,
180, 181, 182, 183, 184, 185, 186, 187, 188, 189 ,
190, 191, 192, 193, 194, 195, 196, 197, 198, 199 ,
])

f_ideal_200 = np.array([
-1.26781434 ,
])

===== Memory usage =====
[n_truc=200, tg=9] Peak RSS: 8.40 GB
[n_truc=200, tg=9] Peak PSS: 1.72 GB

Current China Time: 2026-07-31 15:46:53.608850+08:00

============================================================


----- n_truc=200, tg=10 -----

hspace_select (len=200) = np.array([
'0-0', '0-1', '1-0', '0-2', '2-0', '0-4', '4-0', '1-1', '0-5', '2-1' ,
'5-0', '1-2', '0-8', '2-2', '8-0', '1-4', '4-1', '0-9', '2-4', '9-0' ,
'1-5', '5-1', '4-2', '0-12', '2-5', '1-8', '5-2', '12-0', '0-13', '0-16' ,
'8-1', '4-4', '13-0', '15-0', '2-8', '1-9', '9-1', '8-2', '5-4', '4-5' ,
'0-18', '2-9', '1-12', '0-20', '18-0', '0-21', '9-2', '12-1', '5-5', '0-24' ,
'4-8', '1-13', '20-0', '8-4', '1-16', '22-0', '2-12', '13-1', '24-0', '0-25' ,
'15-1', '0-26', '5-8', '4-9', '12-2', '2-13', '9-4', '2-16', '8-5', '13-2' ,
'25-0', '26-0', '1-18', '15-2', '0-28', '28-0', '5-9', '4-12', '0-30', '18-1' ,
'9-5', '12-4', '1-20', '1-21', '0-33', '8-8', '0-34', '0-35', '1-24', '2-18' ,
'0-36', '20-1', '4-13', '22-1', '4-16', '30-0', '13-4', '5-12', '15-4', '24-1' ,
'33-0', '18-2', '2-20', '2-21', '34-0', '8-9', '35-0', '1-25', '9-8', '1-26' ,
'0-39', '2-24', '12-5', '37-0', '5-13', '20-2', '5-16', '22-2', '13-5', '25-1' ,
'0-42', '24-2', '26-1', '15-5', '39-0', '2-25', '4-18', '2-26', '9-9', '8-12' ,
'28-1', '1-28', '18-4', '0-44', '41-0', '12-8', '1-30', '4-20', '0-45', '4-21' ,
'0-46', '25-2', '13-8', '1-33', '8-13', '20-4', '8-16', '22-4', '4-24', '26-2' ,
'5-18', '1-34', '15-8', '1-35', '30-1', '2-28', '1-36', '28-2', '9-12', '24-4' ,
'44-0', '12-9', '33-1', '45-0', '2-30', '18-5', '0-52', '0-53', '46-0', '34-1' ,
'5-20', '35-1', '5-21', '4-25', '4-26', '2-33', '13-9', '9-13', '1-39', '5-24' ,
'37-1', '9-16', '2-34', '2-35', '0-54', '20-5', '22-5', '2-36', '50-0', '51-0' ,
'30-2', '15-9', '25-4', '0-55', '26-4', '8-18', '24-5', '12-12', '39-1', '33-2' ,
])

index_select (len=200) = np.array([
0, 1, 2, 3, 4, 5, 6, 7, 8, 9 ,
10, 11, 12, 13, 14, 15, 16, 17, 18, 19 ,
20, 21, 22, 23, 24, 25, 26, 27, 28, 29 ,
30, 31, 32, 33, 34, 35, 36, 37, 38, 39 ,
40, 41, 42, 43, 44, 45, 46, 47, 48, 49 ,
50, 51, 52, 53, 54, 55, 56, 57, 58, 59 ,
60, 61, 62, 63, 64, 65, 66, 67, 68, 69 ,
70, 71, 72, 73, 74, 75, 76, 77, 78, 79 ,
80, 81, 82, 83, 84, 85, 86, 87, 88, 89 ,
90, 91, 92, 93, 94, 95, 96, 97, 98, 99 ,
100, 101, 102, 103, 104, 105, 106, 107, 108, 109 ,
110, 111, 112, 113, 114, 115, 116, 117, 118, 119 ,
120, 121, 122, 123, 124, 125, 126, 127, 128, 129 ,
130, 131, 132, 133, 134, 135, 136, 137, 138, 139 ,
140, 141, 142, 143, 144, 145, 146, 147, 148, 149 ,
150, 151, 152, 153, 154, 155, 156, 157, 158, 159 ,
160, 161, 162, 163, 164, 165, 166, 167, 168, 169 ,
170, 171, 172, 173, 174, 175, 176, 177, 178, 179 ,
180, 181, 182, 183, 184, 185, 186, 187, 188, 189 ,
190, 191, 192, 193, 194, 195, 196, 197, 198, 199 ,
])

f_ideal_200 = np.array([
-1.56083143 ,
])

===== Memory usage =====
[n_truc=200, tg=10] Peak RSS: 8.40 GB
[n_truc=200, tg=10] Peak PSS: 1.72 GB

Current China Time: 2026-07-31 15:46:57.788910+08:00

============================================================


----- n_truc=200, tg=11 -----

hspace_select (len=200) = np.array([
'0-0', '0-1', '1-0', '0-2', '2-0', '0-4', '4-0', '1-1', '0-5', '2-1' ,
'5-0', '1-2', '0-8', '2-2', '8-0', '1-4', '4-1', '0-9', '2-4', '9-0' ,
'1-5', '5-1', '4-2', '0-12', '2-5', '1-8', '5-2', '12-0', '0-13', '0-16' ,
'8-1', '4-4', '13-0', '15-0', '2-8', '1-9', '9-1', '8-2', '5-4', '4-5' ,
'0-18', '2-9', '1-12', '0-20', '18-0', '0-21', '9-2', '12-1', '5-5', '0-24' ,
'4-8', '1-13', '20-0', '8-4', '1-16', '22-0', '2-12', '13-1', '24-0', '0-25' ,
'15-1', '0-26', '5-8', '4-9', '12-2', '2-13', '9-4', '2-16', '8-5', '13-2' ,
'25-0', '26-0', '1-18', '15-2', '0-28', '28-0', '5-9', '4-12', '0-30', '18-1' ,
'9-5', '12-4', '1-20', '1-21', '0-33', '8-8', '0-34', '0-35', '1-24', '2-18' ,
'0-36', '20-1', '4-13', '22-1', '4-16', '30-0', '13-4', '5-12', '15-4', '24-1' ,
'33-0', '18-2', '2-20', '2-21', '34-0', '8-9', '35-0', '1-25', '9-8', '1-26' ,
'0-39', '2-24', '12-5', '37-0', '5-13', '20-2', '5-16', '22-2', '13-5', '25-1' ,
'0-42', '24-2', '26-1', '15-5', '39-0', '2-25', '4-18', '2-26', '9-9', '8-12' ,
'28-1', '1-28', '18-4', '0-44', '41-0', '12-8', '1-30', '4-20', '0-45', '4-21' ,
'0-46', '25-2', '13-8', '1-33', '8-13', '20-4', '8-16', '22-4', '4-24', '26-2' ,
'5-18', '1-34', '15-8', '1-35', '30-1', '2-28', '1-36', '28-2', '9-12', '24-4' ,
'44-0', '12-9', '33-1', '45-0', '2-30', '18-5', '0-52', '0-53', '46-0', '34-1' ,
'5-20', '35-1', '5-21', '4-25', '4-26', '2-33', '13-9', '9-13', '1-39', '5-24' ,
'37-1', '9-16', '2-34', '2-35', '0-54', '20-5', '22-5', '2-36', '50-0', '51-0' ,
'30-2', '15-9', '25-4', '0-55', '26-4', '8-18', '24-5', '12-12', '39-1', '33-2' ,
])

index_select (len=200) = np.array([
0, 1, 2, 3, 4, 5, 6, 7, 8, 9 ,
10, 11, 12, 13, 14, 15, 16, 17, 18, 19 ,
20, 21, 22, 23, 24, 25, 26, 27, 28, 29 ,
30, 31, 32, 33, 34, 35, 36, 37, 38, 39 ,
40, 41, 42, 43, 44, 45, 46, 47, 48, 49 ,
50, 51, 52, 53, 54, 55, 56, 57, 58, 59 ,
60, 61, 62, 63, 64, 65, 66, 67, 68, 69 ,
70, 71, 72, 73, 74, 75, 76, 77, 78, 79 ,
80, 81, 82, 83, 84, 85, 86, 87, 88, 89 ,
90, 91, 92, 93, 94, 95, 96, 97, 98, 99 ,
100, 101, 102, 103, 104, 105, 106, 107, 108, 109 ,
110, 111, 112, 113, 114, 115, 116, 117, 118, 119 ,
120, 121, 122, 123, 124, 125, 126, 127, 128, 129 ,
130, 131, 132, 133, 134, 135, 136, 137, 138, 139 ,
140, 141, 142, 143, 144, 145, 146, 147, 148, 149 ,
150, 151, 152, 153, 154, 155, 156, 157, 158, 159 ,
160, 161, 162, 163, 164, 165, 166, 167, 168, 169 ,
170, 171, 172, 173, 174, 175, 176, 177, 178, 179 ,
180, 181, 182, 183, 184, 185, 186, 187, 188, 189 ,
190, 191, 192, 193, 194, 195, 196, 197, 198, 199 ,
])

f_ideal_200 = np.array([
-2.05531960 ,
])

===== Memory usage =====
[n_truc=200, tg=11] Peak RSS: 8.41 GB
[n_truc=200, tg=11] Peak PSS: 1.72 GB

Current China Time: 2026-07-31 15:47:02.273892+08:00

============================================================


----- n_truc=200, tg=12 -----

hspace_select (len=200) = np.array([
'0-0', '0-1', '1-0', '0-2', '2-0', '0-4', '4-0', '1-1', '0-5', '2-1' ,
'5-0', '1-2', '0-8', '2-2', '8-0', '1-4', '4-1', '0-9', '2-4', '9-0' ,
'1-5', '5-1', '4-2', '0-12', '2-5', '1-8', '5-2', '12-0', '0-13', '0-16' ,
'8-1', '4-4', '13-0', '15-0', '2-8', '1-9', '9-1', '8-2', '5-4', '4-5' ,
'0-18', '2-9', '1-12', '0-20', '18-0', '0-21', '9-2', '12-1', '5-5', '0-24' ,
'4-8', '1-13', '20-0', '8-4', '1-16', '22-0', '2-12', '13-1', '24-0', '0-25' ,
'15-1', '0-26', '5-8', '4-9', '12-2', '2-13', '9-4', '2-16', '8-5', '13-2' ,
'25-0', '26-0', '1-18', '15-2', '0-28', '28-0', '5-9', '4-12', '0-30', '18-1' ,
'9-5', '12-4', '1-20', '1-21', '0-33', '8-8', '0-34', '0-35', '1-24', '2-18' ,
'0-36', '20-1', '4-13', '22-1', '4-16', '30-0', '13-4', '5-12', '15-4', '24-1' ,
'33-0', '18-2', '2-20', '2-21', '34-0', '8-9', '35-0', '1-25', '9-8', '1-26' ,
'0-39', '2-24', '12-5', '37-0', '5-13', '20-2', '5-16', '22-2', '13-5', '25-1' ,
'0-42', '24-2', '26-1', '15-5', '39-0', '2-25', '4-18', '2-26', '9-9', '8-12' ,
'28-1', '1-28', '18-4', '0-44', '41-0', '12-8', '1-30', '4-20', '0-45', '4-21' ,
'0-46', '25-2', '13-8', '1-33', '8-13', '20-4', '8-16', '22-4', '4-24', '26-2' ,
'5-18', '1-34', '15-8', '1-35', '30-1', '2-28', '1-36', '28-2', '9-12', '24-4' ,
'44-0', '12-9', '33-1', '45-0', '2-30', '18-5', '0-52', '0-53', '46-0', '34-1' ,
'5-20', '35-1', '5-21', '4-25', '4-26', '2-33', '13-9', '9-13', '1-39', '5-24' ,
'37-1', '9-16', '2-34', '2-35', '0-54', '20-5', '22-5', '2-36', '50-0', '51-0' ,
'30-2', '15-9', '25-4', '0-55', '26-4', '8-18', '24-5', '12-12', '39-1', '33-2' ,
])

index_select (len=200) = np.array([
0, 1, 2, 3, 4, 5, 6, 7, 8, 9 ,
10, 11, 12, 13, 14, 15, 16, 17, 18, 19 ,
20, 21, 22, 23, 24, 25, 26, 27, 28, 29 ,
30, 31, 32, 33, 34, 35, 36, 37, 38, 39 ,
40, 41, 42, 43, 44, 45, 46, 47, 48, 49 ,
50, 51, 52, 53, 54, 55, 56, 57, 58, 59 ,
60, 61, 62, 63, 64, 65, 66, 67, 68, 69 ,
70, 71, 72, 73, 74, 75, 76, 77, 78, 79 ,
80, 81, 82, 83, 84, 85, 86, 87, 88, 89 ,
90, 91, 92, 93, 94, 95, 96, 97, 98, 99 ,
100, 101, 102, 103, 104, 105, 106, 107, 108, 109 ,
110, 111, 112, 113, 114, 115, 116, 117, 118, 119 ,
120, 121, 122, 123, 124, 125, 126, 127, 128, 129 ,
130, 131, 132, 133, 134, 135, 136, 137, 138, 139 ,
140, 141, 142, 143, 144, 145, 146, 147, 148, 149 ,
150, 151, 152, 153, 154, 155, 156, 157, 158, 159 ,
160, 161, 162, 163, 164, 165, 166, 167, 168, 169 ,
170, 171, 172, 173, 174, 175, 176, 177, 178, 179 ,
180, 181, 182, 183, 184, 185, 186, 187, 188, 189 ,
190, 191, 192, 193, 194, 195, 196, 197, 198, 199 ,
])

f_ideal_200 = np.array([
-2.47241447 ,
])

===== Memory usage =====
[n_truc=200, tg=12] Peak RSS: 8.41 GB
[n_truc=200, tg=12] Peak PSS: 1.73 GB

Current China Time: 2026-07-31 15:47:06.870388+08:00

============================================================


----- n_truc=200, tg=13 -----

hspace_select (len=200) = np.array([
'0-0', '0-1', '1-0', '0-2', '2-0', '0-4', '4-0', '1-1', '0-5', '2-1' ,
'5-0', '1-2', '0-8', '2-2', '8-0', '1-4', '4-1', '0-9', '2-4', '9-0' ,
'1-5', '5-1', '4-2', '0-12', '2-5', '1-8', '5-2', '12-0', '0-13', '0-16' ,
'8-1', '4-4', '13-0', '15-0', '2-8', '1-9', '9-1', '8-2', '5-4', '4-5' ,
'0-18', '2-9', '1-12', '0-20', '18-0', '0-21', '9-2', '12-1', '5-5', '0-24' ,
'4-8', '1-13', '20-0', '8-4', '1-16', '22-0', '2-12', '13-1', '24-0', '0-25' ,
'15-1', '0-26', '5-8', '4-9', '12-2', '2-13', '9-4', '2-16', '8-5', '13-2' ,
'25-0', '26-0', '1-18', '15-2', '0-28', '28-0', '5-9', '4-12', '0-30', '18-1' ,
'9-5', '12-4', '1-20', '1-21', '0-33', '8-8', '0-34', '0-35', '1-24', '2-18' ,
'0-36', '20-1', '4-13', '22-1', '4-16', '30-0', '13-4', '5-12', '15-4', '24-1' ,
'33-0', '18-2', '2-20', '2-21', '34-0', '8-9', '35-0', '1-25', '9-8', '1-26' ,
'0-39', '2-24', '12-5', '37-0', '5-13', '20-2', '5-16', '22-2', '13-5', '25-1' ,
'0-42', '24-2', '26-1', '15-5', '39-0', '2-25', '4-18', '2-26', '9-9', '8-12' ,
'28-1', '1-28', '18-4', '0-44', '41-0', '12-8', '1-30', '4-20', '0-45', '4-21' ,
'0-46', '25-2', '13-8', '1-33', '8-13', '20-4', '8-16', '22-4', '4-24', '26-2' ,
'5-18', '1-34', '15-8', '1-35', '30-1', '2-28', '1-36', '28-2', '9-12', '24-4' ,
'44-0', '12-9', '33-1', '45-0', '2-30', '18-5', '0-52', '0-53', '46-0', '34-1' ,
'5-20', '35-1', '5-21', '4-25', '4-26', '2-33', '13-9', '9-13', '1-39', '5-24' ,
'37-1', '9-16', '2-34', '2-35', '0-54', '20-5', '22-5', '2-36', '50-0', '51-0' ,
'30-2', '15-9', '25-4', '0-55', '26-4', '8-18', '24-5', '12-12', '39-1', '33-2' ,
])

index_select (len=200) = np.array([
0, 1, 2, 3, 4, 5, 6, 7, 8, 9 ,
10, 11, 12, 13, 14, 15, 16, 17, 18, 19 ,
20, 21, 22, 23, 24, 25, 26, 27, 28, 29 ,
30, 31, 32, 33, 34, 35, 36, 37, 38, 39 ,
40, 41, 42, 43, 44, 45, 46, 47, 48, 49 ,
50, 51, 52, 53, 54, 55, 56, 57, 58, 59 ,
60, 61, 62, 63, 64, 65, 66, 67, 68, 69 ,
70, 71, 72, 73, 74, 75, 76, 77, 78, 79 ,
80, 81, 82, 83, 84, 85, 86, 87, 88, 89 ,
90, 91, 92, 93, 94, 95, 96, 97, 98, 99 ,
100, 101, 102, 103, 104, 105, 106, 107, 108, 109 ,
110, 111, 112, 113, 114, 115, 116, 117, 118, 119 ,
120, 121, 122, 123, 124, 125, 126, 127, 128, 129 ,
130, 131, 132, 133, 134, 135, 136, 137, 138, 139 ,
140, 141, 142, 143, 144, 145, 146, 147, 148, 149 ,
150, 151, 152, 153, 154, 155, 156, 157, 158, 159 ,
160, 161, 162, 163, 164, 165, 166, 167, 168, 169 ,
170, 171, 172, 173, 174, 175, 176, 177, 178, 179 ,
180, 181, 182, 183, 184, 185, 186, 187, 188, 189 ,
190, 191, 192, 193, 194, 195, 196, 197, 198, 199 ,
])

f_ideal_200 = np.array([
-2.23531072 ,
])

===== Memory usage =====
[n_truc=200, tg=13] Peak RSS: 8.43 GB
[n_truc=200, tg=13] Peak PSS: 1.73 GB

Current China Time: 2026-07-31 15:47:11.939910+08:00

============================================================


----- n_truc=200, tg=14 -----

hspace_select (len=200) = np.array([
'0-0', '0-1', '1-0', '0-2', '2-0', '0-4', '4-0', '1-1', '0-5', '2-1' ,
'5-0', '1-2', '0-8', '2-2', '8-0', '1-4', '4-1', '0-9', '2-4', '9-0' ,
'1-5', '5-1', '4-2', '0-12', '2-5', '1-8', '5-2', '12-0', '0-13', '0-16' ,
'8-1', '4-4', '13-0', '15-0', '2-8', '1-9', '9-1', '8-2', '5-4', '4-5' ,
'0-18', '2-9', '1-12', '0-20', '18-0', '0-21', '9-2', '12-1', '5-5', '0-24' ,
'4-8', '1-13', '20-0', '8-4', '1-16', '22-0', '2-12', '13-1', '24-0', '0-25' ,
'15-1', '0-26', '5-8', '4-9', '12-2', '2-13', '9-4', '2-16', '8-5', '13-2' ,
'25-0', '26-0', '1-18', '15-2', '0-28', '28-0', '5-9', '4-12', '0-30', '18-1' ,
'9-5', '12-4', '1-20', '1-21', '0-33', '8-8', '0-34', '0-35', '1-24', '2-18' ,
'0-36', '20-1', '4-13', '22-1', '4-16', '30-0', '13-4', '5-12', '15-4', '24-1' ,
'33-0', '18-2', '2-20', '2-21', '34-0', '8-9', '35-0', '1-25', '9-8', '1-26' ,
'0-39', '2-24', '12-5', '37-0', '5-13', '20-2', '5-16', '22-2', '13-5', '25-1' ,
'0-42', '24-2', '26-1', '15-5', '39-0', '2-25', '4-18', '2-26', '9-9', '8-12' ,
'28-1', '1-28', '18-4', '0-44', '41-0', '12-8', '1-30', '4-20', '0-45', '4-21' ,
'0-46', '25-2', '13-8', '1-33', '8-13', '20-4', '8-16', '22-4', '4-24', '26-2' ,
'5-18', '1-34', '15-8', '1-35', '30-1', '2-28', '1-36', '28-2', '9-12', '24-4' ,
'44-0', '12-9', '33-1', '45-0', '2-30', '18-5', '0-52', '0-53', '46-0', '34-1' ,
'5-20', '35-1', '5-21', '4-25', '4-26', '2-33', '13-9', '9-13', '1-39', '5-24' ,
'37-1', '9-16', '2-34', '2-35', '0-54', '20-5', '22-5', '2-36', '50-0', '51-0' ,
'30-2', '15-9', '25-4', '0-55', '26-4', '8-18', '24-5', '12-12', '39-1', '33-2' ,
])

index_select (len=200) = np.array([
0, 1, 2, 3, 4, 5, 6, 7, 8, 9 ,
10, 11, 12, 13, 14, 15, 16, 17, 18, 19 ,
20, 21, 22, 23, 24, 25, 26, 27, 28, 29 ,
30, 31, 32, 33, 34, 35, 36, 37, 38, 39 ,
40, 41, 42, 43, 44, 45, 46, 47, 48, 49 ,
50, 51, 52, 53, 54, 55, 56, 57, 58, 59 ,
60, 61, 62, 63, 64, 65, 66, 67, 68, 69 ,
70, 71, 72, 73, 74, 75, 76, 77, 78, 79 ,
80, 81, 82, 83, 84, 85, 86, 87, 88, 89 ,
90, 91, 92, 93, 94, 95, 96, 97, 98, 99 ,
100, 101, 102, 103, 104, 105, 106, 107, 108, 109 ,
110, 111, 112, 113, 114, 115, 116, 117, 118, 119 ,
120, 121, 122, 123, 124, 125, 126, 127, 128, 129 ,
130, 131, 132, 133, 134, 135, 136, 137, 138, 139 ,
140, 141, 142, 143, 144, 145, 146, 147, 148, 149 ,
150, 151, 152, 153, 154, 155, 156, 157, 158, 159 ,
160, 161, 162, 163, 164, 165, 166, 167, 168, 169 ,
170, 171, 172, 173, 174, 175, 176, 177, 178, 179 ,
180, 181, 182, 183, 184, 185, 186, 187, 188, 189 ,
190, 191, 192, 193, 194, 195, 196, 197, 198, 199 ,
])

f_ideal_200 = np.array([
-2.01143757 ,
])

===== Memory usage =====
[n_truc=200, tg=14] Peak RSS: 8.43 GB
[n_truc=200, tg=14] Peak PSS: 1.73 GB

Current China Time: 2026-07-31 15:47:17.129103+08:00

============================================================


----- n_truc=200, tg=15 -----

hspace_select (len=200) = np.array([
'0-0', '0-1', '1-0', '0-2', '2-0', '0-4', '4-0', '1-1', '0-5', '2-1' ,
'5-0', '1-2', '0-8', '2-2', '8-0', '1-4', '4-1', '0-9', '2-4', '9-0' ,
'1-5', '5-1', '4-2', '0-12', '2-5', '1-8', '5-2', '12-0', '0-13', '0-16' ,
'8-1', '4-4', '13-0', '15-0', '2-8', '1-9', '9-1', '8-2', '5-4', '4-5' ,
'0-18', '2-9', '1-12', '0-20', '18-0', '0-21', '9-2', '12-1', '5-5', '0-24' ,
'4-8', '1-13', '20-0', '8-4', '1-16', '22-0', '2-12', '13-1', '24-0', '0-25' ,
'15-1', '0-26', '5-8', '4-9', '12-2', '2-13', '9-4', '2-16', '8-5', '13-2' ,
'25-0', '26-0', '1-18', '15-2', '0-28', '28-0', '5-9', '4-12', '0-30', '18-1' ,
'9-5', '12-4', '1-20', '1-21', '0-33', '8-8', '0-34', '0-35', '1-24', '2-18' ,
'0-36', '20-1', '4-13', '22-1', '4-16', '30-0', '13-4', '5-12', '15-4', '24-1' ,
'33-0', '18-2', '2-20', '2-21', '34-0', '8-9', '35-0', '1-25', '9-8', '1-26' ,
'0-39', '2-24', '12-5', '37-0', '5-13', '20-2', '5-16', '22-2', '13-5', '25-1' ,
'0-42', '24-2', '26-1', '15-5', '39-0', '2-25', '4-18', '2-26', '9-9', '8-12' ,
'28-1', '1-28', '18-4', '0-44', '41-0', '12-8', '1-30', '4-20', '0-45', '4-21' ,
'0-46', '25-2', '13-8', '1-33', '8-13', '20-4', '8-16', '22-4', '4-24', '26-2' ,
'5-18', '1-34', '15-8', '1-35', '30-1', '2-28', '1-36', '28-2', '9-12', '24-4' ,
'44-0', '12-9', '33-1', '45-0', '2-30', '18-5', '0-52', '0-53', '46-0', '34-1' ,
'5-20', '35-1', '5-21', '4-25', '4-26', '2-33', '13-9', '9-13', '1-39', '5-24' ,
'37-1', '9-16', '2-34', '2-35', '0-54', '20-5', '22-5', '2-36', '50-0', '51-0' ,
'30-2', '15-9', '25-4', '0-55', '26-4', '8-18', '24-5', '12-12', '39-1', '33-2' ,
])

index_select (len=200) = np.array([
0, 1, 2, 3, 4, 5, 6, 7, 8, 9 ,
10, 11, 12, 13, 14, 15, 16, 17, 18, 19 ,
20, 21, 22, 23, 24, 25, 26, 27, 28, 29 ,
30, 31, 32, 33, 34, 35, 36, 37, 38, 39 ,
40, 41, 42, 43, 44, 45, 46, 47, 48, 49 ,
50, 51, 52, 53, 54, 55, 56, 57, 58, 59 ,
60, 61, 62, 63, 64, 65, 66, 67, 68, 69 ,
70, 71, 72, 73, 74, 75, 76, 77, 78, 79 ,
80, 81, 82, 83, 84, 85, 86, 87, 88, 89 ,
90, 91, 92, 93, 94, 95, 96, 97, 98, 99 ,
100, 101, 102, 103, 104, 105, 106, 107, 108, 109 ,
110, 111, 112, 113, 114, 115, 116, 117, 118, 119 ,
120, 121, 122, 123, 124, 125, 126, 127, 128, 129 ,
130, 131, 132, 133, 134, 135, 136, 137, 138, 139 ,
140, 141, 142, 143, 144, 145, 146, 147, 148, 149 ,
150, 151, 152, 153, 154, 155, 156, 157, 158, 159 ,
160, 161, 162, 163, 164, 165, 166, 167, 168, 169 ,
170, 171, 172, 173, 174, 175, 176, 177, 178, 179 ,
180, 181, 182, 183, 184, 185, 186, 187, 188, 189 ,
190, 191, 192, 193, 194, 195, 196, 197, 198, 199 ,
])

f_ideal_200 = np.array([
-2.23362863 ,
])

===== Memory usage =====
[n_truc=200, tg=15] Peak RSS: 8.43 GB
[n_truc=200, tg=15] Peak PSS: 1.74 GB

Current China Time: 2026-07-31 15:47:22.858816+08:00

============================================================


----- n_truc=200, tg=16 -----

hspace_select (len=200) = np.array([
'0-0', '0-1', '1-0', '0-2', '2-0', '0-4', '4-0', '1-1', '0-5', '2-1' ,
'5-0', '1-2', '0-8', '2-2', '8-0', '1-4', '4-1', '0-9', '2-4', '9-0' ,
'1-5', '5-1', '4-2', '0-12', '2-5', '1-8', '5-2', '12-0', '0-13', '0-16' ,
'8-1', '4-4', '13-0', '15-0', '2-8', '1-9', '9-1', '8-2', '5-4', '4-5' ,
'0-18', '2-9', '1-12', '0-20', '18-0', '0-21', '9-2', '12-1', '5-5', '0-24' ,
'4-8', '1-13', '20-0', '8-4', '1-16', '22-0', '2-12', '13-1', '24-0', '0-25' ,
'15-1', '0-26', '5-8', '4-9', '12-2', '2-13', '9-4', '2-16', '8-5', '13-2' ,
'25-0', '26-0', '1-18', '15-2', '0-28', '28-0', '5-9', '4-12', '0-30', '18-1' ,
'9-5', '12-4', '1-20', '1-21', '0-33', '8-8', '0-34', '0-35', '1-24', '2-18' ,
'0-36', '20-1', '4-13', '22-1', '4-16', '30-0', '13-4', '5-12', '15-4', '24-1' ,
'33-0', '18-2', '2-20', '2-21', '34-0', '8-9', '35-0', '1-25', '9-8', '1-26' ,
'0-39', '2-24', '12-5', '37-0', '5-13', '20-2', '5-16', '22-2', '13-5', '25-1' ,
'0-42', '24-2', '26-1', '15-5', '39-0', '2-25', '4-18', '2-26', '9-9', '8-12' ,
'28-1', '1-28', '18-4', '0-44', '41-0', '12-8', '1-30', '4-20', '0-45', '4-21' ,
'0-46', '25-2', '13-8', '1-33', '8-13', '20-4', '8-16', '22-4', '4-24', '26-2' ,
'5-18', '1-34', '15-8', '1-35', '30-1', '2-28', '1-36', '28-2', '9-12', '24-4' ,
'44-0', '12-9', '33-1', '45-0', '2-30', '18-5', '0-52', '0-53', '46-0', '34-1' ,
'5-20', '35-1', '5-21', '4-25', '4-26', '2-33', '13-9', '9-13', '1-39', '5-24' ,
'37-1', '9-16', '2-34', '2-35', '0-54', '20-5', '22-5', '2-36', '50-0', '51-0' ,
'30-2', '15-9', '25-4', '0-55', '26-4', '8-18', '24-5', '12-12', '39-1', '33-2' ,
])

index_select (len=200) = np.array([
0, 1, 2, 3, 4, 5, 6, 7, 8, 9 ,
10, 11, 12, 13, 14, 15, 16, 17, 18, 19 ,
20, 21, 22, 23, 24, 25, 26, 27, 28, 29 ,
30, 31, 32, 33, 34, 35, 36, 37, 38, 39 ,
40, 41, 42, 43, 44, 45, 46, 47, 48, 49 ,
50, 51, 52, 53, 54, 55, 56, 57, 58, 59 ,
60, 61, 62, 63, 64, 65, 66, 67, 68, 69 ,
70, 71, 72, 73, 74, 75, 76, 77, 78, 79 ,
80, 81, 82, 83, 84, 85, 86, 87, 88, 89 ,
90, 91, 92, 93, 94, 95, 96, 97, 98, 99 ,
100, 101, 102, 103, 104, 105, 106, 107, 108, 109 ,
110, 111, 112, 113, 114, 115, 116, 117, 118, 119 ,
120, 121, 122, 123, 124, 125, 126, 127, 128, 129 ,
130, 131, 132, 133, 134, 135, 136, 137, 138, 139 ,
140, 141, 142, 143, 144, 145, 146, 147, 148, 149 ,
150, 151, 152, 153, 154, 155, 156, 157, 158, 159 ,
160, 161, 162, 163, 164, 165, 166, 167, 168, 169 ,
170, 171, 172, 173, 174, 175, 176, 177, 178, 179 ,
180, 181, 182, 183, 184, 185, 186, 187, 188, 189 ,
190, 191, 192, 193, 194, 195, 196, 197, 198, 199 ,
])

f_ideal_200 = np.array([
-2.73357082 ,
])

===== Memory usage =====
[n_truc=200, tg=16] Peak RSS: 8.42 GB
[n_truc=200, tg=16] Peak PSS: 1.74 GB

Current China Time: 2026-07-31 15:47:28.646071+08:00

============================================================


----- n_truc=200, tg=17 -----

hspace_select (len=200) = np.array([
'0-0', '0-1', '1-0', '0-2', '2-0', '0-4', '4-0', '1-1', '0-5', '2-1' ,
'5-0', '1-2', '0-8', '2-2', '8-0', '1-4', '4-1', '0-9', '2-4', '9-0' ,
'1-5', '5-1', '4-2', '0-12', '2-5', '1-8', '5-2', '12-0', '0-13', '0-16' ,
'8-1', '4-4', '13-0', '15-0', '2-8', '1-9', '9-1', '8-2', '5-4', '4-5' ,
'0-18', '2-9', '1-12', '0-20', '18-0', '0-21', '9-2', '12-1', '5-5', '0-24' ,
'4-8', '1-13', '20-0', '8-4', '1-16', '22-0', '2-12', '13-1', '24-0', '0-25' ,
'15-1', '0-26', '5-8', '4-9', '12-2', '2-13', '9-4', '2-16', '8-5', '13-2' ,
'25-0', '26-0', '1-18', '15-2', '0-28', '28-0', '5-9', '4-12', '0-30', '18-1' ,
'9-5', '12-4', '1-20', '1-21', '0-33', '8-8', '0-34', '0-35', '1-24', '2-18' ,
'0-36', '20-1', '4-13', '22-1', '4-16', '30-0', '13-4', '5-12', '15-4', '24-1' ,
'33-0', '18-2', '2-20', '2-21', '34-0', '8-9', '35-0', '1-25', '9-8', '1-26' ,
'0-39', '2-24', '12-5', '37-0', '5-13', '20-2', '5-16', '22-2', '13-5', '25-1' ,
'0-42', '24-2', '26-1', '15-5', '39-0', '2-25', '4-18', '2-26', '9-9', '8-12' ,
'28-1', '1-28', '18-4', '0-44', '41-0', '12-8', '1-30', '4-20', '0-45', '4-21' ,
'0-46', '25-2', '13-8', '1-33', '8-13', '20-4', '8-16', '22-4', '4-24', '26-2' ,
'5-18', '1-34', '15-8', '1-35', '30-1', '2-28', '1-36', '28-2', '9-12', '24-4' ,
'44-0', '12-9', '33-1', '45-0', '2-30', '18-5', '0-52', '0-53', '46-0', '34-1' ,
'5-20', '35-1', '5-21', '4-25', '4-26', '2-33', '13-9', '9-13', '1-39', '5-24' ,
'37-1', '9-16', '2-34', '2-35', '0-54', '20-5', '22-5', '2-36', '50-0', '51-0' ,
'30-2', '15-9', '25-4', '0-55', '26-4', '8-18', '24-5', '12-12', '39-1', '33-2' ,
])

index_select (len=200) = np.array([
0, 1, 2, 3, 4, 5, 6, 7, 8, 9 ,
10, 11, 12, 13, 14, 15, 16, 17, 18, 19 ,
20, 21, 22, 23, 24, 25, 26, 27, 28, 29 ,
30, 31, 32, 33, 34, 35, 36, 37, 38, 39 ,
40, 41, 42, 43, 44, 45, 46, 47, 48, 49 ,
50, 51, 52, 53, 54, 55, 56, 57, 58, 59 ,
60, 61, 62, 63, 64, 65, 66, 67, 68, 69 ,
70, 71, 72, 73, 74, 75, 76, 77, 78, 79 ,
80, 81, 82, 83, 84, 85, 86, 87, 88, 89 ,
90, 91, 92, 93, 94, 95, 96, 97, 98, 99 ,
100, 101, 102, 103, 104, 105, 106, 107, 108, 109 ,
110, 111, 112, 113, 114, 115, 116, 117, 118, 119 ,
120, 121, 122, 123, 124, 125, 126, 127, 128, 129 ,
130, 131, 132, 133, 134, 135, 136, 137, 138, 139 ,
140, 141, 142, 143, 144, 145, 146, 147, 148, 149 ,
150, 151, 152, 153, 154, 155, 156, 157, 158, 159 ,
160, 161, 162, 163, 164, 165, 166, 167, 168, 169 ,
170, 171, 172, 173, 174, 175, 176, 177, 178, 179 ,
180, 181, 182, 183, 184, 185, 186, 187, 188, 189 ,
190, 191, 192, 193, 194, 195, 196, 197, 198, 199 ,
])

f_ideal_200 = np.array([
-3.05972721 ,
])

===== Memory usage =====
[n_truc=200, tg=17] Peak RSS: 8.45 GB
[n_truc=200, tg=17] Peak PSS: 1.74 GB

Current China Time: 2026-07-31 15:47:34.760192+08:00

============================================================


----- n_truc=200, tg=18 -----

hspace_select (len=200) = np.array([
'0-0', '0-1', '1-0', '0-2', '2-0', '0-4', '4-0', '1-1', '0-5', '2-1' ,
'5-0', '1-2', '0-8', '2-2', '8-0', '1-4', '4-1', '0-9', '2-4', '9-0' ,
'1-5', '5-1', '4-2', '0-12', '2-5', '1-8', '5-2', '12-0', '0-13', '0-16' ,
'8-1', '4-4', '13-0', '15-0', '2-8', '1-9', '9-1', '8-2', '5-4', '4-5' ,
'0-18', '2-9', '1-12', '0-20', '18-0', '0-21', '9-2', '12-1', '5-5', '0-24' ,
'4-8', '1-13', '20-0', '8-4', '1-16', '22-0', '2-12', '13-1', '24-0', '0-25' ,
'15-1', '0-26', '5-8', '4-9', '12-2', '2-13', '9-4', '2-16', '8-5', '13-2' ,
'25-0', '26-0', '1-18', '15-2', '0-28', '28-0', '5-9', '4-12', '0-30', '18-1' ,
'9-5', '12-4', '1-20', '1-21', '0-33', '8-8', '0-34', '0-35', '1-24', '2-18' ,
'0-36', '20-1', '4-13', '22-1', '4-16', '30-0', '13-4', '5-12', '15-4', '24-1' ,
'33-0', '18-2', '2-20', '2-21', '34-0', '8-9', '35-0', '1-25', '9-8', '1-26' ,
'0-39', '2-24', '12-5', '37-0', '5-13', '20-2', '5-16', '22-2', '13-5', '25-1' ,
'0-42', '24-2', '26-1', '15-5', '39-0', '2-25', '4-18', '2-26', '9-9', '8-12' ,
'28-1', '1-28', '18-4', '0-44', '41-0', '12-8', '1-30', '4-20', '0-45', '4-21' ,
'0-46', '25-2', '13-8', '1-33', '8-13', '20-4', '8-16', '22-4', '4-24', '26-2' ,
'5-18', '1-34', '15-8', '1-35', '30-1', '2-28', '1-36', '28-2', '9-12', '24-4' ,
'44-0', '12-9', '33-1', '45-0', '2-30', '18-5', '0-52', '0-53', '46-0', '34-1' ,
'5-20', '35-1', '5-21', '4-25', '4-26', '2-33', '13-9', '9-13', '1-39', '5-24' ,
'37-1', '9-16', '2-34', '2-35', '0-54', '20-5', '22-5', '2-36', '50-0', '51-0' ,
'30-2', '15-9', '25-4', '0-55', '26-4', '8-18', '24-5', '12-12', '39-1', '33-2' ,
])

index_select (len=200) = np.array([
0, 1, 2, 3, 4, 5, 6, 7, 8, 9 ,
10, 11, 12, 13, 14, 15, 16, 17, 18, 19 ,
20, 21, 22, 23, 24, 25, 26, 27, 28, 29 ,
30, 31, 32, 33, 34, 35, 36, 37, 38, 39 ,
40, 41, 42, 43, 44, 45, 46, 47, 48, 49 ,
50, 51, 52, 53, 54, 55, 56, 57, 58, 59 ,
60, 61, 62, 63, 64, 65, 66, 67, 68, 69 ,
70, 71, 72, 73, 74, 75, 76, 77, 78, 79 ,
80, 81, 82, 83, 84, 85, 86, 87, 88, 89 ,
90, 91, 92, 93, 94, 95, 96, 97, 98, 99 ,
100, 101, 102, 103, 104, 105, 106, 107, 108, 109 ,
110, 111, 112, 113, 114, 115, 116, 117, 118, 119 ,
120, 121, 122, 123, 124, 125, 126, 127, 128, 129 ,
130, 131, 132, 133, 134, 135, 136, 137, 138, 139 ,
140, 141, 142, 143, 144, 145, 146, 147, 148, 149 ,
150, 151, 152, 153, 154, 155, 156, 157, 158, 159 ,
160, 161, 162, 163, 164, 165, 166, 167, 168, 169 ,
170, 171, 172, 173, 174, 175, 176, 177, 178, 179 ,
180, 181, 182, 183, 184, 185, 186, 187, 188, 189 ,
190, 191, 192, 193, 194, 195, 196, 197, 198, 199 ,
])

f_ideal_200 = np.array([
-2.90183286 ,
])

===== Memory usage =====
[n_truc=200, tg=18] Peak RSS: 8.45 GB
[n_truc=200, tg=18] Peak PSS: 1.75 GB

Current China Time: 2026-07-31 15:47:41.082019+08:00

============================================================


----- n_truc=200, tg=19 -----

hspace_select (len=200) = np.array([
'0-0', '0-1', '1-0', '0-2', '2-0', '0-4', '4-0', '1-1', '0-5', '2-1' ,
'5-0', '1-2', '0-8', '2-2', '8-0', '1-4', '4-1', '0-9', '2-4', '9-0' ,
'1-5', '5-1', '4-2', '0-12', '2-5', '1-8', '5-2', '12-0', '0-13', '0-16' ,
'8-1', '4-4', '13-0', '15-0', '2-8', '1-9', '9-1', '8-2', '5-4', '4-5' ,
'0-18', '2-9', '1-12', '0-20', '18-0', '0-21', '9-2', '12-1', '5-5', '0-24' ,
'4-8', '1-13', '20-0', '8-4', '1-16', '22-0', '2-12', '13-1', '24-0', '0-25' ,
'15-1', '0-26', '5-8', '4-9', '12-2', '2-13', '9-4', '2-16', '8-5', '13-2' ,
'25-0', '26-0', '1-18', '15-2', '0-28', '28-0', '5-9', '4-12', '0-30', '18-1' ,
'9-5', '12-4', '1-20', '1-21', '0-33', '8-8', '0-34', '0-35', '1-24', '2-18' ,
'0-36', '20-1', '4-13', '22-1', '4-16', '30-0', '13-4', '5-12', '15-4', '24-1' ,
'33-0', '18-2', '2-20', '2-21', '34-0', '8-9', '35-0', '1-25', '9-8', '1-26' ,
'0-39', '2-24', '12-5', '37-0', '5-13', '20-2', '5-16', '22-2', '13-5', '25-1' ,
'0-42', '24-2', '26-1', '15-5', '39-0', '2-25', '4-18', '2-26', '9-9', '8-12' ,
'28-1', '1-28', '18-4', '0-44', '41-0', '12-8', '1-30', '4-20', '0-45', '4-21' ,
'0-46', '25-2', '13-8', '1-33', '8-13', '20-4', '8-16', '22-4', '4-24', '26-2' ,
'5-18', '1-34', '15-8', '1-35', '30-1', '2-28', '1-36', '28-2', '9-12', '24-4' ,
'44-0', '12-9', '33-1', '45-0', '2-30', '18-5', '0-52', '0-53', '46-0', '34-1' ,
'5-20', '35-1', '5-21', '4-25', '4-26', '2-33', '13-9', '9-13', '1-39', '5-24' ,
'37-1', '9-16', '2-34', '2-35', '0-54', '20-5', '22-5', '2-36', '50-0', '51-0' ,
'30-2', '15-9', '25-4', '0-55', '26-4', '8-18', '24-5', '12-12', '39-1', '33-2' ,
])

index_select (len=200) = np.array([
0, 1, 2, 3, 4, 5, 6, 7, 8, 9 ,
10, 11, 12, 13, 14, 15, 16, 17, 18, 19 ,
20, 21, 22, 23, 24, 25, 26, 27, 28, 29 ,
30, 31, 32, 33, 34, 35, 36, 37, 38, 39 ,
40, 41, 42, 43, 44, 45, 46, 47, 48, 49 ,
50, 51, 52, 53, 54, 55, 56, 57, 58, 59 ,
60, 61, 62, 63, 64, 65, 66, 67, 68, 69 ,
70, 71, 72, 73, 74, 75, 76, 77, 78, 79 ,
80, 81, 82, 83, 84, 85, 86, 87, 88, 89 ,
90, 91, 92, 93, 94, 95, 96, 97, 98, 99 ,
100, 101, 102, 103, 104, 105, 106, 107, 108, 109 ,
110, 111, 112, 113, 114, 115, 116, 117, 118, 119 ,
120, 121, 122, 123, 124, 125, 126, 127, 128, 129 ,
130, 131, 132, 133, 134, 135, 136, 137, 138, 139 ,
140, 141, 142, 143, 144, 145, 146, 147, 148, 149 ,
150, 151, 152, 153, 154, 155, 156, 157, 158, 159 ,
160, 161, 162, 163, 164, 165, 166, 167, 168, 169 ,
170, 171, 172, 173, 174, 175, 176, 177, 178, 179 ,
180, 181, 182, 183, 184, 185, 186, 187, 188, 189 ,
190, 191, 192, 193, 194, 195, 196, 197, 198, 199 ,
])

f_ideal_200 = np.array([
-2.95639097 ,
])

===== Memory usage =====
[n_truc=200, tg=19] Peak RSS: 8.47 GB
[n_truc=200, tg=19] Peak PSS: 1.76 GB

Current China Time: 2026-07-31 15:47:47.964213+08:00

============================================================


----- n_truc=200, tg=20 -----

hspace_select (len=200) = np.array([
'0-0', '0-1', '1-0', '0-2', '2-0', '0-4', '4-0', '1-1', '0-5', '2-1' ,
'5-0', '1-2', '0-8', '2-2', '8-0', '1-4', '4-1', '0-9', '2-4', '9-0' ,
'1-5', '5-1', '4-2', '0-12', '2-5', '1-8', '5-2', '12-0', '0-13', '0-16' ,
'8-1', '4-4', '13-0', '15-0', '2-8', '1-9', '9-1', '8-2', '5-4', '4-5' ,
'0-18', '2-9', '1-12', '0-20', '18-0', '0-21', '9-2', '12-1', '5-5', '0-24' ,
'4-8', '1-13', '20-0', '8-4', '1-16', '22-0', '2-12', '13-1', '24-0', '0-25' ,
'15-1', '0-26', '5-8', '4-9', '12-2', '2-13', '9-4', '2-16', '8-5', '13-2' ,
'25-0', '26-0', '1-18', '15-2', '0-28', '28-0', '5-9', '4-12', '0-30', '18-1' ,
'9-5', '12-4', '1-20', '1-21', '0-33', '8-8', '0-34', '0-35', '1-24', '2-18' ,
'0-36', '20-1', '4-13', '22-1', '4-16', '30-0', '13-4', '5-12', '15-4', '24-1' ,
'33-0', '18-2', '2-20', '2-21', '34-0', '8-9', '35-0', '1-25', '9-8', '1-26' ,
'0-39', '2-24', '12-5', '37-0', '5-13', '20-2', '5-16', '22-2', '13-5', '25-1' ,
'0-42', '24-2', '26-1', '15-5', '39-0', '2-25', '4-18', '2-26', '9-9', '8-12' ,
'28-1', '1-28', '18-4', '0-44', '41-0', '12-8', '1-30', '4-20', '0-45', '4-21' ,
'0-46', '25-2', '13-8', '1-33', '8-13', '20-4', '8-16', '22-4', '4-24', '26-2' ,
'5-18', '1-34', '15-8', '1-35', '30-1', '2-28', '1-36', '28-2', '9-12', '24-4' ,
'44-0', '12-9', '33-1', '45-0', '2-30', '18-5', '0-52', '0-53', '46-0', '34-1' ,
'5-20', '35-1', '5-21', '4-25', '4-26', '2-33', '13-9', '9-13', '1-39', '5-24' ,
'37-1', '9-16', '2-34', '2-35', '0-54', '20-5', '22-5', '2-36', '50-0', '51-0' ,
'30-2', '15-9', '25-4', '0-55', '26-4', '8-18', '24-5', '12-12', '39-1', '33-2' ,
])

index_select (len=200) = np.array([
0, 1, 2, 3, 4, 5, 6, 7, 8, 9 ,
10, 11, 12, 13, 14, 15, 16, 17, 18, 19 ,
20, 21, 22, 23, 24, 25, 26, 27, 28, 29 ,
30, 31, 32, 33, 34, 35, 36, 37, 38, 39 ,
40, 41, 42, 43, 44, 45, 46, 47, 48, 49 ,
50, 51, 52, 53, 54, 55, 56, 57, 58, 59 ,
60, 61, 62, 63, 64, 65, 66, 67, 68, 69 ,
70, 71, 72, 73, 74, 75, 76, 77, 78, 79 ,
80, 81, 82, 83, 84, 85, 86, 87, 88, 89 ,
90, 91, 92, 93, 94, 95, 96, 97, 98, 99 ,
100, 101, 102, 103, 104, 105, 106, 107, 108, 109 ,
110, 111, 112, 113, 114, 115, 116, 117, 118, 119 ,
120, 121, 122, 123, 124, 125, 126, 127, 128, 129 ,
130, 131, 132, 133, 134, 135, 136, 137, 138, 139 ,
140, 141, 142, 143, 144, 145, 146, 147, 148, 149 ,
150, 151, 152, 153, 154, 155, 156, 157, 158, 159 ,
160, 161, 162, 163, 164, 165, 166, 167, 168, 169 ,
170, 171, 172, 173, 174, 175, 176, 177, 178, 179 ,
180, 181, 182, 183, 184, 185, 186, 187, 188, 189 ,
190, 191, 192, 193, 194, 195, 196, 197, 198, 199 ,
])

f_ideal_200 = np.array([
-3.18290972 ,
])

===== Memory usage =====
[n_truc=200, tg=20] Peak RSS: 8.48 GB
[n_truc=200, tg=20] Peak PSS: 1.77 GB

Current China Time: 2026-07-31 15:47:55.093266+08:00

============================================================


----- n_truc=200, tg=21 -----

hspace_select (len=200) = np.array([
'0-0', '0-1', '1-0', '0-2', '2-0', '0-4', '4-0', '1-1', '0-5', '2-1' ,
'5-0', '1-2', '0-8', '2-2', '8-0', '1-4', '4-1', '0-9', '2-4', '9-0' ,
'1-5', '5-1', '4-2', '0-12', '2-5', '1-8', '5-2', '12-0', '0-13', '0-16' ,
'8-1', '4-4', '13-0', '15-0', '2-8', '1-9', '9-1', '8-2', '5-4', '4-5' ,
'0-18', '2-9', '1-12', '0-20', '18-0', '0-21', '9-2', '12-1', '5-5', '0-24' ,
'4-8', '1-13', '20-0', '8-4', '1-16', '22-0', '2-12', '13-1', '24-0', '0-25' ,
'15-1', '0-26', '5-8', '4-9', '12-2', '2-13', '9-4', '2-16', '8-5', '13-2' ,
'25-0', '26-0', '1-18', '15-2', '0-28', '28-0', '5-9', '4-12', '0-30', '18-1' ,
'9-5', '12-4', '1-20', '1-21', '0-33', '8-8', '0-34', '0-35', '1-24', '2-18' ,
'0-36', '20-1', '4-13', '22-1', '4-16', '30-0', '13-4', '5-12', '15-4', '24-1' ,
'33-0', '18-2', '2-20', '2-21', '34-0', '8-9', '35-0', '1-25', '9-8', '1-26' ,
'0-39', '2-24', '12-5', '37-0', '5-13', '20-2', '5-16', '22-2', '13-5', '25-1' ,
'0-42', '24-2', '26-1', '15-5', '39-0', '2-25', '4-18', '2-26', '9-9', '8-12' ,
'28-1', '1-28', '18-4', '0-44', '41-0', '12-8', '1-30', '4-20', '0-45', '4-21' ,
'0-46', '25-2', '13-8', '1-33', '8-13', '20-4', '8-16', '22-4', '4-24', '26-2' ,
'5-18', '1-34', '15-8', '1-35', '30-1', '2-28', '1-36', '28-2', '9-12', '24-4' ,
'44-0', '12-9', '33-1', '45-0', '2-30', '18-5', '0-52', '0-53', '46-0', '34-1' ,
'5-20', '35-1', '5-21', '4-25', '4-26', '2-33', '13-9', '9-13', '1-39', '5-24' ,
'37-1', '9-16', '2-34', '2-35', '0-54', '20-5', '22-5', '2-36', '50-0', '51-0' ,
'30-2', '15-9', '25-4', '0-55', '26-4', '8-18', '24-5', '12-12', '39-1', '33-2' ,
])

index_select (len=200) = np.array([
0, 1, 2, 3, 4, 5, 6, 7, 8, 9 ,
10, 11, 12, 13, 14, 15, 16, 17, 18, 19 ,
20, 21, 22, 23, 24, 25, 26, 27, 28, 29 ,
30, 31, 32, 33, 34, 35, 36, 37, 38, 39 ,
40, 41, 42, 43, 44, 45, 46, 47, 48, 49 ,
50, 51, 52, 53, 54, 55, 56, 57, 58, 59 ,
60, 61, 62, 63, 64, 65, 66, 67, 68, 69 ,
70, 71, 72, 73, 74, 75, 76, 77, 78, 79 ,
80, 81, 82, 83, 84, 85, 86, 87, 88, 89 ,
90, 91, 92, 93, 94, 95, 96, 97, 98, 99 ,
100, 101, 102, 103, 104, 105, 106, 107, 108, 109 ,
110, 111, 112, 113, 114, 115, 116, 117, 118, 119 ,
120, 121, 122, 123, 124, 125, 126, 127, 128, 129 ,
130, 131, 132, 133, 134, 135, 136, 137, 138, 139 ,
140, 141, 142, 143, 144, 145, 146, 147, 148, 149 ,
150, 151, 152, 153, 154, 155, 156, 157, 158, 159 ,
160, 161, 162, 163, 164, 165, 166, 167, 168, 169 ,
170, 171, 172, 173, 174, 175, 176, 177, 178, 179 ,
180, 181, 182, 183, 184, 185, 186, 187, 188, 189 ,
190, 191, 192, 193, 194, 195, 196, 197, 198, 199 ,
])

f_ideal_200 = np.array([
-3.24667155 ,
])

===== Memory usage =====
[n_truc=200, tg=21] Peak RSS: 8.45 GB
[n_truc=200, tg=21] Peak PSS: 1.76 GB

Current China Time: 2026-07-31 15:48:02.182093+08:00

============================================================


----- n_truc=200, tg=22 -----

hspace_select (len=200) = np.array([
'0-0', '0-1', '1-0', '0-2', '2-0', '0-4', '4-0', '1-1', '0-5', '2-1' ,
'5-0', '1-2', '0-8', '2-2', '8-0', '1-4', '4-1', '0-9', '2-4', '9-0' ,
'1-5', '5-1', '4-2', '0-12', '2-5', '1-8', '5-2', '12-0', '0-13', '0-16' ,
'8-1', '4-4', '13-0', '15-0', '2-8', '1-9', '9-1', '8-2', '5-4', '4-5' ,
'0-18', '2-9', '1-12', '0-20', '18-0', '0-21', '9-2', '12-1', '5-5', '0-24' ,
'4-8', '1-13', '20-0', '8-4', '1-16', '22-0', '2-12', '13-1', '24-0', '0-25' ,
'15-1', '0-26', '5-8', '4-9', '12-2', '2-13', '9-4', '2-16', '8-5', '13-2' ,
'25-0', '26-0', '1-18', '15-2', '0-28', '28-0', '5-9', '4-12', '0-30', '18-1' ,
'9-5', '12-4', '1-20', '1-21', '0-33', '8-8', '0-34', '0-35', '1-24', '2-18' ,
'0-36', '20-1', '4-13', '22-1', '4-16', '30-0', '13-4', '5-12', '15-4', '24-1' ,
'33-0', '18-2', '2-20', '2-21', '34-0', '8-9', '35-0', '1-25', '9-8', '1-26' ,
'0-39', '2-24', '12-5', '37-0', '5-13', '20-2', '5-16', '22-2', '13-5', '25-1' ,
'0-42', '24-2', '26-1', '15-5', '39-0', '2-25', '4-18', '2-26', '9-9', '8-12' ,
'28-1', '1-28', '18-4', '0-44', '41-0', '12-8', '1-30', '4-20', '0-45', '4-21' ,
'0-46', '25-2', '13-8', '1-33', '8-13', '20-4', '8-16', '22-4', '4-24', '26-2' ,
'5-18', '1-34', '15-8', '1-35', '30-1', '2-28', '1-36', '28-2', '9-12', '24-4' ,
'44-0', '12-9', '33-1', '45-0', '2-30', '18-5', '0-52', '0-53', '46-0', '34-1' ,
'5-20', '35-1', '5-21', '4-25', '4-26', '2-33', '13-9', '9-13', '1-39', '5-24' ,
'37-1', '9-16', '2-34', '2-35', '0-54', '20-5', '22-5', '2-36', '50-0', '51-0' ,
'30-2', '15-9', '25-4', '0-55', '26-4', '8-18', '24-5', '12-12', '39-1', '33-2' ,
])

index_select (len=200) = np.array([
0, 1, 2, 3, 4, 5, 6, 7, 8, 9 ,
10, 11, 12, 13, 14, 15, 16, 17, 18, 19 ,
20, 21, 22, 23, 24, 25, 26, 27, 28, 29 ,
30, 31, 32, 33, 34, 35, 36, 37, 38, 39 ,
40, 41, 42, 43, 44, 45, 46, 47, 48, 49 ,
50, 51, 52, 53, 54, 55, 56, 57, 58, 59 ,
60, 61, 62, 63, 64, 65, 66, 67, 68, 69 ,
70, 71, 72, 73, 74, 75, 76, 77, 78, 79 ,
80, 81, 82, 83, 84, 85, 86, 87, 88, 89 ,
90, 91, 92, 93, 94, 95, 96, 97, 98, 99 ,
100, 101, 102, 103, 104, 105, 106, 107, 108, 109 ,
110, 111, 112, 113, 114, 115, 116, 117, 118, 119 ,
120, 121, 122, 123, 124, 125, 126, 127, 128, 129 ,
130, 131, 132, 133, 134, 135, 136, 137, 138, 139 ,
140, 141, 142, 143, 144, 145, 146, 147, 148, 149 ,
150, 151, 152, 153, 154, 155, 156, 157, 158, 159 ,
160, 161, 162, 163, 164, 165, 166, 167, 168, 169 ,
170, 171, 172, 173, 174, 175, 176, 177, 178, 179 ,
180, 181, 182, 183, 184, 185, 186, 187, 188, 189 ,
190, 191, 192, 193, 194, 195, 196, 197, 198, 199 ,
])

f_ideal_200 = np.array([
-3.23244489 ,
])

===== Memory usage =====
[n_truc=200, tg=22] Peak RSS: 8.45 GB
[n_truc=200, tg=22] Peak PSS: 1.74 GB

Current China Time: 2026-07-31 15:48:09.566029+08:00

============================================================


----- n_truc=200, tg=23 -----

hspace_select (len=200) = np.array([
'0-0', '0-1', '1-0', '0-2', '2-0', '0-4', '4-0', '1-1', '0-5', '2-1' ,
'5-0', '1-2', '0-8', '2-2', '8-0', '1-4', '4-1', '0-9', '2-4', '9-0' ,
'1-5', '5-1', '4-2', '0-12', '2-5', '1-8', '5-2', '12-0', '0-13', '0-16' ,
'8-1', '4-4', '13-0', '15-0', '2-8', '1-9', '9-1', '8-2', '5-4', '4-5' ,
'0-18', '2-9', '1-12', '0-20', '18-0', '0-21', '9-2', '12-1', '5-5', '0-24' ,
'4-8', '1-13', '20-0', '8-4', '1-16', '22-0', '2-12', '13-1', '24-0', '0-25' ,
'15-1', '0-26', '5-8', '4-9', '12-2', '2-13', '9-4', '2-16', '8-5', '13-2' ,
'25-0', '26-0', '1-18', '15-2', '0-28', '28-0', '5-9', '4-12', '0-30', '18-1' ,
'9-5', '12-4', '1-20', '1-21', '0-33', '8-8', '0-34', '0-35', '1-24', '2-18' ,
'0-36', '20-1', '4-13', '22-1', '4-16', '30-0', '13-4', '5-12', '15-4', '24-1' ,
'33-0', '18-2', '2-20', '2-21', '34-0', '8-9', '35-0', '1-25', '9-8', '1-26' ,
'0-39', '2-24', '12-5', '37-0', '5-13', '20-2', '5-16', '22-2', '13-5', '25-1' ,
'0-42', '24-2', '26-1', '15-5', '39-0', '2-25', '4-18', '2-26', '9-9', '8-12' ,
'28-1', '1-28', '18-4', '0-44', '41-0', '12-8', '1-30', '4-20', '0-45', '4-21' ,
'0-46', '25-2', '13-8', '1-33', '8-13', '20-4', '8-16', '22-4', '4-24', '26-2' ,
'5-18', '1-34', '15-8', '1-35', '30-1', '2-28', '1-36', '28-2', '9-12', '24-4' ,
'44-0', '12-9', '33-1', '45-0', '2-30', '18-5', '0-52', '0-53', '46-0', '34-1' ,
'5-20', '35-1', '5-21', '4-25', '4-26', '2-33', '13-9', '9-13', '1-39', '5-24' ,
'37-1', '9-16', '2-34', '2-35', '0-54', '20-5', '22-5', '2-36', '50-0', '51-0' ,
'30-2', '15-9', '25-4', '0-55', '26-4', '8-18', '24-5', '12-12', '39-1', '33-2' ,
])

index_select (len=200) = np.array([
0, 1, 2, 3, 4, 5, 6, 7, 8, 9 ,
10, 11, 12, 13, 14, 15, 16, 17, 18, 19 ,
20, 21, 22, 23, 24, 25, 26, 27, 28, 29 ,
30, 31, 32, 33, 34, 35, 36, 37, 38, 39 ,
40, 41, 42, 43, 44, 45, 46, 47, 48, 49 ,
50, 51, 52, 53, 54, 55, 56, 57, 58, 59 ,
60, 61, 62, 63, 64, 65, 66, 67, 68, 69 ,
70, 71, 72, 73, 74, 75, 76, 77, 78, 79 ,
80, 81, 82, 83, 84, 85, 86, 87, 88, 89 ,
90, 91, 92, 93, 94, 95, 96, 97, 98, 99 ,
100, 101, 102, 103, 104, 105, 106, 107, 108, 109 ,
110, 111, 112, 113, 114, 115, 116, 117, 118, 119 ,
120, 121, 122, 123, 124, 125, 126, 127, 128, 129 ,
130, 131, 132, 133, 134, 135, 136, 137, 138, 139 ,
140, 141, 142, 143, 144, 145, 146, 147, 148, 149 ,
150, 151, 152, 153, 154, 155, 156, 157, 158, 159 ,
160, 161, 162, 163, 164, 165, 166, 167, 168, 169 ,
170, 171, 172, 173, 174, 175, 176, 177, 178, 179 ,
180, 181, 182, 183, 184, 185, 186, 187, 188, 189 ,
190, 191, 192, 193, 194, 195, 196, 197, 198, 199 ,
])

f_ideal_200 = np.array([
-3.39477701 ,
])

===== Memory usage =====
[n_truc=200, tg=23] Peak RSS: 8.46 GB
[n_truc=200, tg=23] Peak PSS: 1.74 GB

Current China Time: 2026-07-31 15:48:17.154932+08:00

============================================================


----- n_truc=200, tg=24 -----

hspace_select (len=200) = np.array([
'0-0', '0-1', '1-0', '0-2', '2-0', '0-4', '4-0', '1-1', '0-5', '2-1' ,
'5-0', '1-2', '0-8', '2-2', '8-0', '1-4', '4-1', '0-9', '2-4', '9-0' ,
'1-5', '5-1', '4-2', '0-12', '2-5', '1-8', '5-2', '12-0', '0-13', '0-16' ,
'8-1', '4-4', '13-0', '15-0', '2-8', '1-9', '9-1', '8-2', '5-4', '4-5' ,
'0-18', '2-9', '1-12', '0-20', '18-0', '0-21', '9-2', '12-1', '5-5', '0-24' ,
'4-8', '1-13', '20-0', '8-4', '1-16', '22-0', '2-12', '13-1', '24-0', '0-25' ,
'15-1', '0-26', '5-8', '4-9', '12-2', '2-13', '9-4', '2-16', '8-5', '13-2' ,
'25-0', '26-0', '1-18', '15-2', '0-28', '28-0', '5-9', '4-12', '0-30', '18-1' ,
'9-5', '12-4', '1-20', '1-21', '0-33', '8-8', '0-34', '0-35', '1-24', '2-18' ,
'0-36', '20-1', '4-13', '22-1', '4-16', '30-0', '13-4', '5-12', '15-4', '24-1' ,
'33-0', '18-2', '2-20', '2-21', '34-0', '8-9', '35-0', '1-25', '9-8', '1-26' ,
'0-39', '2-24', '12-5', '37-0', '5-13', '20-2', '5-16', '22-2', '13-5', '25-1' ,
'0-42', '24-2', '26-1', '15-5', '39-0', '2-25', '4-18', '2-26', '9-9', '8-12' ,
'28-1', '1-28', '18-4', '0-44', '41-0', '12-8', '1-30', '4-20', '0-45', '4-21' ,
'0-46', '25-2', '13-8', '1-33', '8-13', '20-4', '8-16', '22-4', '4-24', '26-2' ,
'5-18', '1-34', '15-8', '1-35', '30-1', '2-28', '1-36', '28-2', '9-12', '24-4' ,
'44-0', '12-9', '33-1', '45-0', '2-30', '18-5', '0-52', '0-53', '46-0', '34-1' ,
'5-20', '35-1', '5-21', '4-25', '4-26', '2-33', '13-9', '9-13', '1-39', '5-24' ,
'37-1', '9-16', '2-34', '2-35', '0-54', '20-5', '22-5', '2-36', '50-0', '51-0' ,
'30-2', '15-9', '25-4', '0-55', '26-4', '8-18', '24-5', '12-12', '39-1', '33-2' ,
])

index_select (len=200) = np.array([
0, 1, 2, 3, 4, 5, 6, 7, 8, 9 ,
10, 11, 12, 13, 14, 15, 16, 17, 18, 19 ,
20, 21, 22, 23, 24, 25, 26, 27, 28, 29 ,
30, 31, 32, 33, 34, 35, 36, 37, 38, 39 ,
40, 41, 42, 43, 44, 45, 46, 47, 48, 49 ,
50, 51, 52, 53, 54, 55, 56, 57, 58, 59 ,
60, 61, 62, 63, 64, 65, 66, 67, 68, 69 ,
70, 71, 72, 73, 74, 75, 76, 77, 78, 79 ,
80, 81, 82, 83, 84, 85, 86, 87, 88, 89 ,
90, 91, 92, 93, 94, 95, 96, 97, 98, 99 ,
100, 101, 102, 103, 104, 105, 106, 107, 108, 109 ,
110, 111, 112, 113, 114, 115, 116, 117, 118, 119 ,
120, 121, 122, 123, 124, 125, 126, 127, 128, 129 ,
130, 131, 132, 133, 134, 135, 136, 137, 138, 139 ,
140, 141, 142, 143, 144, 145, 146, 147, 148, 149 ,
150, 151, 152, 153, 154, 155, 156, 157, 158, 159 ,
160, 161, 162, 163, 164, 165, 166, 167, 168, 169 ,
170, 171, 172, 173, 174, 175, 176, 177, 178, 179 ,
180, 181, 182, 183, 184, 185, 186, 187, 188, 189 ,
190, 191, 192, 193, 194, 195, 196, 197, 198, 199 ,
])

f_ideal_200 = np.array([
-3.62818730 ,
])

===== Memory usage =====
[n_truc=200, tg=24] Peak RSS: 8.50 GB
[n_truc=200, tg=24] Peak PSS: 1.75 GB

Current China Time: 2026-07-31 15:48:24.991513+08:00

============================================================


----- n_truc=200, tg=25 -----

hspace_select (len=200) = np.array([
'0-0', '0-1', '1-0', '0-2', '2-0', '0-4', '4-0', '1-1', '0-5', '2-1' ,
'5-0', '1-2', '0-8', '2-2', '8-0', '1-4', '4-1', '0-9', '2-4', '9-0' ,
'1-5', '5-1', '4-2', '0-12', '2-5', '1-8', '5-2', '12-0', '0-13', '0-16' ,
'8-1', '4-4', '13-0', '15-0', '2-8', '1-9', '9-1', '8-2', '5-4', '4-5' ,
'0-18', '2-9', '1-12', '0-20', '18-0', '0-21', '9-2', '12-1', '5-5', '0-24' ,
'4-8', '1-13', '20-0', '8-4', '1-16', '22-0', '2-12', '13-1', '24-0', '0-25' ,
'15-1', '0-26', '5-8', '4-9', '12-2', '2-13', '9-4', '2-16', '8-5', '13-2' ,
'25-0', '26-0', '1-18', '15-2', '0-28', '28-0', '5-9', '4-12', '0-30', '18-1' ,
'9-5', '12-4', '1-20', '1-21', '0-33', '8-8', '0-34', '0-35', '1-24', '2-18' ,
'0-36', '20-1', '4-13', '22-1', '4-16', '30-0', '13-4', '5-12', '15-4', '24-1' ,
'33-0', '18-2', '2-20', '2-21', '34-0', '8-9', '35-0', '1-25', '9-8', '1-26' ,
'0-39', '2-24', '12-5', '37-0', '5-13', '20-2', '5-16', '22-2', '13-5', '25-1' ,
'0-42', '24-2', '26-1', '15-5', '39-0', '2-25', '4-18', '2-26', '9-9', '8-12' ,
'28-1', '1-28', '18-4', '0-44', '41-0', '12-8', '1-30', '4-20', '0-45', '4-21' ,
'0-46', '25-2', '13-8', '1-33', '8-13', '20-4', '8-16', '22-4', '4-24', '26-2' ,
'5-18', '1-34', '15-8', '1-35', '30-1', '2-28', '1-36', '28-2', '9-12', '24-4' ,
'44-0', '12-9', '33-1', '45-0', '2-30', '18-5', '0-52', '0-53', '46-0', '34-1' ,
'5-20', '35-1', '5-21', '4-25', '4-26', '2-33', '13-9', '9-13', '1-39', '5-24' ,
'37-1', '9-16', '2-34', '2-35', '0-54', '20-5', '22-5', '2-36', '50-0', '51-0' ,
'30-2', '15-9', '25-4', '0-55', '26-4', '8-18', '24-5', '12-12', '39-1', '33-2' ,
])

index_select (len=200) = np.array([
0, 1, 2, 3, 4, 5, 6, 7, 8, 9 ,
10, 11, 12, 13, 14, 15, 16, 17, 18, 19 ,
20, 21, 22, 23, 24, 25, 26, 27, 28, 29 ,
30, 31, 32, 33, 34, 35, 36, 37, 38, 39 ,
40, 41, 42, 43, 44, 45, 46, 47, 48, 49 ,
50, 51, 52, 53, 54, 55, 56, 57, 58, 59 ,
60, 61, 62, 63, 64, 65, 66, 67, 68, 69 ,
70, 71, 72, 73, 74, 75, 76, 77, 78, 79 ,
80, 81, 82, 83, 84, 85, 86, 87, 88, 89 ,
90, 91, 92, 93, 94, 95, 96, 97, 98, 99 ,
100, 101, 102, 103, 104, 105, 106, 107, 108, 109 ,
110, 111, 112, 113, 114, 115, 116, 117, 118, 119 ,
120, 121, 122, 123, 124, 125, 126, 127, 128, 129 ,
130, 131, 132, 133, 134, 135, 136, 137, 138, 139 ,
140, 141, 142, 143, 144, 145, 146, 147, 148, 149 ,
150, 151, 152, 153, 154, 155, 156, 157, 158, 159 ,
160, 161, 162, 163, 164, 165, 166, 167, 168, 169 ,
170, 171, 172, 173, 174, 175, 176, 177, 178, 179 ,
180, 181, 182, 183, 184, 185, 186, 187, 188, 189 ,
190, 191, 192, 193, 194, 195, 196, 197, 198, 199 ,
])

f_ideal_200 = np.array([
-3.73641842 ,
])

===== Memory usage =====
[n_truc=200, tg=25] Peak RSS: 8.51 GB
[n_truc=200, tg=25] Peak PSS: 1.76 GB

Current China Time: 2026-07-31 15:48:33.117793+08:00

============================================================


----- n_truc=200, tg=26 -----

hspace_select (len=200) = np.array([
'0-0', '0-1', '1-0', '0-2', '2-0', '0-4', '4-0', '1-1', '0-5', '2-1' ,
'5-0', '1-2', '0-8', '2-2', '8-0', '1-4', '4-1', '0-9', '2-4', '9-0' ,
'1-5', '5-1', '4-2', '0-12', '2-5', '1-8', '5-2', '12-0', '0-13', '0-16' ,
'8-1', '4-4', '13-0', '15-0', '2-8', '1-9', '9-1', '8-2', '5-4', '4-5' ,
'0-18', '2-9', '1-12', '0-20', '18-0', '0-21', '9-2', '12-1', '5-5', '0-24' ,
'4-8', '1-13', '20-0', '8-4', '1-16', '22-0', '2-12', '13-1', '24-0', '0-25' ,
'15-1', '0-26', '5-8', '4-9', '12-2', '2-13', '9-4', '2-16', '8-5', '13-2' ,
'25-0', '26-0', '1-18', '15-2', '0-28', '28-0', '5-9', '4-12', '0-30', '18-1' ,
'9-5', '12-4', '1-20', '1-21', '0-33', '8-8', '0-34', '0-35', '1-24', '2-18' ,
'0-36', '20-1', '4-13', '22-1', '4-16', '30-0', '13-4', '5-12', '15-4', '24-1' ,
'33-0', '18-2', '2-20', '2-21', '34-0', '8-9', '35-0', '1-25', '9-8', '1-26' ,
'0-39', '2-24', '12-5', '37-0', '5-13', '20-2', '5-16', '22-2', '13-5', '25-1' ,
'0-42', '24-2', '26-1', '15-5', '39-0', '2-25', '4-18', '2-26', '9-9', '8-12' ,
'28-1', '1-28', '18-4', '0-44', '41-0', '12-8', '1-30', '4-20', '0-45', '4-21' ,
'0-46', '25-2', '13-8', '1-33', '8-13', '20-4', '8-16', '22-4', '4-24', '26-2' ,
'5-18', '1-34', '15-8', '1-35', '30-1', '2-28', '1-36', '28-2', '9-12', '24-4' ,
'44-0', '12-9', '33-1', '45-0', '2-30', '18-5', '0-52', '0-53', '46-0', '34-1' ,
'5-20', '35-1', '5-21', '4-25', '4-26', '2-33', '13-9', '9-13', '1-39', '5-24' ,
'37-1', '9-16', '2-34', '2-35', '0-54', '20-5', '22-5', '2-36', '50-0', '51-0' ,
'30-2', '15-9', '25-4', '0-55', '26-4', '8-18', '24-5', '12-12', '39-1', '33-2' ,
])

index_select (len=200) = np.array([
0, 1, 2, 3, 4, 5, 6, 7, 8, 9 ,
10, 11, 12, 13, 14, 15, 16, 17, 18, 19 ,
20, 21, 22, 23, 24, 25, 26, 27, 28, 29 ,
30, 31, 32, 33, 34, 35, 36, 37, 38, 39 ,
40, 41, 42, 43, 44, 45, 46, 47, 48, 49 ,
50, 51, 52, 53, 54, 55, 56, 57, 58, 59 ,
60, 61, 62, 63, 64, 65, 66, 67, 68, 69 ,
70, 71, 72, 73, 74, 75, 76, 77, 78, 79 ,
80, 81, 82, 83, 84, 85, 86, 87, 88, 89 ,
90, 91, 92, 93, 94, 95, 96, 97, 98, 99 ,
100, 101, 102, 103, 104, 105, 106, 107, 108, 109 ,
110, 111, 112, 113, 114, 115, 116, 117, 118, 119 ,
120, 121, 122, 123, 124, 125, 126, 127, 128, 129 ,
130, 131, 132, 133, 134, 135, 136, 137, 138, 139 ,
140, 141, 142, 143, 144, 145, 146, 147, 148, 149 ,
150, 151, 152, 153, 154, 155, 156, 157, 158, 159 ,
160, 161, 162, 163, 164, 165, 166, 167, 168, 169 ,
170, 171, 172, 173, 174, 175, 176, 177, 178, 179 ,
180, 181, 182, 183, 184, 185, 186, 187, 188, 189 ,
190, 191, 192, 193, 194, 195, 196, 197, 198, 199 ,
])

f_ideal_200 = np.array([
-3.87974404 ,
])

===== Memory usage =====
[n_truc=200, tg=26] Peak RSS: 8.48 GB
[n_truc=200, tg=26] Peak PSS: 1.78 GB

Current China Time: 2026-07-31 15:48:41.779762+08:00

============================================================


----- n_truc=200, tg=27 -----

hspace_select (len=200) = np.array([
'0-0', '0-1', '1-0', '0-2', '2-0', '0-4', '4-0', '1-1', '0-5', '2-1' ,
'5-0', '1-2', '0-8', '2-2', '8-0', '1-4', '4-1', '0-9', '2-4', '9-0' ,
'1-5', '5-1', '4-2', '0-12', '2-5', '1-8', '5-2', '12-0', '0-13', '0-16' ,
'8-1', '4-4', '13-0', '15-0', '2-8', '1-9', '9-1', '8-2', '5-4', '4-5' ,
'0-18', '2-9', '1-12', '0-20', '18-0', '0-21', '9-2', '12-1', '5-5', '0-24' ,
'4-8', '1-13', '20-0', '8-4', '1-16', '22-0', '2-12', '13-1', '24-0', '0-25' ,
'15-1', '0-26', '5-8', '4-9', '12-2', '2-13', '9-4', '2-16', '8-5', '13-2' ,
'25-0', '26-0', '1-18', '15-2', '0-28', '28-0', '5-9', '4-12', '0-30', '18-1' ,
'9-5', '12-4', '1-20', '1-21', '0-33', '8-8', '0-34', '0-35', '1-24', '2-18' ,
'0-36', '20-1', '4-13', '22-1', '4-16', '30-0', '13-4', '5-12', '15-4', '24-1' ,
'33-0', '18-2', '2-20', '2-21', '34-0', '8-9', '35-0', '1-25', '9-8', '1-26' ,
'0-39', '2-24', '12-5', '37-0', '5-13', '20-2', '5-16', '22-2', '13-5', '25-1' ,
'0-42', '24-2', '26-1', '15-5', '39-0', '2-25', '4-18', '2-26', '9-9', '8-12' ,
'28-1', '1-28', '18-4', '0-44', '41-0', '12-8', '1-30', '4-20', '0-45', '4-21' ,
'0-46', '25-2', '13-8', '1-33', '8-13', '20-4', '8-16', '22-4', '4-24', '26-2' ,
'5-18', '1-34', '15-8', '1-35', '30-1', '2-28', '1-36', '28-2', '9-12', '24-4' ,
'44-0', '12-9', '33-1', '45-0', '2-30', '18-5', '0-52', '0-53', '46-0', '34-1' ,
'5-20', '35-1', '5-21', '4-25', '4-26', '2-33', '13-9', '9-13', '1-39', '5-24' ,
'37-1', '9-16', '2-34', '2-35', '0-54', '20-5', '22-5', '2-36', '50-0', '51-0' ,
'30-2', '15-9', '25-4', '0-55', '26-4', '8-18', '24-5', '12-12', '39-1', '33-2' ,
])

index_select (len=200) = np.array([
0, 1, 2, 3, 4, 5, 6, 7, 8, 9 ,
10, 11, 12, 13, 14, 15, 16, 17, 18, 19 ,
20, 21, 22, 23, 24, 25, 26, 27, 28, 29 ,
30, 31, 32, 33, 34, 35, 36, 37, 38, 39 ,
40, 41, 42, 43, 44, 45, 46, 47, 48, 49 ,
50, 51, 52, 53, 54, 55, 56, 57, 58, 59 ,
60, 61, 62, 63, 64, 65, 66, 67, 68, 69 ,
70, 71, 72, 73, 74, 75, 76, 77, 78, 79 ,
80, 81, 82, 83, 84, 85, 86, 87, 88, 89 ,
90, 91, 92, 93, 94, 95, 96, 97, 98, 99 ,
100, 101, 102, 103, 104, 105, 106, 107, 108, 109 ,
110, 111, 112, 113, 114, 115, 116, 117, 118, 119 ,
120, 121, 122, 123, 124, 125, 126, 127, 128, 129 ,
130, 131, 132, 133, 134, 135, 136, 137, 138, 139 ,
140, 141, 142, 143, 144, 145, 146, 147, 148, 149 ,
150, 151, 152, 153, 154, 155, 156, 157, 158, 159 ,
160, 161, 162, 163, 164, 165, 166, 167, 168, 169 ,
170, 171, 172, 173, 174, 175, 176, 177, 178, 179 ,
180, 181, 182, 183, 184, 185, 186, 187, 188, 189 ,
190, 191, 192, 193, 194, 195, 196, 197, 198, 199 ,
])

f_ideal_200 = np.array([
-4.17517003 ,
])

===== Memory usage =====
[n_truc=200, tg=27] Peak RSS: 8.53 GB
[n_truc=200, tg=27] Peak PSS: 1.76 GB

Current China Time: 2026-07-31 15:48:50.449651+08:00

============================================================


----- n_truc=200, tg=28 -----

hspace_select (len=200) = np.array([
'0-0', '0-1', '1-0', '0-2', '2-0', '0-4', '4-0', '1-1', '0-5', '2-1' ,
'5-0', '1-2', '0-8', '2-2', '8-0', '1-4', '4-1', '0-9', '2-4', '9-0' ,
'1-5', '5-1', '4-2', '0-12', '2-5', '1-8', '5-2', '12-0', '0-13', '0-16' ,
'8-1', '4-4', '13-0', '15-0', '2-8', '1-9', '9-1', '8-2', '5-4', '4-5' ,
'0-18', '2-9', '1-12', '0-20', '18-0', '0-21', '9-2', '12-1', '5-5', '0-24' ,
'4-8', '1-13', '20-0', '8-4', '1-16', '22-0', '2-12', '13-1', '24-0', '0-25' ,
'15-1', '0-26', '5-8', '4-9', '12-2', '2-13', '9-4', '2-16', '8-5', '13-2' ,
'25-0', '26-0', '1-18', '15-2', '0-28', '28-0', '5-9', '4-12', '0-30', '18-1' ,
'9-5', '12-4', '1-20', '1-21', '0-33', '8-8', '0-34', '0-35', '1-24', '2-18' ,
'0-36', '20-1', '4-13', '22-1', '4-16', '30-0', '13-4', '5-12', '15-4', '24-1' ,
'33-0', '18-2', '2-20', '2-21', '34-0', '8-9', '35-0', '1-25', '9-8', '1-26' ,
'0-39', '2-24', '12-5', '37-0', '5-13', '20-2', '5-16', '22-2', '13-5', '25-1' ,
'0-42', '24-2', '26-1', '15-5', '39-0', '2-25', '4-18', '2-26', '9-9', '8-12' ,
'28-1', '1-28', '18-4', '0-44', '41-0', '12-8', '1-30', '4-20', '0-45', '4-21' ,
'0-46', '25-2', '13-8', '1-33', '8-13', '20-4', '8-16', '22-4', '4-24', '26-2' ,
'5-18', '1-34', '15-8', '1-35', '30-1', '2-28', '1-36', '28-2', '9-12', '24-4' ,
'44-0', '12-9', '33-1', '45-0', '2-30', '18-5', '0-52', '0-53', '46-0', '34-1' ,
'5-20', '35-1', '5-21', '4-25', '4-26', '2-33', '13-9', '9-13', '1-39', '5-24' ,
'37-1', '9-16', '2-34', '2-35', '0-54', '20-5', '22-5', '2-36', '50-0', '51-0' ,
'30-2', '15-9', '25-4', '0-55', '26-4', '8-18', '24-5', '12-12', '39-1', '33-2' ,
])

index_select (len=200) = np.array([
0, 1, 2, 3, 4, 5, 6, 7, 8, 9 ,
10, 11, 12, 13, 14, 15, 16, 17, 18, 19 ,
20, 21, 22, 23, 24, 25, 26, 27, 28, 29 ,
30, 31, 32, 33, 34, 35, 36, 37, 38, 39 ,
40, 41, 42, 43, 44, 45, 46, 47, 48, 49 ,
50, 51, 52, 53, 54, 55, 56, 57, 58, 59 ,
60, 61, 62, 63, 64, 65, 66, 67, 68, 69 ,
70, 71, 72, 73, 74, 75, 76, 77, 78, 79 ,
80, 81, 82, 83, 84, 85, 86, 87, 88, 89 ,
90, 91, 92, 93, 94, 95, 96, 97, 98, 99 ,
100, 101, 102, 103, 104, 105, 106, 107, 108, 109 ,
110, 111, 112, 113, 114, 115, 116, 117, 118, 119 ,
120, 121, 122, 123, 124, 125, 126, 127, 128, 129 ,
130, 131, 132, 133, 134, 135, 136, 137, 138, 139 ,
140, 141, 142, 143, 144, 145, 146, 147, 148, 149 ,
150, 151, 152, 153, 154, 155, 156, 157, 158, 159 ,
160, 161, 162, 163, 164, 165, 166, 167, 168, 169 ,
170, 171, 172, 173, 174, 175, 176, 177, 178, 179 ,
180, 181, 182, 183, 184, 185, 186, 187, 188, 189 ,
190, 191, 192, 193, 194, 195, 196, 197, 198, 199 ,
])

f_ideal_200 = np.array([
-4.31401867 ,
])

===== Memory usage =====
[n_truc=200, tg=28] Peak RSS: 8.54 GB
[n_truc=200, tg=28] Peak PSS: 1.77 GB

Current China Time: 2026-07-31 15:48:59.578469+08:00

============================================================


----- n_truc=200, tg=29 -----

hspace_select (len=200) = np.array([
'0-0', '0-1', '1-0', '0-2', '2-0', '0-4', '4-0', '1-1', '0-5', '2-1' ,
'5-0', '1-2', '0-8', '2-2', '8-0', '1-4', '4-1', '0-9', '2-4', '9-0' ,
'1-5', '5-1', '4-2', '0-12', '2-5', '1-8', '5-2', '12-0', '0-13', '0-16' ,
'8-1', '4-4', '13-0', '15-0', '2-8', '1-9', '9-1', '8-2', '5-4', '4-5' ,
'0-18', '2-9', '1-12', '0-20', '18-0', '0-21', '9-2', '12-1', '5-5', '0-24' ,
'4-8', '1-13', '20-0', '8-4', '1-16', '22-0', '2-12', '13-1', '24-0', '0-25' ,
'15-1', '0-26', '5-8', '4-9', '12-2', '2-13', '9-4', '2-16', '8-5', '13-2' ,
'25-0', '26-0', '1-18', '15-2', '0-28', '28-0', '5-9', '4-12', '0-30', '18-1' ,
'9-5', '12-4', '1-20', '1-21', '0-33', '8-8', '0-34', '0-35', '1-24', '2-18' ,
'0-36', '20-1', '4-13', '22-1', '4-16', '30-0', '13-4', '5-12', '15-4', '24-1' ,
'33-0', '18-2', '2-20', '2-21', '34-0', '8-9', '35-0', '1-25', '9-8', '1-26' ,
'0-39', '2-24', '12-5', '37-0', '5-13', '20-2', '5-16', '22-2', '13-5', '25-1' ,
'0-42', '24-2', '26-1', '15-5', '39-0', '2-25', '4-18', '2-26', '9-9', '8-12' ,
'28-1', '1-28', '18-4', '0-44', '41-0', '12-8', '1-30', '4-20', '0-45', '4-21' ,
'0-46', '25-2', '13-8', '1-33', '8-13', '20-4', '8-16', '22-4', '4-24', '26-2' ,
'5-18', '1-34', '15-8', '1-35', '30-1', '2-28', '1-36', '28-2', '9-12', '24-4' ,
'44-0', '12-9', '33-1', '45-0', '2-30', '18-5', '0-52', '0-53', '46-0', '34-1' ,
'5-20', '35-1', '5-21', '4-25', '4-26', '2-33', '13-9', '9-13', '1-39', '5-24' ,
'37-1', '9-16', '2-34', '2-35', '0-54', '20-5', '22-5', '2-36', '50-0', '51-0' ,
'30-2', '15-9', '25-4', '0-55', '26-4', '8-18', '24-5', '12-12', '39-1', '33-2' ,
])

index_select (len=200) = np.array([
0, 1, 2, 3, 4, 5, 6, 7, 8, 9 ,
10, 11, 12, 13, 14, 15, 16, 17, 18, 19 ,
20, 21, 22, 23, 24, 25, 26, 27, 28, 29 ,
30, 31, 32, 33, 34, 35, 36, 37, 38, 39 ,
40, 41, 42, 43, 44, 45, 46, 47, 48, 49 ,
50, 51, 52, 53, 54, 55, 56, 57, 58, 59 ,
60, 61, 62, 63, 64, 65, 66, 67, 68, 69 ,
70, 71, 72, 73, 74, 75, 76, 77, 78, 79 ,
80, 81, 82, 83, 84, 85, 86, 87, 88, 89 ,
90, 91, 92, 93, 94, 95, 96, 97, 98, 99 ,
100, 101, 102, 103, 104, 105, 106, 107, 108, 109 ,
110, 111, 112, 113, 114, 115, 116, 117, 118, 119 ,
120, 121, 122, 123, 124, 125, 126, 127, 128, 129 ,
130, 131, 132, 133, 134, 135, 136, 137, 138, 139 ,
140, 141, 142, 143, 144, 145, 146, 147, 148, 149 ,
150, 151, 152, 153, 154, 155, 156, 157, 158, 159 ,
160, 161, 162, 163, 164, 165, 166, 167, 168, 169 ,
170, 171, 172, 173, 174, 175, 176, 177, 178, 179 ,
180, 181, 182, 183, 184, 185, 186, 187, 188, 189 ,
190, 191, 192, 193, 194, 195, 196, 197, 198, 199 ,
])

f_ideal_200 = np.array([
-4.25024653 ,
])

===== Memory usage =====
[n_truc=200, tg=29] Peak RSS: 8.50 GB
[n_truc=200, tg=29] Peak PSS: 1.78 GB

Current China Time: 2026-07-31 15:49:09.116828+08:00

============================================================


===== Memory usage by n_truc and tg =====
n_truc=200, tg=0: Peak RSS=8.32 GB, Peak PSS=1.69 GB
n_truc=200, tg=1: Peak RSS=8.34 GB, Peak PSS=1.70 GB
n_truc=200, tg=2: Peak RSS=8.35 GB, Peak PSS=1.70 GB
n_truc=200, tg=3: Peak RSS=8.36 GB, Peak PSS=1.71 GB
n_truc=200, tg=4: Peak RSS=8.37 GB, Peak PSS=1.71 GB
n_truc=200, tg=5: Peak RSS=8.37 GB, Peak PSS=1.71 GB
n_truc=200, tg=6: Peak RSS=8.38 GB, Peak PSS=1.71 GB
n_truc=200, tg=7: Peak RSS=8.38 GB, Peak PSS=1.71 GB
n_truc=200, tg=8: Peak RSS=8.39 GB, Peak PSS=1.72 GB
n_truc=200, tg=9: Peak RSS=8.40 GB, Peak PSS=1.72 GB
n_truc=200, tg=10: Peak RSS=8.40 GB, Peak PSS=1.72 GB
n_truc=200, tg=11: Peak RSS=8.41 GB, Peak PSS=1.72 GB
n_truc=200, tg=12: Peak RSS=8.41 GB, Peak PSS=1.73 GB
n_truc=200, tg=13: Peak RSS=8.43 GB, Peak PSS=1.73 GB
n_truc=200, tg=14: Peak RSS=8.43 GB, Peak PSS=1.73 GB
n_truc=200, tg=15: Peak RSS=8.43 GB, Peak PSS=1.74 GB
n_truc=200, tg=16: Peak RSS=8.42 GB, Peak PSS=1.74 GB
n_truc=200, tg=17: Peak RSS=8.45 GB, Peak PSS=1.74 GB
n_truc=200, tg=18: Peak RSS=8.45 GB, Peak PSS=1.75 GB
n_truc=200, tg=19: Peak RSS=8.47 GB, Peak PSS=1.76 GB
n_truc=200, tg=20: Peak RSS=8.48 GB, Peak PSS=1.77 GB
n_truc=200, tg=21: Peak RSS=8.45 GB, Peak PSS=1.76 GB
n_truc=200, tg=22: Peak RSS=8.45 GB, Peak PSS=1.74 GB
n_truc=200, tg=23: Peak RSS=8.46 GB, Peak PSS=1.74 GB
n_truc=200, tg=24: Peak RSS=8.50 GB, Peak PSS=1.75 GB
n_truc=200, tg=25: Peak RSS=8.51 GB, Peak PSS=1.76 GB
n_truc=200, tg=26: Peak RSS=8.48 GB, Peak PSS=1.78 GB
n_truc=200, tg=27: Peak RSS=8.53 GB, Peak PSS=1.76 GB
n_truc=200, tg=28: Peak RSS=8.54 GB, Peak PSS=1.77 GB
n_truc=200, tg=29: Peak RSS=8.50 GB, Peak PSS=1.78 GB

fidelity_ideal_list = np.array([
[-0.5014073889205216] ,
[-0.22356995427313642] ,
[-0.2898333905675301] ,
[-0.4765225503270354] ,
[-0.9953324865779963] ,
[-1.0937007821823284] ,
[-0.9647691314506014] ,
[-0.956306280320073] ,
[-1.128424470801423] ,
[-1.2678143357978173] ,
[-1.5608314314032934] ,
[-2.0553195969018567] ,
[-2.472414471885312] ,
[-2.235310716273299] ,
[-2.0114375656899064] ,
[-2.2336286300247177] ,
[-2.7335708224504547] ,
[-3.0597272127918567] ,
[-2.9018328559863087] ,
[-2.956390972292078] ,
[-3.1829097210614234] ,
[-3.24667154875247] ,
[-3.232444892492138] ,
[-3.3947770094777683] ,
[-3.6281873012785266] ,
[-3.736418416838863] ,
[-3.879744039590469] ,
[-4.175170034783538] ,
[-4.314018666957953] ,
[-4.250246533659474] ,
])
