run_2q_fidelity.py

Current China Time: 2026-08-01 21:25:26.682519+08:00

params = np.array([
[20.042209, 0.049978, 0.039991] ,
[26.099981, 0.026182, 0.019529] ,
[32.057496, 0.047462, 0.021916] ,
[38.059233, 0.041072, 0.025351] ,
[44.046786, 0.033734, 0.028972] ,
[50.067794, 0.036383, 0.039999] ,
[56.065043, 0.028997, 0.039984] ,
[62.061713, 0.02096, 0.017575] ,
[68.034924, 0.018637, 0.016083] ,
[74.044345, 0.016515, 0.015571] ,
[80.08052, 0.022351, 0.025764] ,
[86.104958, 0.019856, 0.025527] ,
[91.947295, 0.017908, 0.025175] ,
[97.915742, 0.016361, 0.024639] ,
[104.063579, 0.015087, 0.022589] ,
[110.015207, 0.014187, 0.020769] ,
[116.085225, 0.013312, 0.020023] ,
[121.899104, 0.012552, 0.019398] ,
[127.98677, 0.011843, 0.018552] ,
[134.046451, 0.011217, 0.01769] ,
[140.026912, 0.010657, 0.016972] ,
[146.029202, 0.01015, 0.016335] ,
[151.996899, 0.009688, 0.01572] ,
[158.047613, 0.009264, 0.015093] ,
[164.005505, 0.008876, 0.014574] ,
])

============================================================
 Configuration 
============================================================

[cz_run]
    True

[n_truc_list]
    [60]

[reduced_model]
    charge_pick

[calculate_ideal]
    False

[calculate_noise]
    True

[max_step_ideal]
    0.001

[max_step_noisy]
    0.001

[apply_decay]
    True

[apply_dephase]
    True

[decay_enlarge]
    1

[filter_ratio]
    0.3

[t1_tphi_other]
    30.0

[noise_dephase_path]
    ../data/flux_derivative_truc500/gamma_phi_2Q_truc500.npz

[tg_para]
    False

[num_cpus_ideal]
    4

[num_cpus_noisy]
    16

[folder_load]
    ../data/Two_qubit_data_Sorted_Truc

[n_job]
    10

[use_qt_fidelity]
    False

[tg_list]
    type: np.ndarray, shape=(25,)
    preview: [0, 1, 2, 3, 4, 5, 6, 7, 8, 9, 10, 11, 12, 13, 14, 15, 16, 17, 18, 19, 20, 21, 22, 23, 24]

[params]
    type: np.ndarray, shape=(25, 3)
      [20.042209, 0.049978, 0.039991]
      [26.099981, 0.026182, 0.019529]
      [32.057496, 0.047462, 0.021916]
      [38.059233, 0.041072, 0.025351]
      [44.046786, 0.033734, 0.028972]
      [50.067794, 0.036383, 0.039999]
      [56.065043, 0.028997, 0.039984]
      [62.061713, 0.02096, 0.017575]
      [68.034924, 0.018637, 0.016083]
      [74.044345, 0.016515, 0.015571]
      [80.08052, 0.022351, 0.025764]
      [86.104958, 0.019856, 0.025527]
      [91.947295, 0.017908, 0.025175]
      [97.915742, 0.016361, 0.024639]
      [104.063579, 0.015087, 0.022589]
      [110.015207, 0.014187, 0.020769]
      [116.085225, 0.013312, 0.020023]
      [121.899104, 0.012552, 0.019398]
      [127.98677, 0.011843, 0.018552]
      [134.046451, 0.011217, 0.01769]
      [140.026912, 0.010657, 0.016972]
      [146.029202, 0.01015, 0.016335]
      [151.996899, 0.009688, 0.01572]
      [158.047613, 0.009264, 0.015093]
      [164.005505, 0.008876, 0.014574]

============================================================


===== n_truc = 60 =====

----- n_truc=60, tg=0 -----

hspace_select (len=60) = np.array([
'0-0', '0-1', '1-0', '0-2', '2-0', '0-4', '4-0', '1-1', '0-5', '2-1' ,
'5-0', '1-2', '0-8', '2-2', '8-0', '1-4', '4-1', '0-9', '2-4', '9-0' ,
'1-5', '5-1', '4-2', '0-12', '2-5', '1-8', '5-2', '12-0', '0-13', '0-16' ,
'8-1', '4-4', '13-0', '15-0', '2-8', '1-9', '9-1', '8-2', '5-4', '4-5' ,
'0-18', '2-9', '1-12', '0-20', '18-0', '0-21', '9-2', '12-1', '5-5', '0-24' ,
'4-8', '1-13', '20-0', '8-4', '1-16', '22-0', '2-12', '13-1', '24-0', '0-25' ,
])

index_select (len=60) = np.array([
0, 1, 2, 3, 4, 5, 6, 7, 8, 9 ,
10, 11, 12, 13, 14, 15, 16, 17, 18, 19 ,
20, 21, 22, 23, 24, 25, 26, 27, 28, 29 ,
30, 31, 32, 33, 34, 35, 36, 37, 38, 39 ,
40, 41, 42, 43, 44, 45, 46, 47, 48, 49 ,
50, 51, 52, 53, 54, 55, 56, 57, 58, 59 ,
])
noise source = ../data/flux_derivative_truc500/gamma_phi_2Q_truc500.npz
np.shape(c_op_list) = (367, 60, 60)

===== Memory usage =====
[n_truc=60, tg=0] Peak RSS: 36.72 GB
[n_truc=60, tg=0] Peak PSS: 11.00 GB

f_30.0us_60_tg0 = np.array([
-0.54330137 ,
])

Current China Time: 2026-08-01 21:33:58.259503+08:00

============================================================


----- n_truc=60, tg=1 -----

hspace_select (len=60) = np.array([
'0-0', '0-1', '1-0', '0-2', '2-0', '0-4', '4-0', '1-1', '0-5', '2-1' ,
'5-0', '1-2', '0-8', '2-2', '8-0', '1-4', '4-1', '0-9', '2-4', '9-0' ,
'1-5', '5-1', '4-2', '0-12', '2-5', '1-8', '5-2', '12-0', '0-13', '0-16' ,
'8-1', '4-4', '13-0', '15-0', '2-8', '1-9', '9-1', '8-2', '5-4', '4-5' ,
'0-18', '2-9', '1-12', '0-20', '18-0', '0-21', '9-2', '12-1', '5-5', '0-24' ,
'4-8', '1-13', '20-0', '8-4', '1-16', '22-0', '2-12', '13-1', '24-0', '0-25' ,
])

index_select (len=60) = np.array([
0, 1, 2, 3, 4, 5, 6, 7, 8, 9 ,
10, 11, 12, 13, 14, 15, 16, 17, 18, 19 ,
20, 21, 22, 23, 24, 25, 26, 27, 28, 29 ,
30, 31, 32, 33, 34, 35, 36, 37, 38, 39 ,
40, 41, 42, 43, 44, 45, 46, 47, 48, 49 ,
50, 51, 52, 53, 54, 55, 56, 57, 58, 59 ,
])
noise source = ../data/flux_derivative_truc500/gamma_phi_2Q_truc500.npz
np.shape(c_op_list) = (367, 60, 60)

===== Memory usage =====
[n_truc=60, tg=1] Peak RSS: 38.34 GB
[n_truc=60, tg=1] Peak PSS: 10.08 GB

f_30.0us_60_tg1 = np.array([
-0.28014916 ,
])

Current China Time: 2026-08-01 21:48:04.240473+08:00

============================================================


----- n_truc=60, tg=2 -----

hspace_select (len=60) = np.array([
'0-0', '0-1', '1-0', '0-2', '2-0', '0-4', '4-0', '1-1', '0-5', '2-1' ,
'5-0', '1-2', '0-8', '2-2', '8-0', '1-4', '4-1', '0-9', '2-4', '9-0' ,
'1-5', '5-1', '4-2', '0-12', '2-5', '1-8', '5-2', '12-0', '0-13', '0-16' ,
'8-1', '4-4', '13-0', '15-0', '2-8', '1-9', '9-1', '8-2', '5-4', '4-5' ,
'0-18', '2-9', '1-12', '0-20', '18-0', '0-21', '9-2', '12-1', '5-5', '0-24' ,
'4-8', '1-13', '20-0', '8-4', '1-16', '22-0', '2-12', '13-1', '24-0', '0-25' ,
])

index_select (len=60) = np.array([
0, 1, 2, 3, 4, 5, 6, 7, 8, 9 ,
10, 11, 12, 13, 14, 15, 16, 17, 18, 19 ,
20, 21, 22, 23, 24, 25, 26, 27, 28, 29 ,
30, 31, 32, 33, 34, 35, 36, 37, 38, 39 ,
40, 41, 42, 43, 44, 45, 46, 47, 48, 49 ,
50, 51, 52, 53, 54, 55, 56, 57, 58, 59 ,
])
noise source = ../data/flux_derivative_truc500/gamma_phi_2Q_truc500.npz
np.shape(c_op_list) = (367, 60, 60)

===== Memory usage =====
[n_truc=60, tg=2] Peak RSS: 39.54 GB
[n_truc=60, tg=2] Peak PSS: 9.94 GB

f_30.0us_60_tg2 = np.array([
-0.44060991 ,
])

Current China Time: 2026-08-01 22:05:35.959154+08:00

============================================================


----- n_truc=60, tg=3 -----

hspace_select (len=60) = np.array([
'0-0', '0-1', '1-0', '0-2', '2-0', '0-4', '4-0', '1-1', '0-5', '2-1' ,
'5-0', '1-2', '0-8', '2-2', '8-0', '1-4', '4-1', '0-9', '2-4', '9-0' ,
'1-5', '5-1', '4-2', '0-12', '2-5', '1-8', '5-2', '12-0', '0-13', '0-16' ,
'8-1', '4-4', '13-0', '15-0', '2-8', '1-9', '9-1', '8-2', '5-4', '4-5' ,
'0-18', '2-9', '1-12', '0-20', '18-0', '0-21', '9-2', '12-1', '5-5', '0-24' ,
'4-8', '1-13', '20-0', '8-4', '1-16', '22-0', '2-12', '13-1', '24-0', '0-25' ,
])

index_select (len=60) = np.array([
0, 1, 2, 3, 4, 5, 6, 7, 8, 9 ,
10, 11, 12, 13, 14, 15, 16, 17, 18, 19 ,
20, 21, 22, 23, 24, 25, 26, 27, 28, 29 ,
30, 31, 32, 33, 34, 35, 36, 37, 38, 39 ,
40, 41, 42, 43, 44, 45, 46, 47, 48, 49 ,
50, 51, 52, 53, 54, 55, 56, 57, 58, 59 ,
])
noise source = ../data/flux_derivative_truc500/gamma_phi_2Q_truc500.npz
np.shape(c_op_list) = (367, 60, 60)

===== Memory usage =====
[n_truc=60, tg=3] Peak RSS: 40.76 GB
[n_truc=60, tg=3] Peak PSS: 10.09 GB

f_30.0us_60_tg3 = np.array([
-0.90747626 ,
])

Current China Time: 2026-08-01 22:21:18.612303+08:00

============================================================


----- n_truc=60, tg=4 -----

hspace_select (len=60) = np.array([
'0-0', '0-1', '1-0', '0-2', '2-0', '0-4', '4-0', '1-1', '0-5', '2-1' ,
'5-0', '1-2', '0-8', '2-2', '8-0', '1-4', '4-1', '0-9', '2-4', '9-0' ,
'1-5', '5-1', '4-2', '0-12', '2-5', '1-8', '5-2', '12-0', '0-13', '0-16' ,
'8-1', '4-4', '13-0', '15-0', '2-8', '1-9', '9-1', '8-2', '5-4', '4-5' ,
'0-18', '2-9', '1-12', '0-20', '18-0', '0-21', '9-2', '12-1', '5-5', '0-24' ,
'4-8', '1-13', '20-0', '8-4', '1-16', '22-0', '2-12', '13-1', '24-0', '0-25' ,
])

index_select (len=60) = np.array([
0, 1, 2, 3, 4, 5, 6, 7, 8, 9 ,
10, 11, 12, 13, 14, 15, 16, 17, 18, 19 ,
20, 21, 22, 23, 24, 25, 26, 27, 28, 29 ,
30, 31, 32, 33, 34, 35, 36, 37, 38, 39 ,
40, 41, 42, 43, 44, 45, 46, 47, 48, 49 ,
50, 51, 52, 53, 54, 55, 56, 57, 58, 59 ,
])
noise source = ../data/flux_derivative_truc500/gamma_phi_2Q_truc500.npz
np.shape(c_op_list) = (367, 60, 60)

===== Memory usage =====
[n_truc=60, tg=4] Peak RSS: 41.90 GB
[n_truc=60, tg=4] Peak PSS: 10.14 GB

f_30.0us_60_tg4 = np.array([
-1.19594968 ,
])

Current China Time: 2026-08-01 22:41:45.529816+08:00

============================================================


----- n_truc=60, tg=5 -----

hspace_select (len=60) = np.array([
'0-0', '0-1', '1-0', '0-2', '2-0', '0-4', '4-0', '1-1', '0-5', '2-1' ,
'5-0', '1-2', '0-8', '2-2', '8-0', '1-4', '4-1', '0-9', '2-4', '9-0' ,
'1-5', '5-1', '4-2', '0-12', '2-5', '1-8', '5-2', '12-0', '0-13', '0-16' ,
'8-1', '4-4', '13-0', '15-0', '2-8', '1-9', '9-1', '8-2', '5-4', '4-5' ,
'0-18', '2-9', '1-12', '0-20', '18-0', '0-21', '9-2', '12-1', '5-5', '0-24' ,
'4-8', '1-13', '20-0', '8-4', '1-16', '22-0', '2-12', '13-1', '24-0', '0-25' ,
])

index_select (len=60) = np.array([
0, 1, 2, 3, 4, 5, 6, 7, 8, 9 ,
10, 11, 12, 13, 14, 15, 16, 17, 18, 19 ,
20, 21, 22, 23, 24, 25, 26, 27, 28, 29 ,
30, 31, 32, 33, 34, 35, 36, 37, 38, 39 ,
40, 41, 42, 43, 44, 45, 46, 47, 48, 49 ,
50, 51, 52, 53, 54, 55, 56, 57, 58, 59 ,
])
noise source = ../data/flux_derivative_truc500/gamma_phi_2Q_truc500.npz
np.shape(c_op_list) = (367, 60, 60)

===== Memory usage =====
[n_truc=60, tg=5] Peak RSS: 42.61 GB
[n_truc=60, tg=5] Peak PSS: 10.17 GB

f_30.0us_60_tg5 = np.array([
-1.16915324 ,
])

Current China Time: 2026-08-01 23:00:46.767028+08:00

============================================================


----- n_truc=60, tg=6 -----

hspace_select (len=60) = np.array([
'0-0', '0-1', '1-0', '0-2', '2-0', '0-4', '4-0', '1-1', '0-5', '2-1' ,
'5-0', '1-2', '0-8', '2-2', '8-0', '1-4', '4-1', '0-9', '2-4', '9-0' ,
'1-5', '5-1', '4-2', '0-12', '2-5', '1-8', '5-2', '12-0', '0-13', '0-16' ,
'8-1', '4-4', '13-0', '15-0', '2-8', '1-9', '9-1', '8-2', '5-4', '4-5' ,
'0-18', '2-9', '1-12', '0-20', '18-0', '0-21', '9-2', '12-1', '5-5', '0-24' ,
'4-8', '1-13', '20-0', '8-4', '1-16', '22-0', '2-12', '13-1', '24-0', '0-25' ,
])

index_select (len=60) = np.array([
0, 1, 2, 3, 4, 5, 6, 7, 8, 9 ,
10, 11, 12, 13, 14, 15, 16, 17, 18, 19 ,
20, 21, 22, 23, 24, 25, 26, 27, 28, 29 ,
30, 31, 32, 33, 34, 35, 36, 37, 38, 39 ,
40, 41, 42, 43, 44, 45, 46, 47, 48, 49 ,
50, 51, 52, 53, 54, 55, 56, 57, 58, 59 ,
])
noise source = ../data/flux_derivative_truc500/gamma_phi_2Q_truc500.npz
np.shape(c_op_list) = (367, 60, 60)

===== Memory usage =====
[n_truc=60, tg=6] Peak RSS: 43.41 GB
[n_truc=60, tg=6] Peak PSS: 11.17 GB

f_30.0us_60_tg6 = np.array([
-1.05153388 ,
])

Current China Time: 2026-08-01 23:19:29.151727+08:00

============================================================


----- n_truc=60, tg=7 -----

hspace_select (len=60) = np.array([
'0-0', '0-1', '1-0', '0-2', '2-0', '0-4', '4-0', '1-1', '0-5', '2-1' ,
'5-0', '1-2', '0-8', '2-2', '8-0', '1-4', '4-1', '0-9', '2-4', '9-0' ,
'1-5', '5-1', '4-2', '0-12', '2-5', '1-8', '5-2', '12-0', '0-13', '0-16' ,
'8-1', '4-4', '13-0', '15-0', '2-8', '1-9', '9-1', '8-2', '5-4', '4-5' ,
'0-18', '2-9', '1-12', '0-20', '18-0', '0-21', '9-2', '12-1', '5-5', '0-24' ,
'4-8', '1-13', '20-0', '8-4', '1-16', '22-0', '2-12', '13-1', '24-0', '0-25' ,
])

index_select (len=60) = np.array([
0, 1, 2, 3, 4, 5, 6, 7, 8, 9 ,
10, 11, 12, 13, 14, 15, 16, 17, 18, 19 ,
20, 21, 22, 23, 24, 25, 26, 27, 28, 29 ,
30, 31, 32, 33, 34, 35, 36, 37, 38, 39 ,
40, 41, 42, 43, 44, 45, 46, 47, 48, 49 ,
50, 51, 52, 53, 54, 55, 56, 57, 58, 59 ,
])
noise source = ../data/flux_derivative_truc500/gamma_phi_2Q_truc500.npz
np.shape(c_op_list) = (367, 60, 60)

===== Memory usage =====
[n_truc=60, tg=7] Peak RSS: 44.49 GB
[n_truc=60, tg=7] Peak PSS: 10.27 GB

f_30.0us_60_tg7 = np.array([
-0.97027307 ,
])

Current China Time: 2026-08-01 23:40:06.473996+08:00

============================================================


----- n_truc=60, tg=8 -----

hspace_select (len=60) = np.array([
'0-0', '0-1', '1-0', '0-2', '2-0', '0-4', '4-0', '1-1', '0-5', '2-1' ,
'5-0', '1-2', '0-8', '2-2', '8-0', '1-4', '4-1', '0-9', '2-4', '9-0' ,
'1-5', '5-1', '4-2', '0-12', '2-5', '1-8', '5-2', '12-0', '0-13', '0-16' ,
'8-1', '4-4', '13-0', '15-0', '2-8', '1-9', '9-1', '8-2', '5-4', '4-5' ,
'0-18', '2-9', '1-12', '0-20', '18-0', '0-21', '9-2', '12-1', '5-5', '0-24' ,
'4-8', '1-13', '20-0', '8-4', '1-16', '22-0', '2-12', '13-1', '24-0', '0-25' ,
])

index_select (len=60) = np.array([
0, 1, 2, 3, 4, 5, 6, 7, 8, 9 ,
10, 11, 12, 13, 14, 15, 16, 17, 18, 19 ,
20, 21, 22, 23, 24, 25, 26, 27, 28, 29 ,
30, 31, 32, 33, 34, 35, 36, 37, 38, 39 ,
40, 41, 42, 43, 44, 45, 46, 47, 48, 49 ,
50, 51, 52, 53, 54, 55, 56, 57, 58, 59 ,
])
noise source = ../data/flux_derivative_truc500/gamma_phi_2Q_truc500.npz
np.shape(c_op_list) = (367, 60, 60)

===== Memory usage =====
[n_truc=60, tg=8] Peak RSS: 45.50 GB
[n_truc=60, tg=8] Peak PSS: 10.22 GB

f_30.0us_60_tg8 = np.array([
-1.13205690 ,
])

Current China Time: 2026-08-02 00:07:54.241907+08:00

============================================================


----- n_truc=60, tg=9 -----

hspace_select (len=60) = np.array([
'0-0', '0-1', '1-0', '0-2', '2-0', '0-4', '4-0', '1-1', '0-5', '2-1' ,
'5-0', '1-2', '0-8', '2-2', '8-0', '1-4', '4-1', '0-9', '2-4', '9-0' ,
'1-5', '5-1', '4-2', '0-12', '2-5', '1-8', '5-2', '12-0', '0-13', '0-16' ,
'8-1', '4-4', '13-0', '15-0', '2-8', '1-9', '9-1', '8-2', '5-4', '4-5' ,
'0-18', '2-9', '1-12', '0-20', '18-0', '0-21', '9-2', '12-1', '5-5', '0-24' ,
'4-8', '1-13', '20-0', '8-4', '1-16', '22-0', '2-12', '13-1', '24-0', '0-25' ,
])

index_select (len=60) = np.array([
0, 1, 2, 3, 4, 5, 6, 7, 8, 9 ,
10, 11, 12, 13, 14, 15, 16, 17, 18, 19 ,
20, 21, 22, 23, 24, 25, 26, 27, 28, 29 ,
30, 31, 32, 33, 34, 35, 36, 37, 38, 39 ,
40, 41, 42, 43, 44, 45, 46, 47, 48, 49 ,
50, 51, 52, 53, 54, 55, 56, 57, 58, 59 ,
])
noise source = ../data/flux_derivative_truc500/gamma_phi_2Q_truc500.npz
np.shape(c_op_list) = (367, 60, 60)

===== Memory usage =====
[n_truc=60, tg=9] Peak RSS: 45.95 GB
[n_truc=60, tg=9] Peak PSS: 10.24 GB

f_30.0us_60_tg9 = np.array([
-1.26942414 ,
])

Current China Time: 2026-08-02 00:37:40.595181+08:00

============================================================


----- n_truc=60, tg=10 -----

hspace_select (len=60) = np.array([
'0-0', '0-1', '1-0', '0-2', '2-0', '0-4', '4-0', '1-1', '0-5', '2-1' ,
'5-0', '1-2', '0-8', '2-2', '8-0', '1-4', '4-1', '0-9', '2-4', '9-0' ,
'1-5', '5-1', '4-2', '0-12', '2-5', '1-8', '5-2', '12-0', '0-13', '0-16' ,
'8-1', '4-4', '13-0', '15-0', '2-8', '1-9', '9-1', '8-2', '5-4', '4-5' ,
'0-18', '2-9', '1-12', '0-20', '18-0', '0-21', '9-2', '12-1', '5-5', '0-24' ,
'4-8', '1-13', '20-0', '8-4', '1-16', '22-0', '2-12', '13-1', '24-0', '0-25' ,
])

index_select (len=60) = np.array([
0, 1, 2, 3, 4, 5, 6, 7, 8, 9 ,
10, 11, 12, 13, 14, 15, 16, 17, 18, 19 ,
20, 21, 22, 23, 24, 25, 26, 27, 28, 29 ,
30, 31, 32, 33, 34, 35, 36, 37, 38, 39 ,
40, 41, 42, 43, 44, 45, 46, 47, 48, 49 ,
50, 51, 52, 53, 54, 55, 56, 57, 58, 59 ,
])
noise source = ../data/flux_derivative_truc500/gamma_phi_2Q_truc500.npz
np.shape(c_op_list) = (367, 60, 60)

===== Memory usage =====
[n_truc=60, tg=10] Peak RSS: 46.97 GB
[n_truc=60, tg=10] Peak PSS: 10.53 GB

f_30.0us_60_tg10 = np.array([
-1.61131099 ,
])

Current China Time: 2026-08-02 01:14:17.324313+08:00

============================================================


----- n_truc=60, tg=11 -----

hspace_select (len=60) = np.array([
'0-0', '0-1', '1-0', '0-2', '2-0', '0-4', '4-0', '1-1', '0-5', '2-1' ,
'5-0', '1-2', '0-8', '2-2', '8-0', '1-4', '4-1', '0-9', '2-4', '9-0' ,
'1-5', '5-1', '4-2', '0-12', '2-5', '1-8', '5-2', '12-0', '0-13', '0-16' ,
'8-1', '4-4', '13-0', '15-0', '2-8', '1-9', '9-1', '8-2', '5-4', '4-5' ,
'0-18', '2-9', '1-12', '0-20', '18-0', '0-21', '9-2', '12-1', '5-5', '0-24' ,
'4-8', '1-13', '20-0', '8-4', '1-16', '22-0', '2-12', '13-1', '24-0', '0-25' ,
])

index_select (len=60) = np.array([
0, 1, 2, 3, 4, 5, 6, 7, 8, 9 ,
10, 11, 12, 13, 14, 15, 16, 17, 18, 19 ,
20, 21, 22, 23, 24, 25, 26, 27, 28, 29 ,
30, 31, 32, 33, 34, 35, 36, 37, 38, 39 ,
40, 41, 42, 43, 44, 45, 46, 47, 48, 49 ,
50, 51, 52, 53, 54, 55, 56, 57, 58, 59 ,
])
noise source = ../data/flux_derivative_truc500/gamma_phi_2Q_truc500.npz
np.shape(c_op_list) = (367, 60, 60)

===== Memory usage =====
[n_truc=60, tg=11] Peak RSS: 46.76 GB
[n_truc=60, tg=11] Peak PSS: 10.58 GB

f_30.0us_60_tg11 = np.array([
-2.18816126 ,
])

Current China Time: 2026-08-02 01:55:38.892831+08:00

============================================================


----- n_truc=60, tg=12 -----

hspace_select (len=60) = np.array([
'0-0', '0-1', '1-0', '0-2', '2-0', '0-4', '4-0', '1-1', '0-5', '2-1' ,
'5-0', '1-2', '0-8', '2-2', '8-0', '1-4', '4-1', '0-9', '2-4', '9-0' ,
'1-5', '5-1', '4-2', '0-12', '2-5', '1-8', '5-2', '12-0', '0-13', '0-16' ,
'8-1', '4-4', '13-0', '15-0', '2-8', '1-9', '9-1', '8-2', '5-4', '4-5' ,
'0-18', '2-9', '1-12', '0-20', '18-0', '0-21', '9-2', '12-1', '5-5', '0-24' ,
'4-8', '1-13', '20-0', '8-4', '1-16', '22-0', '2-12', '13-1', '24-0', '0-25' ,
])

index_select (len=60) = np.array([
0, 1, 2, 3, 4, 5, 6, 7, 8, 9 ,
10, 11, 12, 13, 14, 15, 16, 17, 18, 19 ,
20, 21, 22, 23, 24, 25, 26, 27, 28, 29 ,
30, 31, 32, 33, 34, 35, 36, 37, 38, 39 ,
40, 41, 42, 43, 44, 45, 46, 47, 48, 49 ,
50, 51, 52, 53, 54, 55, 56, 57, 58, 59 ,
])
noise source = ../data/flux_derivative_truc500/gamma_phi_2Q_truc500.npz
np.shape(c_op_list) = (367, 60, 60)

===== Memory usage =====
[n_truc=60, tg=12] Peak RSS: 47.68 GB
[n_truc=60, tg=12] Peak PSS: 10.62 GB

f_30.0us_60_tg12 = np.array([
-2.77093827 ,
])

Current China Time: 2026-08-02 02:39:02.412502+08:00

============================================================


----- n_truc=60, tg=13 -----

hspace_select (len=60) = np.array([
'0-0', '0-1', '1-0', '0-2', '2-0', '0-4', '4-0', '1-1', '0-5', '2-1' ,
'5-0', '1-2', '0-8', '2-2', '8-0', '1-4', '4-1', '0-9', '2-4', '9-0' ,
'1-5', '5-1', '4-2', '0-12', '2-5', '1-8', '5-2', '12-0', '0-13', '0-16' ,
'8-1', '4-4', '13-0', '15-0', '2-8', '1-9', '9-1', '8-2', '5-4', '4-5' ,
'0-18', '2-9', '1-12', '0-20', '18-0', '0-21', '9-2', '12-1', '5-5', '0-24' ,
'4-8', '1-13', '20-0', '8-4', '1-16', '22-0', '2-12', '13-1', '24-0', '0-25' ,
])

index_select (len=60) = np.array([
0, 1, 2, 3, 4, 5, 6, 7, 8, 9 ,
10, 11, 12, 13, 14, 15, 16, 17, 18, 19 ,
20, 21, 22, 23, 24, 25, 26, 27, 28, 29 ,
30, 31, 32, 33, 34, 35, 36, 37, 38, 39 ,
40, 41, 42, 43, 44, 45, 46, 47, 48, 49 ,
50, 51, 52, 53, 54, 55, 56, 57, 58, 59 ,
])
noise source = ../data/flux_derivative_truc500/gamma_phi_2Q_truc500.npz
np.shape(c_op_list) = (367, 60, 60)

===== Memory usage =====
[n_truc=60, tg=13] Peak RSS: 46.72 GB
[n_truc=60, tg=13] Peak PSS: 10.51 GB

f_30.0us_60_tg13 = np.array([
-2.31723585 ,
])

Current China Time: 2026-08-02 03:23:20.394443+08:00

============================================================


----- n_truc=60, tg=14 -----

hspace_select (len=60) = np.array([
'0-0', '0-1', '1-0', '0-2', '2-0', '0-4', '4-0', '1-1', '0-5', '2-1' ,
'5-0', '1-2', '0-8', '2-2', '8-0', '1-4', '4-1', '0-9', '2-4', '9-0' ,
'1-5', '5-1', '4-2', '0-12', '2-5', '1-8', '5-2', '12-0', '0-13', '0-16' ,
'8-1', '4-4', '13-0', '15-0', '2-8', '1-9', '9-1', '8-2', '5-4', '4-5' ,
'0-18', '2-9', '1-12', '0-20', '18-0', '0-21', '9-2', '12-1', '5-5', '0-24' ,
'4-8', '1-13', '20-0', '8-4', '1-16', '22-0', '2-12', '13-1', '24-0', '0-25' ,
])

index_select (len=60) = np.array([
0, 1, 2, 3, 4, 5, 6, 7, 8, 9 ,
10, 11, 12, 13, 14, 15, 16, 17, 18, 19 ,
20, 21, 22, 23, 24, 25, 26, 27, 28, 29 ,
30, 31, 32, 33, 34, 35, 36, 37, 38, 39 ,
40, 41, 42, 43, 44, 45, 46, 47, 48, 49 ,
50, 51, 52, 53, 54, 55, 56, 57, 58, 59 ,
])
noise source = ../data/flux_derivative_truc500/gamma_phi_2Q_truc500.npz
np.shape(c_op_list) = (367, 60, 60)

===== Memory usage =====
[n_truc=60, tg=14] Peak RSS: 50.59 GB
[n_truc=60, tg=14] Peak PSS: 10.70 GB

f_30.0us_60_tg14 = np.array([
-2.02159933 ,
])

Current China Time: 2026-08-02 03:58:22.480602+08:00

============================================================


----- n_truc=60, tg=15 -----

hspace_select (len=60) = np.array([
'0-0', '0-1', '1-0', '0-2', '2-0', '0-4', '4-0', '1-1', '0-5', '2-1' ,
'5-0', '1-2', '0-8', '2-2', '8-0', '1-4', '4-1', '0-9', '2-4', '9-0' ,
'1-5', '5-1', '4-2', '0-12', '2-5', '1-8', '5-2', '12-0', '0-13', '0-16' ,
'8-1', '4-4', '13-0', '15-0', '2-8', '1-9', '9-1', '8-2', '5-4', '4-5' ,
'0-18', '2-9', '1-12', '0-20', '18-0', '0-21', '9-2', '12-1', '5-5', '0-24' ,
'4-8', '1-13', '20-0', '8-4', '1-16', '22-0', '2-12', '13-1', '24-0', '0-25' ,
])

index_select (len=60) = np.array([
0, 1, 2, 3, 4, 5, 6, 7, 8, 9 ,
10, 11, 12, 13, 14, 15, 16, 17, 18, 19 ,
20, 21, 22, 23, 24, 25, 26, 27, 28, 29 ,
30, 31, 32, 33, 34, 35, 36, 37, 38, 39 ,
40, 41, 42, 43, 44, 45, 46, 47, 48, 49 ,
50, 51, 52, 53, 54, 55, 56, 57, 58, 59 ,
])
noise source = ../data/flux_derivative_truc500/gamma_phi_2Q_truc500.npz
np.shape(c_op_list) = (367, 60, 60)

===== Memory usage =====
[n_truc=60, tg=15] Peak RSS: 51.77 GB
[n_truc=60, tg=15] Peak PSS: 10.65 GB

f_30.0us_60_tg15 = np.array([
-2.21458262 ,
])

Current China Time: 2026-08-02 04:37:46.223901+08:00

============================================================


----- n_truc=60, tg=16 -----

hspace_select (len=60) = np.array([
'0-0', '0-1', '1-0', '0-2', '2-0', '0-4', '4-0', '1-1', '0-5', '2-1' ,
'5-0', '1-2', '0-8', '2-2', '8-0', '1-4', '4-1', '0-9', '2-4', '9-0' ,
'1-5', '5-1', '4-2', '0-12', '2-5', '1-8', '5-2', '12-0', '0-13', '0-16' ,
'8-1', '4-4', '13-0', '15-0', '2-8', '1-9', '9-1', '8-2', '5-4', '4-5' ,
'0-18', '2-9', '1-12', '0-20', '18-0', '0-21', '9-2', '12-1', '5-5', '0-24' ,
'4-8', '1-13', '20-0', '8-4', '1-16', '22-0', '2-12', '13-1', '24-0', '0-25' ,
])

index_select (len=60) = np.array([
0, 1, 2, 3, 4, 5, 6, 7, 8, 9 ,
10, 11, 12, 13, 14, 15, 16, 17, 18, 19 ,
20, 21, 22, 23, 24, 25, 26, 27, 28, 29 ,
30, 31, 32, 33, 34, 35, 36, 37, 38, 39 ,
40, 41, 42, 43, 44, 45, 46, 47, 48, 49 ,
50, 51, 52, 53, 54, 55, 56, 57, 58, 59 ,
])
noise source = ../data/flux_derivative_truc500/gamma_phi_2Q_truc500.npz
np.shape(c_op_list) = (367, 60, 60)

===== Memory usage =====
[n_truc=60, tg=16] Peak RSS: 52.13 GB
[n_truc=60, tg=16] Peak PSS: 10.90 GB

f_30.0us_60_tg16 = np.array([
-2.62811810 ,
])

Current China Time: 2026-08-02 05:23:51.711951+08:00

============================================================


----- n_truc=60, tg=17 -----

hspace_select (len=60) = np.array([
'0-0', '0-1', '1-0', '0-2', '2-0', '0-4', '4-0', '1-1', '0-5', '2-1' ,
'5-0', '1-2', '0-8', '2-2', '8-0', '1-4', '4-1', '0-9', '2-4', '9-0' ,
'1-5', '5-1', '4-2', '0-12', '2-5', '1-8', '5-2', '12-0', '0-13', '0-16' ,
'8-1', '4-4', '13-0', '15-0', '2-8', '1-9', '9-1', '8-2', '5-4', '4-5' ,
'0-18', '2-9', '1-12', '0-20', '18-0', '0-21', '9-2', '12-1', '5-5', '0-24' ,
'4-8', '1-13', '20-0', '8-4', '1-16', '22-0', '2-12', '13-1', '24-0', '0-25' ,
])

index_select (len=60) = np.array([
0, 1, 2, 3, 4, 5, 6, 7, 8, 9 ,
10, 11, 12, 13, 14, 15, 16, 17, 18, 19 ,
20, 21, 22, 23, 24, 25, 26, 27, 28, 29 ,
30, 31, 32, 33, 34, 35, 36, 37, 38, 39 ,
40, 41, 42, 43, 44, 45, 46, 47, 48, 49 ,
50, 51, 52, 53, 54, 55, 56, 57, 58, 59 ,
])
noise source = ../data/flux_derivative_truc500/gamma_phi_2Q_truc500.npz
np.shape(c_op_list) = (367, 60, 60)

===== Memory usage =====
[n_truc=60, tg=17] Peak RSS: 51.96 GB
[n_truc=60, tg=17] Peak PSS: 10.58 GB

f_30.0us_60_tg17 = np.array([
-2.82904062 ,
])

Current China Time: 2026-08-02 06:10:04.274549+08:00

============================================================


----- n_truc=60, tg=18 -----

hspace_select (len=60) = np.array([
'0-0', '0-1', '1-0', '0-2', '2-0', '0-4', '4-0', '1-1', '0-5', '2-1' ,
'5-0', '1-2', '0-8', '2-2', '8-0', '1-4', '4-1', '0-9', '2-4', '9-0' ,
'1-5', '5-1', '4-2', '0-12', '2-5', '1-8', '5-2', '12-0', '0-13', '0-16' ,
'8-1', '4-4', '13-0', '15-0', '2-8', '1-9', '9-1', '8-2', '5-4', '4-5' ,
'0-18', '2-9', '1-12', '0-20', '18-0', '0-21', '9-2', '12-1', '5-5', '0-24' ,
'4-8', '1-13', '20-0', '8-4', '1-16', '22-0', '2-12', '13-1', '24-0', '0-25' ,
])

index_select (len=60) = np.array([
0, 1, 2, 3, 4, 5, 6, 7, 8, 9 ,
10, 11, 12, 13, 14, 15, 16, 17, 18, 19 ,
20, 21, 22, 23, 24, 25, 26, 27, 28, 29 ,
30, 31, 32, 33, 34, 35, 36, 37, 38, 39 ,
40, 41, 42, 43, 44, 45, 46, 47, 48, 49 ,
50, 51, 52, 53, 54, 55, 56, 57, 58, 59 ,
])
noise source = ../data/flux_derivative_truc500/gamma_phi_2Q_truc500.npz
np.shape(c_op_list) = (367, 60, 60)

===== Memory usage =====
[n_truc=60, tg=18] Peak RSS: 52.76 GB
[n_truc=60, tg=18] Peak PSS: 10.73 GB

f_30.0us_60_tg18 = np.array([
-2.72134323 ,
])

Current China Time: 2026-08-02 06:53:15.520446+08:00

============================================================


----- n_truc=60, tg=19 -----

hspace_select (len=60) = np.array([
'0-0', '0-1', '1-0', '0-2', '2-0', '0-4', '4-0', '1-1', '0-5', '2-1' ,
'5-0', '1-2', '0-8', '2-2', '8-0', '1-4', '4-1', '0-9', '2-4', '9-0' ,
'1-5', '5-1', '4-2', '0-12', '2-5', '1-8', '5-2', '12-0', '0-13', '0-16' ,
'8-1', '4-4', '13-0', '15-0', '2-8', '1-9', '9-1', '8-2', '5-4', '4-5' ,
'0-18', '2-9', '1-12', '0-20', '18-0', '0-21', '9-2', '12-1', '5-5', '0-24' ,
'4-8', '1-13', '20-0', '8-4', '1-16', '22-0', '2-12', '13-1', '24-0', '0-25' ,
])

index_select (len=60) = np.array([
0, 1, 2, 3, 4, 5, 6, 7, 8, 9 ,
10, 11, 12, 13, 14, 15, 16, 17, 18, 19 ,
20, 21, 22, 23, 24, 25, 26, 27, 28, 29 ,
30, 31, 32, 33, 34, 35, 36, 37, 38, 39 ,
40, 41, 42, 43, 44, 45, 46, 47, 48, 49 ,
50, 51, 52, 53, 54, 55, 56, 57, 58, 59 ,
])
noise source = ../data/flux_derivative_truc500/gamma_phi_2Q_truc500.npz
np.shape(c_op_list) = (367, 60, 60)

===== Memory usage =====
[n_truc=60, tg=19] Peak RSS: 54.10 GB
[n_truc=60, tg=19] Peak PSS: 11.01 GB

f_30.0us_60_tg19 = np.array([
-2.75107980 ,
])

Current China Time: 2026-08-02 07:43:59.869137+08:00

============================================================


----- n_truc=60, tg=20 -----

hspace_select (len=60) = np.array([
'0-0', '0-1', '1-0', '0-2', '2-0', '0-4', '4-0', '1-1', '0-5', '2-1' ,
'5-0', '1-2', '0-8', '2-2', '8-0', '1-4', '4-1', '0-9', '2-4', '9-0' ,
'1-5', '5-1', '4-2', '0-12', '2-5', '1-8', '5-2', '12-0', '0-13', '0-16' ,
'8-1', '4-4', '13-0', '15-0', '2-8', '1-9', '9-1', '8-2', '5-4', '4-5' ,
'0-18', '2-9', '1-12', '0-20', '18-0', '0-21', '9-2', '12-1', '5-5', '0-24' ,
'4-8', '1-13', '20-0', '8-4', '1-16', '22-0', '2-12', '13-1', '24-0', '0-25' ,
])

index_select (len=60) = np.array([
0, 1, 2, 3, 4, 5, 6, 7, 8, 9 ,
10, 11, 12, 13, 14, 15, 16, 17, 18, 19 ,
20, 21, 22, 23, 24, 25, 26, 27, 28, 29 ,
30, 31, 32, 33, 34, 35, 36, 37, 38, 39 ,
40, 41, 42, 43, 44, 45, 46, 47, 48, 49 ,
50, 51, 52, 53, 54, 55, 56, 57, 58, 59 ,
])
noise source = ../data/flux_derivative_truc500/gamma_phi_2Q_truc500.npz
np.shape(c_op_list) = (367, 60, 60)

===== Memory usage =====
[n_truc=60, tg=20] Peak RSS: 56.02 GB
[n_truc=60, tg=20] Peak PSS: 11.09 GB

f_30.0us_60_tg20 = np.array([
-2.87209915 ,
])

Current China Time: 2026-08-02 09:00:18.490296+08:00

============================================================


----- n_truc=60, tg=21 -----

hspace_select (len=60) = np.array([
'0-0', '0-1', '1-0', '0-2', '2-0', '0-4', '4-0', '1-1', '0-5', '2-1' ,
'5-0', '1-2', '0-8', '2-2', '8-0', '1-4', '4-1', '0-9', '2-4', '9-0' ,
'1-5', '5-1', '4-2', '0-12', '2-5', '1-8', '5-2', '12-0', '0-13', '0-16' ,
'8-1', '4-4', '13-0', '15-0', '2-8', '1-9', '9-1', '8-2', '5-4', '4-5' ,
'0-18', '2-9', '1-12', '0-20', '18-0', '0-21', '9-2', '12-1', '5-5', '0-24' ,
'4-8', '1-13', '20-0', '8-4', '1-16', '22-0', '2-12', '13-1', '24-0', '0-25' ,
])

index_select (len=60) = np.array([
0, 1, 2, 3, 4, 5, 6, 7, 8, 9 ,
10, 11, 12, 13, 14, 15, 16, 17, 18, 19 ,
20, 21, 22, 23, 24, 25, 26, 27, 28, 29 ,
30, 31, 32, 33, 34, 35, 36, 37, 38, 39 ,
40, 41, 42, 43, 44, 45, 46, 47, 48, 49 ,
50, 51, 52, 53, 54, 55, 56, 57, 58, 59 ,
])
noise source = ../data/flux_derivative_truc500/gamma_phi_2Q_truc500.npz
np.shape(c_op_list) = (367, 60, 60)

===== Memory usage =====
[n_truc=60, tg=21] Peak RSS: 54.86 GB
[n_truc=60, tg=21] Peak PSS: 11.68 GB

f_30.0us_60_tg21 = np.array([
-2.89497932 ,
])

Current China Time: 2026-08-02 10:45:20.757792+08:00

============================================================


----- n_truc=60, tg=22 -----

hspace_select (len=60) = np.array([
'0-0', '0-1', '1-0', '0-2', '2-0', '0-4', '4-0', '1-1', '0-5', '2-1' ,
'5-0', '1-2', '0-8', '2-2', '8-0', '1-4', '4-1', '0-9', '2-4', '9-0' ,
'1-5', '5-1', '4-2', '0-12', '2-5', '1-8', '5-2', '12-0', '0-13', '0-16' ,
'8-1', '4-4', '13-0', '15-0', '2-8', '1-9', '9-1', '8-2', '5-4', '4-5' ,
'0-18', '2-9', '1-12', '0-20', '18-0', '0-21', '9-2', '12-1', '5-5', '0-24' ,
'4-8', '1-13', '20-0', '8-4', '1-16', '22-0', '2-12', '13-1', '24-0', '0-25' ,
])

index_select (len=60) = np.array([
0, 1, 2, 3, 4, 5, 6, 7, 8, 9 ,
10, 11, 12, 13, 14, 15, 16, 17, 18, 19 ,
20, 21, 22, 23, 24, 25, 26, 27, 28, 29 ,
30, 31, 32, 33, 34, 35, 36, 37, 38, 39 ,
40, 41, 42, 43, 44, 45, 46, 47, 48, 49 ,
50, 51, 52, 53, 54, 55, 56, 57, 58, 59 ,
])
noise source = ../data/flux_derivative_truc500/gamma_phi_2Q_truc500.npz
np.shape(c_op_list) = (367, 60, 60)

===== Memory usage =====
[n_truc=60, tg=22] Peak RSS: 55.66 GB
[n_truc=60, tg=22] Peak PSS: 10.83 GB

f_30.0us_60_tg22 = np.array([
-2.88289375 ,
])

Current China Time: 2026-08-02 12:14:50.809667+08:00

============================================================


----- n_truc=60, tg=23 -----

hspace_select (len=60) = np.array([
'0-0', '0-1', '1-0', '0-2', '2-0', '0-4', '4-0', '1-1', '0-5', '2-1' ,
'5-0', '1-2', '0-8', '2-2', '8-0', '1-4', '4-1', '0-9', '2-4', '9-0' ,
'1-5', '5-1', '4-2', '0-12', '2-5', '1-8', '5-2', '12-0', '0-13', '0-16' ,
'8-1', '4-4', '13-0', '15-0', '2-8', '1-9', '9-1', '8-2', '5-4', '4-5' ,
'0-18', '2-9', '1-12', '0-20', '18-0', '0-21', '9-2', '12-1', '5-5', '0-24' ,
'4-8', '1-13', '20-0', '8-4', '1-16', '22-0', '2-12', '13-1', '24-0', '0-25' ,
])

index_select (len=60) = np.array([
0, 1, 2, 3, 4, 5, 6, 7, 8, 9 ,
10, 11, 12, 13, 14, 15, 16, 17, 18, 19 ,
20, 21, 22, 23, 24, 25, 26, 27, 28, 29 ,
30, 31, 32, 33, 34, 35, 36, 37, 38, 39 ,
40, 41, 42, 43, 44, 45, 46, 47, 48, 49 ,
50, 51, 52, 53, 54, 55, 56, 57, 58, 59 ,
])
noise source = ../data/flux_derivative_truc500/gamma_phi_2Q_truc500.npz
np.shape(c_op_list) = (367, 60, 60)

===== Memory usage =====
[n_truc=60, tg=23] Peak RSS: 57.99 GB
[n_truc=60, tg=23] Peak PSS: 10.97 GB

f_30.0us_60_tg23 = np.array([
-2.93803399 ,
])

Current China Time: 2026-08-02 14:56:53.098318+08:00

============================================================


----- n_truc=60, tg=24 -----

hspace_select (len=60) = np.array([
'0-0', '0-1', '1-0', '0-2', '2-0', '0-4', '4-0', '1-1', '0-5', '2-1' ,
'5-0', '1-2', '0-8', '2-2', '8-0', '1-4', '4-1', '0-9', '2-4', '9-0' ,
'1-5', '5-1', '4-2', '0-12', '2-5', '1-8', '5-2', '12-0', '0-13', '0-16' ,
'8-1', '4-4', '13-0', '15-0', '2-8', '1-9', '9-1', '8-2', '5-4', '4-5' ,
'0-18', '2-9', '1-12', '0-20', '18-0', '0-21', '9-2', '12-1', '5-5', '0-24' ,
'4-8', '1-13', '20-0', '8-4', '1-16', '22-0', '2-12', '13-1', '24-0', '0-25' ,
])

index_select (len=60) = np.array([
0, 1, 2, 3, 4, 5, 6, 7, 8, 9 ,
10, 11, 12, 13, 14, 15, 16, 17, 18, 19 ,
20, 21, 22, 23, 24, 25, 26, 27, 28, 29 ,
30, 31, 32, 33, 34, 35, 36, 37, 38, 39 ,
40, 41, 42, 43, 44, 45, 46, 47, 48, 49 ,
50, 51, 52, 53, 54, 55, 56, 57, 58, 59 ,
])
noise source = ../data/flux_derivative_truc500/gamma_phi_2Q_truc500.npz
np.shape(c_op_list) = (367, 60, 60)

===== Memory usage =====
[n_truc=60, tg=24] Peak RSS: 58.61 GB
[n_truc=60, tg=24] Peak PSS: 11.02 GB

f_30.0us_60_tg24 = np.array([
-2.99576599 ,
])

Current China Time: 2026-08-02 18:45:22.118777+08:00

============================================================


===== Memory usage by n_truc and tg =====
n_truc=60, tg=0: Peak RSS=36.72 GB, Peak PSS=11.00 GB
n_truc=60, tg=1: Peak RSS=38.34 GB, Peak PSS=10.08 GB
n_truc=60, tg=2: Peak RSS=39.54 GB, Peak PSS=9.94 GB
n_truc=60, tg=3: Peak RSS=40.76 GB, Peak PSS=10.09 GB
n_truc=60, tg=4: Peak RSS=41.90 GB, Peak PSS=10.14 GB
n_truc=60, tg=5: Peak RSS=42.61 GB, Peak PSS=10.17 GB
n_truc=60, tg=6: Peak RSS=43.41 GB, Peak PSS=11.17 GB
n_truc=60, tg=7: Peak RSS=44.49 GB, Peak PSS=10.27 GB
n_truc=60, tg=8: Peak RSS=45.50 GB, Peak PSS=10.22 GB
n_truc=60, tg=9: Peak RSS=45.95 GB, Peak PSS=10.24 GB
n_truc=60, tg=10: Peak RSS=46.97 GB, Peak PSS=10.53 GB
n_truc=60, tg=11: Peak RSS=46.76 GB, Peak PSS=10.58 GB
n_truc=60, tg=12: Peak RSS=47.68 GB, Peak PSS=10.62 GB
n_truc=60, tg=13: Peak RSS=46.72 GB, Peak PSS=10.51 GB
n_truc=60, tg=14: Peak RSS=50.59 GB, Peak PSS=10.70 GB
n_truc=60, tg=15: Peak RSS=51.77 GB, Peak PSS=10.65 GB
n_truc=60, tg=16: Peak RSS=52.13 GB, Peak PSS=10.90 GB
n_truc=60, tg=17: Peak RSS=51.96 GB, Peak PSS=10.58 GB
n_truc=60, tg=18: Peak RSS=52.76 GB, Peak PSS=10.73 GB
n_truc=60, tg=19: Peak RSS=54.10 GB, Peak PSS=11.01 GB
n_truc=60, tg=20: Peak RSS=56.02 GB, Peak PSS=11.09 GB
n_truc=60, tg=21: Peak RSS=54.86 GB, Peak PSS=11.68 GB
n_truc=60, tg=22: Peak RSS=55.66 GB, Peak PSS=10.83 GB
n_truc=60, tg=23: Peak RSS=57.99 GB, Peak PSS=10.97 GB
n_truc=60, tg=24: Peak RSS=58.61 GB, Peak PSS=11.02 GB

fidelity_noise_list = np.array([
[-0.5433013658137729] ,
[-0.28014915976343197] ,
[-0.44060990984235077] ,
[-0.9074762589523139] ,
[-1.1959496759666612] ,
[-1.1691532432898268] ,
[-1.051533879124989] ,
[-0.9702730735553826] ,
[-1.1320568958180435] ,
[-1.2694241423835586] ,
[-1.6113109932213807] ,
[-2.188161256781613] ,
[-2.770938270824962] ,
[-2.3172358543994256] ,
[-2.021599328535651] ,
[-2.2145826246189055] ,
[-2.6281181001850533] ,
[-2.829040622180216] ,
[-2.721343231953832] ,
[-2.7510797995125484] ,
[-2.8720991518305587] ,
[-2.894979317315396] ,
[-2.8828937491924003] ,
[-2.9380339921487817] ,
[-2.995765991384522] ,
])
