run_2q_fidelity.py

Current China Time: 2026-08-01 21:25:26.695131+08:00

params = np.array([
[20.042209, 0.049978, 0.039991] ,
[26.099981, 0.026182, 0.019529] ,
[32.057496, 0.047462, 0.021916] ,
[38.059233, 0.041072, 0.025351] ,
[44.046786, 0.033734, 0.028972] ,
[50.067794, 0.036383, 0.039999] ,
[56.065043, 0.028997, 0.039984] ,
[62.061713, 0.02096, 0.017575] ,
[68.034924, 0.018637, 0.016083] ,
[74.044345, 0.016515, 0.015571] ,
[80.08052, 0.022351, 0.025764] ,
[86.104958, 0.019856, 0.025527] ,
[91.947295, 0.017908, 0.025175] ,
[97.915742, 0.016361, 0.024639] ,
[104.063579, 0.015087, 0.022589] ,
[110.015207, 0.014187, 0.020769] ,
[116.085225, 0.013312, 0.020023] ,
[121.899104, 0.012552, 0.019398] ,
[127.98677, 0.011843, 0.018552] ,
[134.046451, 0.011217, 0.01769] ,
[140.026912, 0.010657, 0.016972] ,
[146.029202, 0.01015, 0.016335] ,
[151.996899, 0.009688, 0.01572] ,
[158.047613, 0.009264, 0.015093] ,
[164.005505, 0.008876, 0.014574] ,
])

============================================================
 Configuration 
============================================================

[cz_run]
    True

[n_truc_list]
    [60]

[reduced_model]
    charge_pick

[calculate_ideal]
    False

[calculate_noise]
    True

[max_step_ideal]
    0.001

[max_step_noisy]
    0.001

[apply_decay]
    True

[apply_dephase]
    True

[decay_enlarge]
    1

[filter_ratio]
    0.3

[t1_tphi_other]
    170.0

[noise_dephase_path]
    ../data/flux_derivative_truc500/gamma_phi_2Q_truc500.npz

[tg_para]
    False

[num_cpus_ideal]
    4

[num_cpus_noisy]
    16

[folder_load]
    ../data/Two_qubit_data_Sorted_Truc

[n_job]
    10

[use_qt_fidelity]
    False

[tg_list]
    type: np.ndarray, shape=(25,)
    preview: [0, 1, 2, 3, 4, 5, 6, 7, 8, 9, 10, 11, 12, 13, 14, 15, 16, 17, 18, 19, 20, 21, 22, 23, 24]

[params]
    type: np.ndarray, shape=(25, 3)
      [20.042209, 0.049978, 0.039991]
      [26.099981, 0.026182, 0.019529]
      [32.057496, 0.047462, 0.021916]
      [38.059233, 0.041072, 0.025351]
      [44.046786, 0.033734, 0.028972]
      [50.067794, 0.036383, 0.039999]
      [56.065043, 0.028997, 0.039984]
      [62.061713, 0.02096, 0.017575]
      [68.034924, 0.018637, 0.016083]
      [74.044345, 0.016515, 0.015571]
      [80.08052, 0.022351, 0.025764]
      [86.104958, 0.019856, 0.025527]
      [91.947295, 0.017908, 0.025175]
      [97.915742, 0.016361, 0.024639]
      [104.063579, 0.015087, 0.022589]
      [110.015207, 0.014187, 0.020769]
      [116.085225, 0.013312, 0.020023]
      [121.899104, 0.012552, 0.019398]
      [127.98677, 0.011843, 0.018552]
      [134.046451, 0.011217, 0.01769]
      [140.026912, 0.010657, 0.016972]
      [146.029202, 0.01015, 0.016335]
      [151.996899, 0.009688, 0.01572]
      [158.047613, 0.009264, 0.015093]
      [164.005505, 0.008876, 0.014574]

============================================================


===== n_truc = 60 =====

----- n_truc=60, tg=0 -----

hspace_select (len=60) = np.array([
'0-0', '0-1', '1-0', '0-2', '2-0', '0-4', '4-0', '1-1', '0-5', '2-1' ,
'5-0', '1-2', '0-8', '2-2', '8-0', '1-4', '4-1', '0-9', '2-4', '9-0' ,
'1-5', '5-1', '4-2', '0-12', '2-5', '1-8', '5-2', '12-0', '0-13', '0-16' ,
'8-1', '4-4', '13-0', '15-0', '2-8', '1-9', '9-1', '8-2', '5-4', '4-5' ,
'0-18', '2-9', '1-12', '0-20', '18-0', '0-21', '9-2', '12-1', '5-5', '0-24' ,
'4-8', '1-13', '20-0', '8-4', '1-16', '22-0', '2-12', '13-1', '24-0', '0-25' ,
])

index_select (len=60) = np.array([
0, 1, 2, 3, 4, 5, 6, 7, 8, 9 ,
10, 11, 12, 13, 14, 15, 16, 17, 18, 19 ,
20, 21, 22, 23, 24, 25, 26, 27, 28, 29 ,
30, 31, 32, 33, 34, 35, 36, 37, 38, 39 ,
40, 41, 42, 43, 44, 45, 46, 47, 48, 49 ,
50, 51, 52, 53, 54, 55, 56, 57, 58, 59 ,
])
noise source = ../data/flux_derivative_truc500/gamma_phi_2Q_truc500.npz
np.shape(c_op_list) = (367, 60, 60)

===== Memory usage =====
[n_truc=60, tg=0] Peak RSS: 36.35 GB
[n_truc=60, tg=0] Peak PSS: 10.64 GB

f_170.0us_60_tg0 = np.array([
-0.54357642 ,
])

Current China Time: 2026-08-01 21:33:37.065355+08:00

============================================================


----- n_truc=60, tg=1 -----

hspace_select (len=60) = np.array([
'0-0', '0-1', '1-0', '0-2', '2-0', '0-4', '4-0', '1-1', '0-5', '2-1' ,
'5-0', '1-2', '0-8', '2-2', '8-0', '1-4', '4-1', '0-9', '2-4', '9-0' ,
'1-5', '5-1', '4-2', '0-12', '2-5', '1-8', '5-2', '12-0', '0-13', '0-16' ,
'8-1', '4-4', '13-0', '15-0', '2-8', '1-9', '9-1', '8-2', '5-4', '4-5' ,
'0-18', '2-9', '1-12', '0-20', '18-0', '0-21', '9-2', '12-1', '5-5', '0-24' ,
'4-8', '1-13', '20-0', '8-4', '1-16', '22-0', '2-12', '13-1', '24-0', '0-25' ,
])

index_select (len=60) = np.array([
0, 1, 2, 3, 4, 5, 6, 7, 8, 9 ,
10, 11, 12, 13, 14, 15, 16, 17, 18, 19 ,
20, 21, 22, 23, 24, 25, 26, 27, 28, 29 ,
30, 31, 32, 33, 34, 35, 36, 37, 38, 39 ,
40, 41, 42, 43, 44, 45, 46, 47, 48, 49 ,
50, 51, 52, 53, 54, 55, 56, 57, 58, 59 ,
])
noise source = ../data/flux_derivative_truc500/gamma_phi_2Q_truc500.npz
np.shape(c_op_list) = (367, 60, 60)

===== Memory usage =====
[n_truc=60, tg=1] Peak RSS: 38.01 GB
[n_truc=60, tg=1] Peak PSS: 9.88 GB

f_170.0us_60_tg1 = np.array([
-0.28016506 ,
])

Current China Time: 2026-08-01 21:46:50.542313+08:00

============================================================


----- n_truc=60, tg=2 -----

hspace_select (len=60) = np.array([
'0-0', '0-1', '1-0', '0-2', '2-0', '0-4', '4-0', '1-1', '0-5', '2-1' ,
'5-0', '1-2', '0-8', '2-2', '8-0', '1-4', '4-1', '0-9', '2-4', '9-0' ,
'1-5', '5-1', '4-2', '0-12', '2-5', '1-8', '5-2', '12-0', '0-13', '0-16' ,
'8-1', '4-4', '13-0', '15-0', '2-8', '1-9', '9-1', '8-2', '5-4', '4-5' ,
'0-18', '2-9', '1-12', '0-20', '18-0', '0-21', '9-2', '12-1', '5-5', '0-24' ,
'4-8', '1-13', '20-0', '8-4', '1-16', '22-0', '2-12', '13-1', '24-0', '0-25' ,
])

index_select (len=60) = np.array([
0, 1, 2, 3, 4, 5, 6, 7, 8, 9 ,
10, 11, 12, 13, 14, 15, 16, 17, 18, 19 ,
20, 21, 22, 23, 24, 25, 26, 27, 28, 29 ,
30, 31, 32, 33, 34, 35, 36, 37, 38, 39 ,
40, 41, 42, 43, 44, 45, 46, 47, 48, 49 ,
50, 51, 52, 53, 54, 55, 56, 57, 58, 59 ,
])
noise source = ../data/flux_derivative_truc500/gamma_phi_2Q_truc500.npz
np.shape(c_op_list) = (367, 60, 60)

===== Memory usage =====
[n_truc=60, tg=2] Peak RSS: 39.61 GB
[n_truc=60, tg=2] Peak PSS: 9.96 GB

f_170.0us_60_tg2 = np.array([
-0.44097296 ,
])

Current China Time: 2026-08-01 22:03:40.876883+08:00

============================================================


----- n_truc=60, tg=3 -----

hspace_select (len=60) = np.array([
'0-0', '0-1', '1-0', '0-2', '2-0', '0-4', '4-0', '1-1', '0-5', '2-1' ,
'5-0', '1-2', '0-8', '2-2', '8-0', '1-4', '4-1', '0-9', '2-4', '9-0' ,
'1-5', '5-1', '4-2', '0-12', '2-5', '1-8', '5-2', '12-0', '0-13', '0-16' ,
'8-1', '4-4', '13-0', '15-0', '2-8', '1-9', '9-1', '8-2', '5-4', '4-5' ,
'0-18', '2-9', '1-12', '0-20', '18-0', '0-21', '9-2', '12-1', '5-5', '0-24' ,
'4-8', '1-13', '20-0', '8-4', '1-16', '22-0', '2-12', '13-1', '24-0', '0-25' ,
])

index_select (len=60) = np.array([
0, 1, 2, 3, 4, 5, 6, 7, 8, 9 ,
10, 11, 12, 13, 14, 15, 16, 17, 18, 19 ,
20, 21, 22, 23, 24, 25, 26, 27, 28, 29 ,
30, 31, 32, 33, 34, 35, 36, 37, 38, 39 ,
40, 41, 42, 43, 44, 45, 46, 47, 48, 49 ,
50, 51, 52, 53, 54, 55, 56, 57, 58, 59 ,
])
noise source = ../data/flux_derivative_truc500/gamma_phi_2Q_truc500.npz
np.shape(c_op_list) = (367, 60, 60)

===== Memory usage =====
[n_truc=60, tg=3] Peak RSS: 42.35 GB
[n_truc=60, tg=3] Peak PSS: 10.04 GB

f_170.0us_60_tg3 = np.array([
-0.90887008 ,
])

Current China Time: 2026-08-01 22:19:10.387597+08:00

============================================================


----- n_truc=60, tg=4 -----

hspace_select (len=60) = np.array([
'0-0', '0-1', '1-0', '0-2', '2-0', '0-4', '4-0', '1-1', '0-5', '2-1' ,
'5-0', '1-2', '0-8', '2-2', '8-0', '1-4', '4-1', '0-9', '2-4', '9-0' ,
'1-5', '5-1', '4-2', '0-12', '2-5', '1-8', '5-2', '12-0', '0-13', '0-16' ,
'8-1', '4-4', '13-0', '15-0', '2-8', '1-9', '9-1', '8-2', '5-4', '4-5' ,
'0-18', '2-9', '1-12', '0-20', '18-0', '0-21', '9-2', '12-1', '5-5', '0-24' ,
'4-8', '1-13', '20-0', '8-4', '1-16', '22-0', '2-12', '13-1', '24-0', '0-25' ,
])

index_select (len=60) = np.array([
0, 1, 2, 3, 4, 5, 6, 7, 8, 9 ,
10, 11, 12, 13, 14, 15, 16, 17, 18, 19 ,
20, 21, 22, 23, 24, 25, 26, 27, 28, 29 ,
30, 31, 32, 33, 34, 35, 36, 37, 38, 39 ,
40, 41, 42, 43, 44, 45, 46, 47, 48, 49 ,
50, 51, 52, 53, 54, 55, 56, 57, 58, 59 ,
])
noise source = ../data/flux_derivative_truc500/gamma_phi_2Q_truc500.npz
np.shape(c_op_list) = (367, 60, 60)

===== Memory usage =====
[n_truc=60, tg=4] Peak RSS: 44.31 GB
[n_truc=60, tg=4] Peak PSS: 10.55 GB

f_170.0us_60_tg4 = np.array([
-1.19851363 ,
])

Current China Time: 2026-08-01 22:33:52.994401+08:00

============================================================


----- n_truc=60, tg=5 -----

hspace_select (len=60) = np.array([
'0-0', '0-1', '1-0', '0-2', '2-0', '0-4', '4-0', '1-1', '0-5', '2-1' ,
'5-0', '1-2', '0-8', '2-2', '8-0', '1-4', '4-1', '0-9', '2-4', '9-0' ,
'1-5', '5-1', '4-2', '0-12', '2-5', '1-8', '5-2', '12-0', '0-13', '0-16' ,
'8-1', '4-4', '13-0', '15-0', '2-8', '1-9', '9-1', '8-2', '5-4', '4-5' ,
'0-18', '2-9', '1-12', '0-20', '18-0', '0-21', '9-2', '12-1', '5-5', '0-24' ,
'4-8', '1-13', '20-0', '8-4', '1-16', '22-0', '2-12', '13-1', '24-0', '0-25' ,
])

index_select (len=60) = np.array([
0, 1, 2, 3, 4, 5, 6, 7, 8, 9 ,
10, 11, 12, 13, 14, 15, 16, 17, 18, 19 ,
20, 21, 22, 23, 24, 25, 26, 27, 28, 29 ,
30, 31, 32, 33, 34, 35, 36, 37, 38, 39 ,
40, 41, 42, 43, 44, 45, 46, 47, 48, 49 ,
50, 51, 52, 53, 54, 55, 56, 57, 58, 59 ,
])
noise source = ../data/flux_derivative_truc500/gamma_phi_2Q_truc500.npz
np.shape(c_op_list) = (367, 60, 60)

===== Memory usage =====
[n_truc=60, tg=5] Peak RSS: 44.51 GB
[n_truc=60, tg=5] Peak PSS: 10.84 GB

f_170.0us_60_tg5 = np.array([
-1.17458182 ,
])

Current China Time: 2026-08-01 22:52:59.972891+08:00

============================================================


----- n_truc=60, tg=6 -----

hspace_select (len=60) = np.array([
'0-0', '0-1', '1-0', '0-2', '2-0', '0-4', '4-0', '1-1', '0-5', '2-1' ,
'5-0', '1-2', '0-8', '2-2', '8-0', '1-4', '4-1', '0-9', '2-4', '9-0' ,
'1-5', '5-1', '4-2', '0-12', '2-5', '1-8', '5-2', '12-0', '0-13', '0-16' ,
'8-1', '4-4', '13-0', '15-0', '2-8', '1-9', '9-1', '8-2', '5-4', '4-5' ,
'0-18', '2-9', '1-12', '0-20', '18-0', '0-21', '9-2', '12-1', '5-5', '0-24' ,
'4-8', '1-13', '20-0', '8-4', '1-16', '22-0', '2-12', '13-1', '24-0', '0-25' ,
])

index_select (len=60) = np.array([
0, 1, 2, 3, 4, 5, 6, 7, 8, 9 ,
10, 11, 12, 13, 14, 15, 16, 17, 18, 19 ,
20, 21, 22, 23, 24, 25, 26, 27, 28, 29 ,
30, 31, 32, 33, 34, 35, 36, 37, 38, 39 ,
40, 41, 42, 43, 44, 45, 46, 47, 48, 49 ,
50, 51, 52, 53, 54, 55, 56, 57, 58, 59 ,
])
noise source = ../data/flux_derivative_truc500/gamma_phi_2Q_truc500.npz
np.shape(c_op_list) = (367, 60, 60)

===== Memory usage =====
[n_truc=60, tg=6] Peak RSS: 44.75 GB
[n_truc=60, tg=6] Peak PSS: 11.59 GB

f_170.0us_60_tg6 = np.array([
-1.05516216 ,
])

Current China Time: 2026-08-01 23:19:46.266681+08:00

============================================================


----- n_truc=60, tg=7 -----

hspace_select (len=60) = np.array([
'0-0', '0-1', '1-0', '0-2', '2-0', '0-4', '4-0', '1-1', '0-5', '2-1' ,
'5-0', '1-2', '0-8', '2-2', '8-0', '1-4', '4-1', '0-9', '2-4', '9-0' ,
'1-5', '5-1', '4-2', '0-12', '2-5', '1-8', '5-2', '12-0', '0-13', '0-16' ,
'8-1', '4-4', '13-0', '15-0', '2-8', '1-9', '9-1', '8-2', '5-4', '4-5' ,
'0-18', '2-9', '1-12', '0-20', '18-0', '0-21', '9-2', '12-1', '5-5', '0-24' ,
'4-8', '1-13', '20-0', '8-4', '1-16', '22-0', '2-12', '13-1', '24-0', '0-25' ,
])

index_select (len=60) = np.array([
0, 1, 2, 3, 4, 5, 6, 7, 8, 9 ,
10, 11, 12, 13, 14, 15, 16, 17, 18, 19 ,
20, 21, 22, 23, 24, 25, 26, 27, 28, 29 ,
30, 31, 32, 33, 34, 35, 36, 37, 38, 39 ,
40, 41, 42, 43, 44, 45, 46, 47, 48, 49 ,
50, 51, 52, 53, 54, 55, 56, 57, 58, 59 ,
])
noise source = ../data/flux_derivative_truc500/gamma_phi_2Q_truc500.npz
np.shape(c_op_list) = (367, 60, 60)

===== Memory usage =====
[n_truc=60, tg=7] Peak RSS: 44.79 GB
[n_truc=60, tg=7] Peak PSS: 11.05 GB

f_170.0us_60_tg7 = np.array([
-0.97154866 ,
])

Current China Time: 2026-08-01 23:40:18.857962+08:00

============================================================


----- n_truc=60, tg=8 -----

hspace_select (len=60) = np.array([
'0-0', '0-1', '1-0', '0-2', '2-0', '0-4', '4-0', '1-1', '0-5', '2-1' ,
'5-0', '1-2', '0-8', '2-2', '8-0', '1-4', '4-1', '0-9', '2-4', '9-0' ,
'1-5', '5-1', '4-2', '0-12', '2-5', '1-8', '5-2', '12-0', '0-13', '0-16' ,
'8-1', '4-4', '13-0', '15-0', '2-8', '1-9', '9-1', '8-2', '5-4', '4-5' ,
'0-18', '2-9', '1-12', '0-20', '18-0', '0-21', '9-2', '12-1', '5-5', '0-24' ,
'4-8', '1-13', '20-0', '8-4', '1-16', '22-0', '2-12', '13-1', '24-0', '0-25' ,
])

index_select (len=60) = np.array([
0, 1, 2, 3, 4, 5, 6, 7, 8, 9 ,
10, 11, 12, 13, 14, 15, 16, 17, 18, 19 ,
20, 21, 22, 23, 24, 25, 26, 27, 28, 29 ,
30, 31, 32, 33, 34, 35, 36, 37, 38, 39 ,
40, 41, 42, 43, 44, 45, 46, 47, 48, 49 ,
50, 51, 52, 53, 54, 55, 56, 57, 58, 59 ,
])
noise source = ../data/flux_derivative_truc500/gamma_phi_2Q_truc500.npz
np.shape(c_op_list) = (367, 60, 60)

===== Memory usage =====
[n_truc=60, tg=8] Peak RSS: 45.30 GB
[n_truc=60, tg=8] Peak PSS: 10.98 GB

f_170.0us_60_tg8 = np.array([
-1.13411000 ,
])

Current China Time: 2026-08-02 00:07:49.192853+08:00

============================================================


----- n_truc=60, tg=9 -----

hspace_select (len=60) = np.array([
'0-0', '0-1', '1-0', '0-2', '2-0', '0-4', '4-0', '1-1', '0-5', '2-1' ,
'5-0', '1-2', '0-8', '2-2', '8-0', '1-4', '4-1', '0-9', '2-4', '9-0' ,
'1-5', '5-1', '4-2', '0-12', '2-5', '1-8', '5-2', '12-0', '0-13', '0-16' ,
'8-1', '4-4', '13-0', '15-0', '2-8', '1-9', '9-1', '8-2', '5-4', '4-5' ,
'0-18', '2-9', '1-12', '0-20', '18-0', '0-21', '9-2', '12-1', '5-5', '0-24' ,
'4-8', '1-13', '20-0', '8-4', '1-16', '22-0', '2-12', '13-1', '24-0', '0-25' ,
])

index_select (len=60) = np.array([
0, 1, 2, 3, 4, 5, 6, 7, 8, 9 ,
10, 11, 12, 13, 14, 15, 16, 17, 18, 19 ,
20, 21, 22, 23, 24, 25, 26, 27, 28, 29 ,
30, 31, 32, 33, 34, 35, 36, 37, 38, 39 ,
40, 41, 42, 43, 44, 45, 46, 47, 48, 49 ,
50, 51, 52, 53, 54, 55, 56, 57, 58, 59 ,
])
noise source = ../data/flux_derivative_truc500/gamma_phi_2Q_truc500.npz
np.shape(c_op_list) = (367, 60, 60)

===== Memory usage =====
[n_truc=60, tg=9] Peak RSS: 45.74 GB
[n_truc=60, tg=9] Peak PSS: 10.77 GB

f_170.0us_60_tg9 = np.array([
-1.27241808 ,
])

Current China Time: 2026-08-02 00:37:11.822332+08:00

============================================================


----- n_truc=60, tg=10 -----

hspace_select (len=60) = np.array([
'0-0', '0-1', '1-0', '0-2', '2-0', '0-4', '4-0', '1-1', '0-5', '2-1' ,
'5-0', '1-2', '0-8', '2-2', '8-0', '1-4', '4-1', '0-9', '2-4', '9-0' ,
'1-5', '5-1', '4-2', '0-12', '2-5', '1-8', '5-2', '12-0', '0-13', '0-16' ,
'8-1', '4-4', '13-0', '15-0', '2-8', '1-9', '9-1', '8-2', '5-4', '4-5' ,
'0-18', '2-9', '1-12', '0-20', '18-0', '0-21', '9-2', '12-1', '5-5', '0-24' ,
'4-8', '1-13', '20-0', '8-4', '1-16', '22-0', '2-12', '13-1', '24-0', '0-25' ,
])

index_select (len=60) = np.array([
0, 1, 2, 3, 4, 5, 6, 7, 8, 9 ,
10, 11, 12, 13, 14, 15, 16, 17, 18, 19 ,
20, 21, 22, 23, 24, 25, 26, 27, 28, 29 ,
30, 31, 32, 33, 34, 35, 36, 37, 38, 39 ,
40, 41, 42, 43, 44, 45, 46, 47, 48, 49 ,
50, 51, 52, 53, 54, 55, 56, 57, 58, 59 ,
])
noise source = ../data/flux_derivative_truc500/gamma_phi_2Q_truc500.npz
np.shape(c_op_list) = (367, 60, 60)

===== Memory usage =====
[n_truc=60, tg=10] Peak RSS: 47.86 GB
[n_truc=60, tg=10] Peak PSS: 11.67 GB

f_170.0us_60_tg10 = np.array([
-1.62105428 ,
])

Current China Time: 2026-08-02 01:13:59.429347+08:00

============================================================


----- n_truc=60, tg=11 -----

hspace_select (len=60) = np.array([
'0-0', '0-1', '1-0', '0-2', '2-0', '0-4', '4-0', '1-1', '0-5', '2-1' ,
'5-0', '1-2', '0-8', '2-2', '8-0', '1-4', '4-1', '0-9', '2-4', '9-0' ,
'1-5', '5-1', '4-2', '0-12', '2-5', '1-8', '5-2', '12-0', '0-13', '0-16' ,
'8-1', '4-4', '13-0', '15-0', '2-8', '1-9', '9-1', '8-2', '5-4', '4-5' ,
'0-18', '2-9', '1-12', '0-20', '18-0', '0-21', '9-2', '12-1', '5-5', '0-24' ,
'4-8', '1-13', '20-0', '8-4', '1-16', '22-0', '2-12', '13-1', '24-0', '0-25' ,
])

index_select (len=60) = np.array([
0, 1, 2, 3, 4, 5, 6, 7, 8, 9 ,
10, 11, 12, 13, 14, 15, 16, 17, 18, 19 ,
20, 21, 22, 23, 24, 25, 26, 27, 28, 29 ,
30, 31, 32, 33, 34, 35, 36, 37, 38, 39 ,
40, 41, 42, 43, 44, 45, 46, 47, 48, 49 ,
50, 51, 52, 53, 54, 55, 56, 57, 58, 59 ,
])
noise source = ../data/flux_derivative_truc500/gamma_phi_2Q_truc500.npz
np.shape(c_op_list) = (367, 60, 60)

===== Memory usage =====
[n_truc=60, tg=11] Peak RSS: 48.77 GB
[n_truc=60, tg=11] Peak PSS: 11.10 GB

f_170.0us_60_tg11 = np.array([
-2.22376328 ,
])

Current China Time: 2026-08-02 01:56:48.275731+08:00

============================================================


----- n_truc=60, tg=12 -----

hspace_select (len=60) = np.array([
'0-0', '0-1', '1-0', '0-2', '2-0', '0-4', '4-0', '1-1', '0-5', '2-1' ,
'5-0', '1-2', '0-8', '2-2', '8-0', '1-4', '4-1', '0-9', '2-4', '9-0' ,
'1-5', '5-1', '4-2', '0-12', '2-5', '1-8', '5-2', '12-0', '0-13', '0-16' ,
'8-1', '4-4', '13-0', '15-0', '2-8', '1-9', '9-1', '8-2', '5-4', '4-5' ,
'0-18', '2-9', '1-12', '0-20', '18-0', '0-21', '9-2', '12-1', '5-5', '0-24' ,
'4-8', '1-13', '20-0', '8-4', '1-16', '22-0', '2-12', '13-1', '24-0', '0-25' ,
])

index_select (len=60) = np.array([
0, 1, 2, 3, 4, 5, 6, 7, 8, 9 ,
10, 11, 12, 13, 14, 15, 16, 17, 18, 19 ,
20, 21, 22, 23, 24, 25, 26, 27, 28, 29 ,
30, 31, 32, 33, 34, 35, 36, 37, 38, 39 ,
40, 41, 42, 43, 44, 45, 46, 47, 48, 49 ,
50, 51, 52, 53, 54, 55, 56, 57, 58, 59 ,
])
noise source = ../data/flux_derivative_truc500/gamma_phi_2Q_truc500.npz
np.shape(c_op_list) = (367, 60, 60)

===== Memory usage =====
[n_truc=60, tg=12] Peak RSS: 49.86 GB
[n_truc=60, tg=12] Peak PSS: 11.13 GB

f_170.0us_60_tg12 = np.array([
-2.91522654 ,
])

Current China Time: 2026-08-02 02:38:46.481197+08:00

============================================================


----- n_truc=60, tg=13 -----

hspace_select (len=60) = np.array([
'0-0', '0-1', '1-0', '0-2', '2-0', '0-4', '4-0', '1-1', '0-5', '2-1' ,
'5-0', '1-2', '0-8', '2-2', '8-0', '1-4', '4-1', '0-9', '2-4', '9-0' ,
'1-5', '5-1', '4-2', '0-12', '2-5', '1-8', '5-2', '12-0', '0-13', '0-16' ,
'8-1', '4-4', '13-0', '15-0', '2-8', '1-9', '9-1', '8-2', '5-4', '4-5' ,
'0-18', '2-9', '1-12', '0-20', '18-0', '0-21', '9-2', '12-1', '5-5', '0-24' ,
'4-8', '1-13', '20-0', '8-4', '1-16', '22-0', '2-12', '13-1', '24-0', '0-25' ,
])

index_select (len=60) = np.array([
0, 1, 2, 3, 4, 5, 6, 7, 8, 9 ,
10, 11, 12, 13, 14, 15, 16, 17, 18, 19 ,
20, 21, 22, 23, 24, 25, 26, 27, 28, 29 ,
30, 31, 32, 33, 34, 35, 36, 37, 38, 39 ,
40, 41, 42, 43, 44, 45, 46, 47, 48, 49 ,
50, 51, 52, 53, 54, 55, 56, 57, 58, 59 ,
])
noise source = ../data/flux_derivative_truc500/gamma_phi_2Q_truc500.npz
np.shape(c_op_list) = (367, 60, 60)

===== Memory usage =====
[n_truc=60, tg=13] Peak RSS: 49.71 GB
[n_truc=60, tg=13] Peak PSS: 11.16 GB

f_170.0us_60_tg13 = np.array([
-2.35995047 ,
])

Current China Time: 2026-08-02 03:26:12.543190+08:00

============================================================


----- n_truc=60, tg=14 -----

hspace_select (len=60) = np.array([
'0-0', '0-1', '1-0', '0-2', '2-0', '0-4', '4-0', '1-1', '0-5', '2-1' ,
'5-0', '1-2', '0-8', '2-2', '8-0', '1-4', '4-1', '0-9', '2-4', '9-0' ,
'1-5', '5-1', '4-2', '0-12', '2-5', '1-8', '5-2', '12-0', '0-13', '0-16' ,
'8-1', '4-4', '13-0', '15-0', '2-8', '1-9', '9-1', '8-2', '5-4', '4-5' ,
'0-18', '2-9', '1-12', '0-20', '18-0', '0-21', '9-2', '12-1', '5-5', '0-24' ,
'4-8', '1-13', '20-0', '8-4', '1-16', '22-0', '2-12', '13-1', '24-0', '0-25' ,
])

index_select (len=60) = np.array([
0, 1, 2, 3, 4, 5, 6, 7, 8, 9 ,
10, 11, 12, 13, 14, 15, 16, 17, 18, 19 ,
20, 21, 22, 23, 24, 25, 26, 27, 28, 29 ,
30, 31, 32, 33, 34, 35, 36, 37, 38, 39 ,
40, 41, 42, 43, 44, 45, 46, 47, 48, 49 ,
50, 51, 52, 53, 54, 55, 56, 57, 58, 59 ,
])
noise source = ../data/flux_derivative_truc500/gamma_phi_2Q_truc500.npz
np.shape(c_op_list) = (367, 60, 60)

===== Memory usage =====
[n_truc=60, tg=14] Peak RSS: 53.06 GB
[n_truc=60, tg=14] Peak PSS: 11.23 GB

f_170.0us_60_tg14 = np.array([
-2.04300345 ,
])

Current China Time: 2026-08-02 04:04:36.816161+08:00

============================================================


----- n_truc=60, tg=15 -----

hspace_select (len=60) = np.array([
'0-0', '0-1', '1-0', '0-2', '2-0', '0-4', '4-0', '1-1', '0-5', '2-1' ,
'5-0', '1-2', '0-8', '2-2', '8-0', '1-4', '4-1', '0-9', '2-4', '9-0' ,
'1-5', '5-1', '4-2', '0-12', '2-5', '1-8', '5-2', '12-0', '0-13', '0-16' ,
'8-1', '4-4', '13-0', '15-0', '2-8', '1-9', '9-1', '8-2', '5-4', '4-5' ,
'0-18', '2-9', '1-12', '0-20', '18-0', '0-21', '9-2', '12-1', '5-5', '0-24' ,
'4-8', '1-13', '20-0', '8-4', '1-16', '22-0', '2-12', '13-1', '24-0', '0-25' ,
])

index_select (len=60) = np.array([
0, 1, 2, 3, 4, 5, 6, 7, 8, 9 ,
10, 11, 12, 13, 14, 15, 16, 17, 18, 19 ,
20, 21, 22, 23, 24, 25, 26, 27, 28, 29 ,
30, 31, 32, 33, 34, 35, 36, 37, 38, 39 ,
40, 41, 42, 43, 44, 45, 46, 47, 48, 49 ,
50, 51, 52, 53, 54, 55, 56, 57, 58, 59 ,
])
noise source = ../data/flux_derivative_truc500/gamma_phi_2Q_truc500.npz
np.shape(c_op_list) = (367, 60, 60)

===== Memory usage =====
[n_truc=60, tg=15] Peak RSS: 50.43 GB
[n_truc=60, tg=15] Peak PSS: 10.96 GB

f_170.0us_60_tg15 = np.array([
-2.25040179 ,
])

Current China Time: 2026-08-02 04:41:43.194969+08:00

============================================================


----- n_truc=60, tg=16 -----

hspace_select (len=60) = np.array([
'0-0', '0-1', '1-0', '0-2', '2-0', '0-4', '4-0', '1-1', '0-5', '2-1' ,
'5-0', '1-2', '0-8', '2-2', '8-0', '1-4', '4-1', '0-9', '2-4', '9-0' ,
'1-5', '5-1', '4-2', '0-12', '2-5', '1-8', '5-2', '12-0', '0-13', '0-16' ,
'8-1', '4-4', '13-0', '15-0', '2-8', '1-9', '9-1', '8-2', '5-4', '4-5' ,
'0-18', '2-9', '1-12', '0-20', '18-0', '0-21', '9-2', '12-1', '5-5', '0-24' ,
'4-8', '1-13', '20-0', '8-4', '1-16', '22-0', '2-12', '13-1', '24-0', '0-25' ,
])

index_select (len=60) = np.array([
0, 1, 2, 3, 4, 5, 6, 7, 8, 9 ,
10, 11, 12, 13, 14, 15, 16, 17, 18, 19 ,
20, 21, 22, 23, 24, 25, 26, 27, 28, 29 ,
30, 31, 32, 33, 34, 35, 36, 37, 38, 39 ,
40, 41, 42, 43, 44, 45, 46, 47, 48, 49 ,
50, 51, 52, 53, 54, 55, 56, 57, 58, 59 ,
])
noise source = ../data/flux_derivative_truc500/gamma_phi_2Q_truc500.npz
np.shape(c_op_list) = (367, 60, 60)

===== Memory usage =====
[n_truc=60, tg=16] Peak RSS: 48.22 GB
[n_truc=60, tg=16] Peak PSS: 10.51 GB

f_170.0us_60_tg16 = np.array([
-2.72894450 ,
])

Current China Time: 2026-08-02 05:22:23.779489+08:00

============================================================


----- n_truc=60, tg=17 -----

hspace_select (len=60) = np.array([
'0-0', '0-1', '1-0', '0-2', '2-0', '0-4', '4-0', '1-1', '0-5', '2-1' ,
'5-0', '1-2', '0-8', '2-2', '8-0', '1-4', '4-1', '0-9', '2-4', '9-0' ,
'1-5', '5-1', '4-2', '0-12', '2-5', '1-8', '5-2', '12-0', '0-13', '0-16' ,
'8-1', '4-4', '13-0', '15-0', '2-8', '1-9', '9-1', '8-2', '5-4', '4-5' ,
'0-18', '2-9', '1-12', '0-20', '18-0', '0-21', '9-2', '12-1', '5-5', '0-24' ,
'4-8', '1-13', '20-0', '8-4', '1-16', '22-0', '2-12', '13-1', '24-0', '0-25' ,
])

index_select (len=60) = np.array([
0, 1, 2, 3, 4, 5, 6, 7, 8, 9 ,
10, 11, 12, 13, 14, 15, 16, 17, 18, 19 ,
20, 21, 22, 23, 24, 25, 26, 27, 28, 29 ,
30, 31, 32, 33, 34, 35, 36, 37, 38, 39 ,
40, 41, 42, 43, 44, 45, 46, 47, 48, 49 ,
50, 51, 52, 53, 54, 55, 56, 57, 58, 59 ,
])
noise source = ../data/flux_derivative_truc500/gamma_phi_2Q_truc500.npz
np.shape(c_op_list) = (367, 60, 60)

===== Memory usage =====
[n_truc=60, tg=17] Peak RSS: 51.18 GB
[n_truc=60, tg=17] Peak PSS: 10.67 GB

f_170.0us_60_tg17 = np.array([
-3.00348766 ,
])

Current China Time: 2026-08-02 06:04:32.092485+08:00

============================================================


----- n_truc=60, tg=18 -----

hspace_select (len=60) = np.array([
'0-0', '0-1', '1-0', '0-2', '2-0', '0-4', '4-0', '1-1', '0-5', '2-1' ,
'5-0', '1-2', '0-8', '2-2', '8-0', '1-4', '4-1', '0-9', '2-4', '9-0' ,
'1-5', '5-1', '4-2', '0-12', '2-5', '1-8', '5-2', '12-0', '0-13', '0-16' ,
'8-1', '4-4', '13-0', '15-0', '2-8', '1-9', '9-1', '8-2', '5-4', '4-5' ,
'0-18', '2-9', '1-12', '0-20', '18-0', '0-21', '9-2', '12-1', '5-5', '0-24' ,
'4-8', '1-13', '20-0', '8-4', '1-16', '22-0', '2-12', '13-1', '24-0', '0-25' ,
])

index_select (len=60) = np.array([
0, 1, 2, 3, 4, 5, 6, 7, 8, 9 ,
10, 11, 12, 13, 14, 15, 16, 17, 18, 19 ,
20, 21, 22, 23, 24, 25, 26, 27, 28, 29 ,
30, 31, 32, 33, 34, 35, 36, 37, 38, 39 ,
40, 41, 42, 43, 44, 45, 46, 47, 48, 49 ,
50, 51, 52, 53, 54, 55, 56, 57, 58, 59 ,
])
noise source = ../data/flux_derivative_truc500/gamma_phi_2Q_truc500.npz
np.shape(c_op_list) = (367, 60, 60)

===== Memory usage =====
[n_truc=60, tg=18] Peak RSS: 54.14 GB
[n_truc=60, tg=18] Peak PSS: 11.76 GB

f_170.0us_60_tg18 = np.array([
-2.85429171 ,
])

Current China Time: 2026-08-02 06:53:22.875730+08:00

============================================================


----- n_truc=60, tg=19 -----

hspace_select (len=60) = np.array([
'0-0', '0-1', '1-0', '0-2', '2-0', '0-4', '4-0', '1-1', '0-5', '2-1' ,
'5-0', '1-2', '0-8', '2-2', '8-0', '1-4', '4-1', '0-9', '2-4', '9-0' ,
'1-5', '5-1', '4-2', '0-12', '2-5', '1-8', '5-2', '12-0', '0-13', '0-16' ,
'8-1', '4-4', '13-0', '15-0', '2-8', '1-9', '9-1', '8-2', '5-4', '4-5' ,
'0-18', '2-9', '1-12', '0-20', '18-0', '0-21', '9-2', '12-1', '5-5', '0-24' ,
'4-8', '1-13', '20-0', '8-4', '1-16', '22-0', '2-12', '13-1', '24-0', '0-25' ,
])

index_select (len=60) = np.array([
0, 1, 2, 3, 4, 5, 6, 7, 8, 9 ,
10, 11, 12, 13, 14, 15, 16, 17, 18, 19 ,
20, 21, 22, 23, 24, 25, 26, 27, 28, 29 ,
30, 31, 32, 33, 34, 35, 36, 37, 38, 39 ,
40, 41, 42, 43, 44, 45, 46, 47, 48, 49 ,
50, 51, 52, 53, 54, 55, 56, 57, 58, 59 ,
])
noise source = ../data/flux_derivative_truc500/gamma_phi_2Q_truc500.npz
np.shape(c_op_list) = (367, 60, 60)

===== Memory usage =====
[n_truc=60, tg=19] Peak RSS: 54.13 GB
[n_truc=60, tg=19] Peak PSS: 10.92 GB

f_170.0us_60_tg19 = np.array([
-2.90053202 ,
])

Current China Time: 2026-08-02 07:48:15.886047+08:00

============================================================


----- n_truc=60, tg=20 -----

hspace_select (len=60) = np.array([
'0-0', '0-1', '1-0', '0-2', '2-0', '0-4', '4-0', '1-1', '0-5', '2-1' ,
'5-0', '1-2', '0-8', '2-2', '8-0', '1-4', '4-1', '0-9', '2-4', '9-0' ,
'1-5', '5-1', '4-2', '0-12', '2-5', '1-8', '5-2', '12-0', '0-13', '0-16' ,
'8-1', '4-4', '13-0', '15-0', '2-8', '1-9', '9-1', '8-2', '5-4', '4-5' ,
'0-18', '2-9', '1-12', '0-20', '18-0', '0-21', '9-2', '12-1', '5-5', '0-24' ,
'4-8', '1-13', '20-0', '8-4', '1-16', '22-0', '2-12', '13-1', '24-0', '0-25' ,
])

index_select (len=60) = np.array([
0, 1, 2, 3, 4, 5, 6, 7, 8, 9 ,
10, 11, 12, 13, 14, 15, 16, 17, 18, 19 ,
20, 21, 22, 23, 24, 25, 26, 27, 28, 29 ,
30, 31, 32, 33, 34, 35, 36, 37, 38, 39 ,
40, 41, 42, 43, 44, 45, 46, 47, 48, 49 ,
50, 51, 52, 53, 54, 55, 56, 57, 58, 59 ,
])
noise source = ../data/flux_derivative_truc500/gamma_phi_2Q_truc500.npz
np.shape(c_op_list) = (367, 60, 60)

===== Memory usage =====
[n_truc=60, tg=20] Peak RSS: 54.04 GB
[n_truc=60, tg=20] Peak PSS: 11.71 GB

f_170.0us_60_tg20 = np.array([
-3.09083593 ,
])

Current China Time: 2026-08-02 09:31:32.248113+08:00

============================================================


----- n_truc=60, tg=21 -----

hspace_select (len=60) = np.array([
'0-0', '0-1', '1-0', '0-2', '2-0', '0-4', '4-0', '1-1', '0-5', '2-1' ,
'5-0', '1-2', '0-8', '2-2', '8-0', '1-4', '4-1', '0-9', '2-4', '9-0' ,
'1-5', '5-1', '4-2', '0-12', '2-5', '1-8', '5-2', '12-0', '0-13', '0-16' ,
'8-1', '4-4', '13-0', '15-0', '2-8', '1-9', '9-1', '8-2', '5-4', '4-5' ,
'0-18', '2-9', '1-12', '0-20', '18-0', '0-21', '9-2', '12-1', '5-5', '0-24' ,
'4-8', '1-13', '20-0', '8-4', '1-16', '22-0', '2-12', '13-1', '24-0', '0-25' ,
])

index_select (len=60) = np.array([
0, 1, 2, 3, 4, 5, 6, 7, 8, 9 ,
10, 11, 12, 13, 14, 15, 16, 17, 18, 19 ,
20, 21, 22, 23, 24, 25, 26, 27, 28, 29 ,
30, 31, 32, 33, 34, 35, 36, 37, 38, 39 ,
40, 41, 42, 43, 44, 45, 46, 47, 48, 49 ,
50, 51, 52, 53, 54, 55, 56, 57, 58, 59 ,
])
noise source = ../data/flux_derivative_truc500/gamma_phi_2Q_truc500.npz
np.shape(c_op_list) = (367, 60, 60)

===== Memory usage =====
[n_truc=60, tg=21] Peak RSS: 52.28 GB
[n_truc=60, tg=21] Peak PSS: 11.68 GB

f_170.0us_60_tg21 = np.array([
-3.13784783 ,
])

Current China Time: 2026-08-02 11:06:11.069087+08:00

============================================================


----- n_truc=60, tg=22 -----

hspace_select (len=60) = np.array([
'0-0', '0-1', '1-0', '0-2', '2-0', '0-4', '4-0', '1-1', '0-5', '2-1' ,
'5-0', '1-2', '0-8', '2-2', '8-0', '1-4', '4-1', '0-9', '2-4', '9-0' ,
'1-5', '5-1', '4-2', '0-12', '2-5', '1-8', '5-2', '12-0', '0-13', '0-16' ,
'8-1', '4-4', '13-0', '15-0', '2-8', '1-9', '9-1', '8-2', '5-4', '4-5' ,
'0-18', '2-9', '1-12', '0-20', '18-0', '0-21', '9-2', '12-1', '5-5', '0-24' ,
'4-8', '1-13', '20-0', '8-4', '1-16', '22-0', '2-12', '13-1', '24-0', '0-25' ,
])

index_select (len=60) = np.array([
0, 1, 2, 3, 4, 5, 6, 7, 8, 9 ,
10, 11, 12, 13, 14, 15, 16, 17, 18, 19 ,
20, 21, 22, 23, 24, 25, 26, 27, 28, 29 ,
30, 31, 32, 33, 34, 35, 36, 37, 38, 39 ,
40, 41, 42, 43, 44, 45, 46, 47, 48, 49 ,
50, 51, 52, 53, 54, 55, 56, 57, 58, 59 ,
])
noise source = ../data/flux_derivative_truc500/gamma_phi_2Q_truc500.npz
np.shape(c_op_list) = (367, 60, 60)

===== Memory usage =====
[n_truc=60, tg=22] Peak RSS: 53.29 GB
[n_truc=60, tg=22] Peak PSS: 10.98 GB

f_170.0us_60_tg22 = np.array([
-3.12616369 ,
])

Current China Time: 2026-08-02 13:36:36.303026+08:00

============================================================


----- n_truc=60, tg=23 -----

hspace_select (len=60) = np.array([
'0-0', '0-1', '1-0', '0-2', '2-0', '0-4', '4-0', '1-1', '0-5', '2-1' ,
'5-0', '1-2', '0-8', '2-2', '8-0', '1-4', '4-1', '0-9', '2-4', '9-0' ,
'1-5', '5-1', '4-2', '0-12', '2-5', '1-8', '5-2', '12-0', '0-13', '0-16' ,
'8-1', '4-4', '13-0', '15-0', '2-8', '1-9', '9-1', '8-2', '5-4', '4-5' ,
'0-18', '2-9', '1-12', '0-20', '18-0', '0-21', '9-2', '12-1', '5-5', '0-24' ,
'4-8', '1-13', '20-0', '8-4', '1-16', '22-0', '2-12', '13-1', '24-0', '0-25' ,
])

index_select (len=60) = np.array([
0, 1, 2, 3, 4, 5, 6, 7, 8, 9 ,
10, 11, 12, 13, 14, 15, 16, 17, 18, 19 ,
20, 21, 22, 23, 24, 25, 26, 27, 28, 29 ,
30, 31, 32, 33, 34, 35, 36, 37, 38, 39 ,
40, 41, 42, 43, 44, 45, 46, 47, 48, 49 ,
50, 51, 52, 53, 54, 55, 56, 57, 58, 59 ,
])
noise source = ../data/flux_derivative_truc500/gamma_phi_2Q_truc500.npz
np.shape(c_op_list) = (367, 60, 60)

===== Memory usage =====
[n_truc=60, tg=23] Peak RSS: 52.08 GB
[n_truc=60, tg=23] Peak PSS: 10.48 GB

f_170.0us_60_tg23 = np.array([
-3.24232543 ,
])

Current China Time: 2026-08-02 17:52:32.023653+08:00

============================================================


----- n_truc=60, tg=24 -----

hspace_select (len=60) = np.array([
'0-0', '0-1', '1-0', '0-2', '2-0', '0-4', '4-0', '1-1', '0-5', '2-1' ,
'5-0', '1-2', '0-8', '2-2', '8-0', '1-4', '4-1', '0-9', '2-4', '9-0' ,
'1-5', '5-1', '4-2', '0-12', '2-5', '1-8', '5-2', '12-0', '0-13', '0-16' ,
'8-1', '4-4', '13-0', '15-0', '2-8', '1-9', '9-1', '8-2', '5-4', '4-5' ,
'0-18', '2-9', '1-12', '0-20', '18-0', '0-21', '9-2', '12-1', '5-5', '0-24' ,
'4-8', '1-13', '20-0', '8-4', '1-16', '22-0', '2-12', '13-1', '24-0', '0-25' ,
])

index_select (len=60) = np.array([
0, 1, 2, 3, 4, 5, 6, 7, 8, 9 ,
10, 11, 12, 13, 14, 15, 16, 17, 18, 19 ,
20, 21, 22, 23, 24, 25, 26, 27, 28, 29 ,
30, 31, 32, 33, 34, 35, 36, 37, 38, 39 ,
40, 41, 42, 43, 44, 45, 46, 47, 48, 49 ,
50, 51, 52, 53, 54, 55, 56, 57, 58, 59 ,
])
noise source = ../data/flux_derivative_truc500/gamma_phi_2Q_truc500.npz
np.shape(c_op_list) = (367, 60, 60)

===== Memory usage =====
[n_truc=60, tg=24] Peak RSS: 58.63 GB
[n_truc=60, tg=24] Peak PSS: 12.01 GB

f_170.0us_60_tg24 = np.array([
-3.38569353 ,
])

Current China Time: 2026-08-02 20:26:00.740719+08:00

============================================================


===== Memory usage by n_truc and tg =====
n_truc=60, tg=0: Peak RSS=36.35 GB, Peak PSS=10.64 GB
n_truc=60, tg=1: Peak RSS=38.01 GB, Peak PSS=9.88 GB
n_truc=60, tg=2: Peak RSS=39.61 GB, Peak PSS=9.96 GB
n_truc=60, tg=3: Peak RSS=42.35 GB, Peak PSS=10.04 GB
n_truc=60, tg=4: Peak RSS=44.31 GB, Peak PSS=10.55 GB
n_truc=60, tg=5: Peak RSS=44.51 GB, Peak PSS=10.84 GB
n_truc=60, tg=6: Peak RSS=44.75 GB, Peak PSS=11.59 GB
n_truc=60, tg=7: Peak RSS=44.79 GB, Peak PSS=11.05 GB
n_truc=60, tg=8: Peak RSS=45.30 GB, Peak PSS=10.98 GB
n_truc=60, tg=9: Peak RSS=45.74 GB, Peak PSS=10.77 GB
n_truc=60, tg=10: Peak RSS=47.86 GB, Peak PSS=11.67 GB
n_truc=60, tg=11: Peak RSS=48.77 GB, Peak PSS=11.10 GB
n_truc=60, tg=12: Peak RSS=49.86 GB, Peak PSS=11.13 GB
n_truc=60, tg=13: Peak RSS=49.71 GB, Peak PSS=11.16 GB
n_truc=60, tg=14: Peak RSS=53.06 GB, Peak PSS=11.23 GB
n_truc=60, tg=15: Peak RSS=50.43 GB, Peak PSS=10.96 GB
n_truc=60, tg=16: Peak RSS=48.22 GB, Peak PSS=10.51 GB
n_truc=60, tg=17: Peak RSS=51.18 GB, Peak PSS=10.67 GB
n_truc=60, tg=18: Peak RSS=54.14 GB, Peak PSS=11.76 GB
n_truc=60, tg=19: Peak RSS=54.13 GB, Peak PSS=10.92 GB
n_truc=60, tg=20: Peak RSS=54.04 GB, Peak PSS=11.71 GB
n_truc=60, tg=21: Peak RSS=52.28 GB, Peak PSS=11.68 GB
n_truc=60, tg=22: Peak RSS=53.29 GB, Peak PSS=10.98 GB
n_truc=60, tg=23: Peak RSS=52.08 GB, Peak PSS=10.48 GB
n_truc=60, tg=24: Peak RSS=58.63 GB, Peak PSS=12.01 GB

fidelity_noise_list = np.array([
[-0.5435764181958944] ,
[-0.2801650625929609] ,
[-0.44097296090685884] ,
[-0.9088700759739914] ,
[-1.1985136347647227] ,
[-1.1745818241454837] ,
[-1.0551621564659857] ,
[-0.9715486605816694] ,
[-1.1341099967748263] ,
[-1.2724180819802433] ,
[-1.6210542848053213] ,
[-2.2237632848038844] ,
[-2.9152265411598792] ,
[-2.359950465207369] ,
[-2.0430034485266035] ,
[-2.2504017908043257] ,
[-2.7289445026061157] ,
[-3.003487664435938] ,
[-2.8542917141995394] ,
[-2.900532020816568] ,
[-3.0908359330498167] ,
[-3.137847828935854] ,
[-3.126163688713103] ,
[-3.2423254292918466] ,
[-3.3856935278897993] ,
])
