run_2q_fidelity.py

Current China Time: 2026-08-01 21:25:26.691822+08:00

params = np.array([
[20.042209, 0.049978, 0.039991] ,
[26.099981, 0.026182, 0.019529] ,
[32.057496, 0.047462, 0.021916] ,
[38.059233, 0.041072, 0.025351] ,
[44.046786, 0.033734, 0.028972] ,
[50.067794, 0.036383, 0.039999] ,
[56.065043, 0.028997, 0.039984] ,
[62.061713, 0.02096, 0.017575] ,
[68.034924, 0.018637, 0.016083] ,
[74.044345, 0.016515, 0.015571] ,
[80.08052, 0.022351, 0.025764] ,
[86.104958, 0.019856, 0.025527] ,
[91.947295, 0.017908, 0.025175] ,
[97.915742, 0.016361, 0.024639] ,
[104.063579, 0.015087, 0.022589] ,
[110.015207, 0.014187, 0.020769] ,
[116.085225, 0.013312, 0.020023] ,
[121.899104, 0.012552, 0.019398] ,
[127.98677, 0.011843, 0.018552] ,
[134.046451, 0.011217, 0.01769] ,
[140.026912, 0.010657, 0.016972] ,
[146.029202, 0.01015, 0.016335] ,
[151.996899, 0.009688, 0.01572] ,
[158.047613, 0.009264, 0.015093] ,
[164.005505, 0.008876, 0.014574] ,
])

============================================================
 Configuration 
============================================================

[cz_run]
    True

[n_truc_list]
    [60]

[reduced_model]
    charge_pick

[calculate_ideal]
    False

[calculate_noise]
    True

[max_step_ideal]
    0.001

[max_step_noisy]
    0.001

[apply_decay]
    True

[apply_dephase]
    True

[decay_enlarge]
    1

[filter_ratio]
    0.3

[t1_tphi_other]
    3.0

[noise_dephase_path]
    ../data/flux_derivative_truc500/gamma_phi_2Q_truc500.npz

[tg_para]
    False

[num_cpus_ideal]
    4

[num_cpus_noisy]
    16

[folder_load]
    ../data/Two_qubit_data_Sorted_Truc

[n_job]
    10

[use_qt_fidelity]
    False

[tg_list]
    type: np.ndarray, shape=(25,)
    preview: [0, 1, 2, 3, 4, 5, 6, 7, 8, 9, 10, 11, 12, 13, 14, 15, 16, 17, 18, 19, 20, 21, 22, 23, 24]

[params]
    type: np.ndarray, shape=(25, 3)
      [20.042209, 0.049978, 0.039991]
      [26.099981, 0.026182, 0.019529]
      [32.057496, 0.047462, 0.021916]
      [38.059233, 0.041072, 0.025351]
      [44.046786, 0.033734, 0.028972]
      [50.067794, 0.036383, 0.039999]
      [56.065043, 0.028997, 0.039984]
      [62.061713, 0.02096, 0.017575]
      [68.034924, 0.018637, 0.016083]
      [74.044345, 0.016515, 0.015571]
      [80.08052, 0.022351, 0.025764]
      [86.104958, 0.019856, 0.025527]
      [91.947295, 0.017908, 0.025175]
      [97.915742, 0.016361, 0.024639]
      [104.063579, 0.015087, 0.022589]
      [110.015207, 0.014187, 0.020769]
      [116.085225, 0.013312, 0.020023]
      [121.899104, 0.012552, 0.019398]
      [127.98677, 0.011843, 0.018552]
      [134.046451, 0.011217, 0.01769]
      [140.026912, 0.010657, 0.016972]
      [146.029202, 0.01015, 0.016335]
      [151.996899, 0.009688, 0.01572]
      [158.047613, 0.009264, 0.015093]
      [164.005505, 0.008876, 0.014574]

============================================================


===== n_truc = 60 =====

----- n_truc=60, tg=0 -----

hspace_select (len=60) = np.array([
'0-0', '0-1', '1-0', '0-2', '2-0', '0-4', '4-0', '1-1', '0-5', '2-1' ,
'5-0', '1-2', '0-8', '2-2', '8-0', '1-4', '4-1', '0-9', '2-4', '9-0' ,
'1-5', '5-1', '4-2', '0-12', '2-5', '1-8', '5-2', '12-0', '0-13', '0-16' ,
'8-1', '4-4', '13-0', '15-0', '2-8', '1-9', '9-1', '8-2', '5-4', '4-5' ,
'0-18', '2-9', '1-12', '0-20', '18-0', '0-21', '9-2', '12-1', '5-5', '0-24' ,
'4-8', '1-13', '20-0', '8-4', '1-16', '22-0', '2-12', '13-1', '24-0', '0-25' ,
])

index_select (len=60) = np.array([
0, 1, 2, 3, 4, 5, 6, 7, 8, 9 ,
10, 11, 12, 13, 14, 15, 16, 17, 18, 19 ,
20, 21, 22, 23, 24, 25, 26, 27, 28, 29 ,
30, 31, 32, 33, 34, 35, 36, 37, 38, 39 ,
40, 41, 42, 43, 44, 45, 46, 47, 48, 49 ,
50, 51, 52, 53, 54, 55, 56, 57, 58, 59 ,
])
noise source = ../data/flux_derivative_truc500/gamma_phi_2Q_truc500.npz
np.shape(c_op_list) = (367, 60, 60)

===== Memory usage =====
[n_truc=60, tg=0] Peak RSS: 36.55 GB
[n_truc=60, tg=0] Peak PSS: 10.86 GB

f_3.0us_60_tg0 = np.array([
-0.54033170 ,
])

Current China Time: 2026-08-01 21:34:38.517770+08:00

============================================================


----- n_truc=60, tg=1 -----

hspace_select (len=60) = np.array([
'0-0', '0-1', '1-0', '0-2', '2-0', '0-4', '4-0', '1-1', '0-5', '2-1' ,
'5-0', '1-2', '0-8', '2-2', '8-0', '1-4', '4-1', '0-9', '2-4', '9-0' ,
'1-5', '5-1', '4-2', '0-12', '2-5', '1-8', '5-2', '12-0', '0-13', '0-16' ,
'8-1', '4-4', '13-0', '15-0', '2-8', '1-9', '9-1', '8-2', '5-4', '4-5' ,
'0-18', '2-9', '1-12', '0-20', '18-0', '0-21', '9-2', '12-1', '5-5', '0-24' ,
'4-8', '1-13', '20-0', '8-4', '1-16', '22-0', '2-12', '13-1', '24-0', '0-25' ,
])

index_select (len=60) = np.array([
0, 1, 2, 3, 4, 5, 6, 7, 8, 9 ,
10, 11, 12, 13, 14, 15, 16, 17, 18, 19 ,
20, 21, 22, 23, 24, 25, 26, 27, 28, 29 ,
30, 31, 32, 33, 34, 35, 36, 37, 38, 39 ,
40, 41, 42, 43, 44, 45, 46, 47, 48, 49 ,
50, 51, 52, 53, 54, 55, 56, 57, 58, 59 ,
])
noise source = ../data/flux_derivative_truc500/gamma_phi_2Q_truc500.npz
np.shape(c_op_list) = (367, 60, 60)

===== Memory usage =====
[n_truc=60, tg=1] Peak RSS: 38.17 GB
[n_truc=60, tg=1] Peak PSS: 9.90 GB

f_3.0us_60_tg1 = np.array([
-0.27994625 ,
])

Current China Time: 2026-08-01 21:50:41.369333+08:00

============================================================


----- n_truc=60, tg=2 -----

hspace_select (len=60) = np.array([
'0-0', '0-1', '1-0', '0-2', '2-0', '0-4', '4-0', '1-1', '0-5', '2-1' ,
'5-0', '1-2', '0-8', '2-2', '8-0', '1-4', '4-1', '0-9', '2-4', '9-0' ,
'1-5', '5-1', '4-2', '0-12', '2-5', '1-8', '5-2', '12-0', '0-13', '0-16' ,
'8-1', '4-4', '13-0', '15-0', '2-8', '1-9', '9-1', '8-2', '5-4', '4-5' ,
'0-18', '2-9', '1-12', '0-20', '18-0', '0-21', '9-2', '12-1', '5-5', '0-24' ,
'4-8', '1-13', '20-0', '8-4', '1-16', '22-0', '2-12', '13-1', '24-0', '0-25' ,
])

index_select (len=60) = np.array([
0, 1, 2, 3, 4, 5, 6, 7, 8, 9 ,
10, 11, 12, 13, 14, 15, 16, 17, 18, 19 ,
20, 21, 22, 23, 24, 25, 26, 27, 28, 29 ,
30, 31, 32, 33, 34, 35, 36, 37, 38, 39 ,
40, 41, 42, 43, 44, 45, 46, 47, 48, 49 ,
50, 51, 52, 53, 54, 55, 56, 57, 58, 59 ,
])
noise source = ../data/flux_derivative_truc500/gamma_phi_2Q_truc500.npz
np.shape(c_op_list) = (367, 60, 60)

===== Memory usage =====
[n_truc=60, tg=2] Peak RSS: 39.66 GB
[n_truc=60, tg=2] Peak PSS: 10.13 GB

f_3.0us_60_tg2 = np.array([
-0.43670692 ,
])

Current China Time: 2026-08-01 22:06:23.469834+08:00

============================================================


----- n_truc=60, tg=3 -----

hspace_select (len=60) = np.array([
'0-0', '0-1', '1-0', '0-2', '2-0', '0-4', '4-0', '1-1', '0-5', '2-1' ,
'5-0', '1-2', '0-8', '2-2', '8-0', '1-4', '4-1', '0-9', '2-4', '9-0' ,
'1-5', '5-1', '4-2', '0-12', '2-5', '1-8', '5-2', '12-0', '0-13', '0-16' ,
'8-1', '4-4', '13-0', '15-0', '2-8', '1-9', '9-1', '8-2', '5-4', '4-5' ,
'0-18', '2-9', '1-12', '0-20', '18-0', '0-21', '9-2', '12-1', '5-5', '0-24' ,
'4-8', '1-13', '20-0', '8-4', '1-16', '22-0', '2-12', '13-1', '24-0', '0-25' ,
])

index_select (len=60) = np.array([
0, 1, 2, 3, 4, 5, 6, 7, 8, 9 ,
10, 11, 12, 13, 14, 15, 16, 17, 18, 19 ,
20, 21, 22, 23, 24, 25, 26, 27, 28, 29 ,
30, 31, 32, 33, 34, 35, 36, 37, 38, 39 ,
40, 41, 42, 43, 44, 45, 46, 47, 48, 49 ,
50, 51, 52, 53, 54, 55, 56, 57, 58, 59 ,
])
noise source = ../data/flux_derivative_truc500/gamma_phi_2Q_truc500.npz
np.shape(c_op_list) = (367, 60, 60)

===== Memory usage =====
[n_truc=60, tg=3] Peak RSS: 42.71 GB
[n_truc=60, tg=3] Peak PSS: 10.27 GB

f_3.0us_60_tg3 = np.array([
-0.89252440 ,
])

Current China Time: 2026-08-01 22:25:54.965781+08:00

============================================================


----- n_truc=60, tg=4 -----

hspace_select (len=60) = np.array([
'0-0', '0-1', '1-0', '0-2', '2-0', '0-4', '4-0', '1-1', '0-5', '2-1' ,
'5-0', '1-2', '0-8', '2-2', '8-0', '1-4', '4-1', '0-9', '2-4', '9-0' ,
'1-5', '5-1', '4-2', '0-12', '2-5', '1-8', '5-2', '12-0', '0-13', '0-16' ,
'8-1', '4-4', '13-0', '15-0', '2-8', '1-9', '9-1', '8-2', '5-4', '4-5' ,
'0-18', '2-9', '1-12', '0-20', '18-0', '0-21', '9-2', '12-1', '5-5', '0-24' ,
'4-8', '1-13', '20-0', '8-4', '1-16', '22-0', '2-12', '13-1', '24-0', '0-25' ,
])

index_select (len=60) = np.array([
0, 1, 2, 3, 4, 5, 6, 7, 8, 9 ,
10, 11, 12, 13, 14, 15, 16, 17, 18, 19 ,
20, 21, 22, 23, 24, 25, 26, 27, 28, 29 ,
30, 31, 32, 33, 34, 35, 36, 37, 38, 39 ,
40, 41, 42, 43, 44, 45, 46, 47, 48, 49 ,
50, 51, 52, 53, 54, 55, 56, 57, 58, 59 ,
])
noise source = ../data/flux_derivative_truc500/gamma_phi_2Q_truc500.npz
np.shape(c_op_list) = (367, 60, 60)

===== Memory usage =====
[n_truc=60, tg=4] Peak RSS: 42.45 GB
[n_truc=60, tg=4] Peak PSS: 10.55 GB

f_3.0us_60_tg4 = np.array([
-1.16913108 ,
])

Current China Time: 2026-08-01 22:46:57.822231+08:00

============================================================


----- n_truc=60, tg=5 -----

hspace_select (len=60) = np.array([
'0-0', '0-1', '1-0', '0-2', '2-0', '0-4', '4-0', '1-1', '0-5', '2-1' ,
'5-0', '1-2', '0-8', '2-2', '8-0', '1-4', '4-1', '0-9', '2-4', '9-0' ,
'1-5', '5-1', '4-2', '0-12', '2-5', '1-8', '5-2', '12-0', '0-13', '0-16' ,
'8-1', '4-4', '13-0', '15-0', '2-8', '1-9', '9-1', '8-2', '5-4', '4-5' ,
'0-18', '2-9', '1-12', '0-20', '18-0', '0-21', '9-2', '12-1', '5-5', '0-24' ,
'4-8', '1-13', '20-0', '8-4', '1-16', '22-0', '2-12', '13-1', '24-0', '0-25' ,
])

index_select (len=60) = np.array([
0, 1, 2, 3, 4, 5, 6, 7, 8, 9 ,
10, 11, 12, 13, 14, 15, 16, 17, 18, 19 ,
20, 21, 22, 23, 24, 25, 26, 27, 28, 29 ,
30, 31, 32, 33, 34, 35, 36, 37, 38, 39 ,
40, 41, 42, 43, 44, 45, 46, 47, 48, 49 ,
50, 51, 52, 53, 54, 55, 56, 57, 58, 59 ,
])
noise source = ../data/flux_derivative_truc500/gamma_phi_2Q_truc500.npz
np.shape(c_op_list) = (367, 60, 60)

===== Memory usage =====
[n_truc=60, tg=5] Peak RSS: 42.82 GB
[n_truc=60, tg=5] Peak PSS: 10.55 GB

f_3.0us_60_tg5 = np.array([
-1.11437826 ,
])

Current China Time: 2026-08-01 23:15:21.525022+08:00

============================================================


----- n_truc=60, tg=6 -----

hspace_select (len=60) = np.array([
'0-0', '0-1', '1-0', '0-2', '2-0', '0-4', '4-0', '1-1', '0-5', '2-1' ,
'5-0', '1-2', '0-8', '2-2', '8-0', '1-4', '4-1', '0-9', '2-4', '9-0' ,
'1-5', '5-1', '4-2', '0-12', '2-5', '1-8', '5-2', '12-0', '0-13', '0-16' ,
'8-1', '4-4', '13-0', '15-0', '2-8', '1-9', '9-1', '8-2', '5-4', '4-5' ,
'0-18', '2-9', '1-12', '0-20', '18-0', '0-21', '9-2', '12-1', '5-5', '0-24' ,
'4-8', '1-13', '20-0', '8-4', '1-16', '22-0', '2-12', '13-1', '24-0', '0-25' ,
])

index_select (len=60) = np.array([
0, 1, 2, 3, 4, 5, 6, 7, 8, 9 ,
10, 11, 12, 13, 14, 15, 16, 17, 18, 19 ,
20, 21, 22, 23, 24, 25, 26, 27, 28, 29 ,
30, 31, 32, 33, 34, 35, 36, 37, 38, 39 ,
40, 41, 42, 43, 44, 45, 46, 47, 48, 49 ,
50, 51, 52, 53, 54, 55, 56, 57, 58, 59 ,
])
noise source = ../data/flux_derivative_truc500/gamma_phi_2Q_truc500.npz
np.shape(c_op_list) = (367, 60, 60)

===== Memory usage =====
[n_truc=60, tg=6] Peak RSS: 43.25 GB
[n_truc=60, tg=6] Peak PSS: 10.22 GB

f_3.0us_60_tg6 = np.array([
-1.01427169 ,
])

Current China Time: 2026-08-01 23:36:12.366869+08:00

============================================================


----- n_truc=60, tg=7 -----

hspace_select (len=60) = np.array([
'0-0', '0-1', '1-0', '0-2', '2-0', '0-4', '4-0', '1-1', '0-5', '2-1' ,
'5-0', '1-2', '0-8', '2-2', '8-0', '1-4', '4-1', '0-9', '2-4', '9-0' ,
'1-5', '5-1', '4-2', '0-12', '2-5', '1-8', '5-2', '12-0', '0-13', '0-16' ,
'8-1', '4-4', '13-0', '15-0', '2-8', '1-9', '9-1', '8-2', '5-4', '4-5' ,
'0-18', '2-9', '1-12', '0-20', '18-0', '0-21', '9-2', '12-1', '5-5', '0-24' ,
'4-8', '1-13', '20-0', '8-4', '1-16', '22-0', '2-12', '13-1', '24-0', '0-25' ,
])

index_select (len=60) = np.array([
0, 1, 2, 3, 4, 5, 6, 7, 8, 9 ,
10, 11, 12, 13, 14, 15, 16, 17, 18, 19 ,
20, 21, 22, 23, 24, 25, 26, 27, 28, 29 ,
30, 31, 32, 33, 34, 35, 36, 37, 38, 39 ,
40, 41, 42, 43, 44, 45, 46, 47, 48, 49 ,
50, 51, 52, 53, 54, 55, 56, 57, 58, 59 ,
])
noise source = ../data/flux_derivative_truc500/gamma_phi_2Q_truc500.npz
np.shape(c_op_list) = (367, 60, 60)

===== Memory usage =====
[n_truc=60, tg=7] Peak RSS: 44.19 GB
[n_truc=60, tg=7] Peak PSS: 10.27 GB

f_3.0us_60_tg7 = np.array([
-0.95649605 ,
])

Current China Time: 2026-08-02 00:06:21.314617+08:00

============================================================


----- n_truc=60, tg=8 -----

hspace_select (len=60) = np.array([
'0-0', '0-1', '1-0', '0-2', '2-0', '0-4', '4-0', '1-1', '0-5', '2-1' ,
'5-0', '1-2', '0-8', '2-2', '8-0', '1-4', '4-1', '0-9', '2-4', '9-0' ,
'1-5', '5-1', '4-2', '0-12', '2-5', '1-8', '5-2', '12-0', '0-13', '0-16' ,
'8-1', '4-4', '13-0', '15-0', '2-8', '1-9', '9-1', '8-2', '5-4', '4-5' ,
'0-18', '2-9', '1-12', '0-20', '18-0', '0-21', '9-2', '12-1', '5-5', '0-24' ,
'4-8', '1-13', '20-0', '8-4', '1-16', '22-0', '2-12', '13-1', '24-0', '0-25' ,
])

index_select (len=60) = np.array([
0, 1, 2, 3, 4, 5, 6, 7, 8, 9 ,
10, 11, 12, 13, 14, 15, 16, 17, 18, 19 ,
20, 21, 22, 23, 24, 25, 26, 27, 28, 29 ,
30, 31, 32, 33, 34, 35, 36, 37, 38, 39 ,
40, 41, 42, 43, 44, 45, 46, 47, 48, 49 ,
50, 51, 52, 53, 54, 55, 56, 57, 58, 59 ,
])
noise source = ../data/flux_derivative_truc500/gamma_phi_2Q_truc500.npz
np.shape(c_op_list) = (367, 60, 60)

===== Memory usage =====
[n_truc=60, tg=8] Peak RSS: 45.58 GB
[n_truc=60, tg=8] Peak PSS: 10.48 GB

f_3.0us_60_tg8 = np.array([
-1.11014840 ,
])

Current China Time: 2026-08-02 00:37:32.118949+08:00

============================================================


----- n_truc=60, tg=9 -----

hspace_select (len=60) = np.array([
'0-0', '0-1', '1-0', '0-2', '2-0', '0-4', '4-0', '1-1', '0-5', '2-1' ,
'5-0', '1-2', '0-8', '2-2', '8-0', '1-4', '4-1', '0-9', '2-4', '9-0' ,
'1-5', '5-1', '4-2', '0-12', '2-5', '1-8', '5-2', '12-0', '0-13', '0-16' ,
'8-1', '4-4', '13-0', '15-0', '2-8', '1-9', '9-1', '8-2', '5-4', '4-5' ,
'0-18', '2-9', '1-12', '0-20', '18-0', '0-21', '9-2', '12-1', '5-5', '0-24' ,
'4-8', '1-13', '20-0', '8-4', '1-16', '22-0', '2-12', '13-1', '24-0', '0-25' ,
])

index_select (len=60) = np.array([
0, 1, 2, 3, 4, 5, 6, 7, 8, 9 ,
10, 11, 12, 13, 14, 15, 16, 17, 18, 19 ,
20, 21, 22, 23, 24, 25, 26, 27, 28, 29 ,
30, 31, 32, 33, 34, 35, 36, 37, 38, 39 ,
40, 41, 42, 43, 44, 45, 46, 47, 48, 49 ,
50, 51, 52, 53, 54, 55, 56, 57, 58, 59 ,
])
noise source = ../data/flux_derivative_truc500/gamma_phi_2Q_truc500.npz
np.shape(c_op_list) = (367, 60, 60)

===== Memory usage =====
[n_truc=60, tg=9] Peak RSS: 46.74 GB
[n_truc=60, tg=9] Peak PSS: 11.47 GB

f_3.0us_60_tg9 = np.array([
-1.23804874 ,
])

Current China Time: 2026-08-02 01:17:41.366497+08:00

============================================================


----- n_truc=60, tg=10 -----

hspace_select (len=60) = np.array([
'0-0', '0-1', '1-0', '0-2', '2-0', '0-4', '4-0', '1-1', '0-5', '2-1' ,
'5-0', '1-2', '0-8', '2-2', '8-0', '1-4', '4-1', '0-9', '2-4', '9-0' ,
'1-5', '5-1', '4-2', '0-12', '2-5', '1-8', '5-2', '12-0', '0-13', '0-16' ,
'8-1', '4-4', '13-0', '15-0', '2-8', '1-9', '9-1', '8-2', '5-4', '4-5' ,
'0-18', '2-9', '1-12', '0-20', '18-0', '0-21', '9-2', '12-1', '5-5', '0-24' ,
'4-8', '1-13', '20-0', '8-4', '1-16', '22-0', '2-12', '13-1', '24-0', '0-25' ,
])

index_select (len=60) = np.array([
0, 1, 2, 3, 4, 5, 6, 7, 8, 9 ,
10, 11, 12, 13, 14, 15, 16, 17, 18, 19 ,
20, 21, 22, 23, 24, 25, 26, 27, 28, 29 ,
30, 31, 32, 33, 34, 35, 36, 37, 38, 39 ,
40, 41, 42, 43, 44, 45, 46, 47, 48, 49 ,
50, 51, 52, 53, 54, 55, 56, 57, 58, 59 ,
])
noise source = ../data/flux_derivative_truc500/gamma_phi_2Q_truc500.npz
np.shape(c_op_list) = (367, 60, 60)

===== Memory usage =====
[n_truc=60, tg=10] Peak RSS: 48.61 GB
[n_truc=60, tg=10] Peak PSS: 11.41 GB

f_3.0us_60_tg10 = np.array([
-1.51800919 ,
])

Current China Time: 2026-08-02 01:54:34.068409+08:00

============================================================


----- n_truc=60, tg=11 -----

hspace_select (len=60) = np.array([
'0-0', '0-1', '1-0', '0-2', '2-0', '0-4', '4-0', '1-1', '0-5', '2-1' ,
'5-0', '1-2', '0-8', '2-2', '8-0', '1-4', '4-1', '0-9', '2-4', '9-0' ,
'1-5', '5-1', '4-2', '0-12', '2-5', '1-8', '5-2', '12-0', '0-13', '0-16' ,
'8-1', '4-4', '13-0', '15-0', '2-8', '1-9', '9-1', '8-2', '5-4', '4-5' ,
'0-18', '2-9', '1-12', '0-20', '18-0', '0-21', '9-2', '12-1', '5-5', '0-24' ,
'4-8', '1-13', '20-0', '8-4', '1-16', '22-0', '2-12', '13-1', '24-0', '0-25' ,
])

index_select (len=60) = np.array([
0, 1, 2, 3, 4, 5, 6, 7, 8, 9 ,
10, 11, 12, 13, 14, 15, 16, 17, 18, 19 ,
20, 21, 22, 23, 24, 25, 26, 27, 28, 29 ,
30, 31, 32, 33, 34, 35, 36, 37, 38, 39 ,
40, 41, 42, 43, 44, 45, 46, 47, 48, 49 ,
50, 51, 52, 53, 54, 55, 56, 57, 58, 59 ,
])
noise source = ../data/flux_derivative_truc500/gamma_phi_2Q_truc500.npz
np.shape(c_op_list) = (367, 60, 60)

===== Memory usage =====
[n_truc=60, tg=11] Peak RSS: 49.57 GB
[n_truc=60, tg=11] Peak PSS: 11.62 GB

f_3.0us_60_tg11 = np.array([
-1.92085171 ,
])

Current China Time: 2026-08-02 02:39:03.181671+08:00

============================================================


----- n_truc=60, tg=12 -----

hspace_select (len=60) = np.array([
'0-0', '0-1', '1-0', '0-2', '2-0', '0-4', '4-0', '1-1', '0-5', '2-1' ,
'5-0', '1-2', '0-8', '2-2', '8-0', '1-4', '4-1', '0-9', '2-4', '9-0' ,
'1-5', '5-1', '4-2', '0-12', '2-5', '1-8', '5-2', '12-0', '0-13', '0-16' ,
'8-1', '4-4', '13-0', '15-0', '2-8', '1-9', '9-1', '8-2', '5-4', '4-5' ,
'0-18', '2-9', '1-12', '0-20', '18-0', '0-21', '9-2', '12-1', '5-5', '0-24' ,
'4-8', '1-13', '20-0', '8-4', '1-16', '22-0', '2-12', '13-1', '24-0', '0-25' ,
])

index_select (len=60) = np.array([
0, 1, 2, 3, 4, 5, 6, 7, 8, 9 ,
10, 11, 12, 13, 14, 15, 16, 17, 18, 19 ,
20, 21, 22, 23, 24, 25, 26, 27, 28, 29 ,
30, 31, 32, 33, 34, 35, 36, 37, 38, 39 ,
40, 41, 42, 43, 44, 45, 46, 47, 48, 49 ,
50, 51, 52, 53, 54, 55, 56, 57, 58, 59 ,
])
noise source = ../data/flux_derivative_truc500/gamma_phi_2Q_truc500.npz
np.shape(c_op_list) = (367, 60, 60)

===== Memory usage =====
[n_truc=60, tg=12] Peak RSS: 49.68 GB
[n_truc=60, tg=12] Peak PSS: 11.75 GB

f_3.0us_60_tg12 = np.array([
-2.16257398 ,
])

Current China Time: 2026-08-02 03:25:21.892761+08:00

============================================================


----- n_truc=60, tg=13 -----

hspace_select (len=60) = np.array([
'0-0', '0-1', '1-0', '0-2', '2-0', '0-4', '4-0', '1-1', '0-5', '2-1' ,
'5-0', '1-2', '0-8', '2-2', '8-0', '1-4', '4-1', '0-9', '2-4', '9-0' ,
'1-5', '5-1', '4-2', '0-12', '2-5', '1-8', '5-2', '12-0', '0-13', '0-16' ,
'8-1', '4-4', '13-0', '15-0', '2-8', '1-9', '9-1', '8-2', '5-4', '4-5' ,
'0-18', '2-9', '1-12', '0-20', '18-0', '0-21', '9-2', '12-1', '5-5', '0-24' ,
'4-8', '1-13', '20-0', '8-4', '1-16', '22-0', '2-12', '13-1', '24-0', '0-25' ,
])

index_select (len=60) = np.array([
0, 1, 2, 3, 4, 5, 6, 7, 8, 9 ,
10, 11, 12, 13, 14, 15, 16, 17, 18, 19 ,
20, 21, 22, 23, 24, 25, 26, 27, 28, 29 ,
30, 31, 32, 33, 34, 35, 36, 37, 38, 39 ,
40, 41, 42, 43, 44, 45, 46, 47, 48, 49 ,
50, 51, 52, 53, 54, 55, 56, 57, 58, 59 ,
])
noise source = ../data/flux_derivative_truc500/gamma_phi_2Q_truc500.npz
np.shape(c_op_list) = (367, 60, 60)

===== Memory usage =====
[n_truc=60, tg=13] Peak RSS: 50.62 GB
[n_truc=60, tg=13] Peak PSS: 10.80 GB

f_3.0us_60_tg13 = np.array([
-2.01290112 ,
])

Current China Time: 2026-08-02 04:09:57.595329+08:00

============================================================


----- n_truc=60, tg=14 -----

hspace_select (len=60) = np.array([
'0-0', '0-1', '1-0', '0-2', '2-0', '0-4', '4-0', '1-1', '0-5', '2-1' ,
'5-0', '1-2', '0-8', '2-2', '8-0', '1-4', '4-1', '0-9', '2-4', '9-0' ,
'1-5', '5-1', '4-2', '0-12', '2-5', '1-8', '5-2', '12-0', '0-13', '0-16' ,
'8-1', '4-4', '13-0', '15-0', '2-8', '1-9', '9-1', '8-2', '5-4', '4-5' ,
'0-18', '2-9', '1-12', '0-20', '18-0', '0-21', '9-2', '12-1', '5-5', '0-24' ,
'4-8', '1-13', '20-0', '8-4', '1-16', '22-0', '2-12', '13-1', '24-0', '0-25' ,
])

index_select (len=60) = np.array([
0, 1, 2, 3, 4, 5, 6, 7, 8, 9 ,
10, 11, 12, 13, 14, 15, 16, 17, 18, 19 ,
20, 21, 22, 23, 24, 25, 26, 27, 28, 29 ,
30, 31, 32, 33, 34, 35, 36, 37, 38, 39 ,
40, 41, 42, 43, 44, 45, 46, 47, 48, 49 ,
50, 51, 52, 53, 54, 55, 56, 57, 58, 59 ,
])
noise source = ../data/flux_derivative_truc500/gamma_phi_2Q_truc500.npz
np.shape(c_op_list) = (367, 60, 60)

===== Memory usage =====
[n_truc=60, tg=14] Peak RSS: 49.72 GB
[n_truc=60, tg=14] Peak PSS: 10.59 GB

f_3.0us_60_tg14 = np.array([
-1.83948244 ,
])

Current China Time: 2026-08-02 05:11:19.140992+08:00

============================================================


----- n_truc=60, tg=15 -----

hspace_select (len=60) = np.array([
'0-0', '0-1', '1-0', '0-2', '2-0', '0-4', '4-0', '1-1', '0-5', '2-1' ,
'5-0', '1-2', '0-8', '2-2', '8-0', '1-4', '4-1', '0-9', '2-4', '9-0' ,
'1-5', '5-1', '4-2', '0-12', '2-5', '1-8', '5-2', '12-0', '0-13', '0-16' ,
'8-1', '4-4', '13-0', '15-0', '2-8', '1-9', '9-1', '8-2', '5-4', '4-5' ,
'0-18', '2-9', '1-12', '0-20', '18-0', '0-21', '9-2', '12-1', '5-5', '0-24' ,
'4-8', '1-13', '20-0', '8-4', '1-16', '22-0', '2-12', '13-1', '24-0', '0-25' ,
])

index_select (len=60) = np.array([
0, 1, 2, 3, 4, 5, 6, 7, 8, 9 ,
10, 11, 12, 13, 14, 15, 16, 17, 18, 19 ,
20, 21, 22, 23, 24, 25, 26, 27, 28, 29 ,
30, 31, 32, 33, 34, 35, 36, 37, 38, 39 ,
40, 41, 42, 43, 44, 45, 46, 47, 48, 49 ,
50, 51, 52, 53, 54, 55, 56, 57, 58, 59 ,
])
noise source = ../data/flux_derivative_truc500/gamma_phi_2Q_truc500.npz
np.shape(c_op_list) = (367, 60, 60)

===== Memory usage =====
[n_truc=60, tg=15] Peak RSS: 49.67 GB
[n_truc=60, tg=15] Peak PSS: 10.43 GB

f_3.0us_60_tg15 = np.array([
-1.94590993 ,
])

Current China Time: 2026-08-02 06:05:19.861437+08:00

============================================================


----- n_truc=60, tg=16 -----

hspace_select (len=60) = np.array([
'0-0', '0-1', '1-0', '0-2', '2-0', '0-4', '4-0', '1-1', '0-5', '2-1' ,
'5-0', '1-2', '0-8', '2-2', '8-0', '1-4', '4-1', '0-9', '2-4', '9-0' ,
'1-5', '5-1', '4-2', '0-12', '2-5', '1-8', '5-2', '12-0', '0-13', '0-16' ,
'8-1', '4-4', '13-0', '15-0', '2-8', '1-9', '9-1', '8-2', '5-4', '4-5' ,
'0-18', '2-9', '1-12', '0-20', '18-0', '0-21', '9-2', '12-1', '5-5', '0-24' ,
'4-8', '1-13', '20-0', '8-4', '1-16', '22-0', '2-12', '13-1', '24-0', '0-25' ,
])

index_select (len=60) = np.array([
0, 1, 2, 3, 4, 5, 6, 7, 8, 9 ,
10, 11, 12, 13, 14, 15, 16, 17, 18, 19 ,
20, 21, 22, 23, 24, 25, 26, 27, 28, 29 ,
30, 31, 32, 33, 34, 35, 36, 37, 38, 39 ,
40, 41, 42, 43, 44, 45, 46, 47, 48, 49 ,
50, 51, 52, 53, 54, 55, 56, 57, 58, 59 ,
])
noise source = ../data/flux_derivative_truc500/gamma_phi_2Q_truc500.npz
np.shape(c_op_list) = (367, 60, 60)

===== Memory usage =====
[n_truc=60, tg=16] Peak RSS: 50.75 GB
[n_truc=60, tg=16] Peak PSS: 10.53 GB

f_3.0us_60_tg16 = np.array([
-2.11757889 ,
])

Current China Time: 2026-08-02 06:55:09.035197+08:00

============================================================


----- n_truc=60, tg=17 -----

hspace_select (len=60) = np.array([
'0-0', '0-1', '1-0', '0-2', '2-0', '0-4', '4-0', '1-1', '0-5', '2-1' ,
'5-0', '1-2', '0-8', '2-2', '8-0', '1-4', '4-1', '0-9', '2-4', '9-0' ,
'1-5', '5-1', '4-2', '0-12', '2-5', '1-8', '5-2', '12-0', '0-13', '0-16' ,
'8-1', '4-4', '13-0', '15-0', '2-8', '1-9', '9-1', '8-2', '5-4', '4-5' ,
'0-18', '2-9', '1-12', '0-20', '18-0', '0-21', '9-2', '12-1', '5-5', '0-24' ,
'4-8', '1-13', '20-0', '8-4', '1-16', '22-0', '2-12', '13-1', '24-0', '0-25' ,
])

index_select (len=60) = np.array([
0, 1, 2, 3, 4, 5, 6, 7, 8, 9 ,
10, 11, 12, 13, 14, 15, 16, 17, 18, 19 ,
20, 21, 22, 23, 24, 25, 26, 27, 28, 29 ,
30, 31, 32, 33, 34, 35, 36, 37, 38, 39 ,
40, 41, 42, 43, 44, 45, 46, 47, 48, 49 ,
50, 51, 52, 53, 54, 55, 56, 57, 58, 59 ,
])
noise source = ../data/flux_derivative_truc500/gamma_phi_2Q_truc500.npz
np.shape(c_op_list) = (367, 60, 60)

===== Memory usage =====
[n_truc=60, tg=17] Peak RSS: 49.85 GB
[n_truc=60, tg=17] Peak PSS: 10.59 GB

f_3.0us_60_tg17 = np.array([
-2.16869162 ,
])

Current China Time: 2026-08-02 07:45:23.782773+08:00

============================================================


----- n_truc=60, tg=18 -----

hspace_select (len=60) = np.array([
'0-0', '0-1', '1-0', '0-2', '2-0', '0-4', '4-0', '1-1', '0-5', '2-1' ,
'5-0', '1-2', '0-8', '2-2', '8-0', '1-4', '4-1', '0-9', '2-4', '9-0' ,
'1-5', '5-1', '4-2', '0-12', '2-5', '1-8', '5-2', '12-0', '0-13', '0-16' ,
'8-1', '4-4', '13-0', '15-0', '2-8', '1-9', '9-1', '8-2', '5-4', '4-5' ,
'0-18', '2-9', '1-12', '0-20', '18-0', '0-21', '9-2', '12-1', '5-5', '0-24' ,
'4-8', '1-13', '20-0', '8-4', '1-16', '22-0', '2-12', '13-1', '24-0', '0-25' ,
])

index_select (len=60) = np.array([
0, 1, 2, 3, 4, 5, 6, 7, 8, 9 ,
10, 11, 12, 13, 14, 15, 16, 17, 18, 19 ,
20, 21, 22, 23, 24, 25, 26, 27, 28, 29 ,
30, 31, 32, 33, 34, 35, 36, 37, 38, 39 ,
40, 41, 42, 43, 44, 45, 46, 47, 48, 49 ,
50, 51, 52, 53, 54, 55, 56, 57, 58, 59 ,
])
noise source = ../data/flux_derivative_truc500/gamma_phi_2Q_truc500.npz
np.shape(c_op_list) = (367, 60, 60)

===== Memory usage =====
[n_truc=60, tg=18] Peak RSS: 53.63 GB
[n_truc=60, tg=18] Peak PSS: 10.84 GB

f_3.0us_60_tg18 = np.array([
-2.13643839 ,
])

Current China Time: 2026-08-02 09:22:02.135047+08:00

============================================================


----- n_truc=60, tg=19 -----

hspace_select (len=60) = np.array([
'0-0', '0-1', '1-0', '0-2', '2-0', '0-4', '4-0', '1-1', '0-5', '2-1' ,
'5-0', '1-2', '0-8', '2-2', '8-0', '1-4', '4-1', '0-9', '2-4', '9-0' ,
'1-5', '5-1', '4-2', '0-12', '2-5', '1-8', '5-2', '12-0', '0-13', '0-16' ,
'8-1', '4-4', '13-0', '15-0', '2-8', '1-9', '9-1', '8-2', '5-4', '4-5' ,
'0-18', '2-9', '1-12', '0-20', '18-0', '0-21', '9-2', '12-1', '5-5', '0-24' ,
'4-8', '1-13', '20-0', '8-4', '1-16', '22-0', '2-12', '13-1', '24-0', '0-25' ,
])

index_select (len=60) = np.array([
0, 1, 2, 3, 4, 5, 6, 7, 8, 9 ,
10, 11, 12, 13, 14, 15, 16, 17, 18, 19 ,
20, 21, 22, 23, 24, 25, 26, 27, 28, 29 ,
30, 31, 32, 33, 34, 35, 36, 37, 38, 39 ,
40, 41, 42, 43, 44, 45, 46, 47, 48, 49 ,
50, 51, 52, 53, 54, 55, 56, 57, 58, 59 ,
])
noise source = ../data/flux_derivative_truc500/gamma_phi_2Q_truc500.npz
np.shape(c_op_list) = (367, 60, 60)

===== Memory usage =====
[n_truc=60, tg=19] Peak RSS: 61.53 GB
[n_truc=60, tg=19] Peak PSS: 11.39 GB

f_3.0us_60_tg19 = np.array([
-2.13455125 ,
])

Current China Time: 2026-08-02 11:03:46.782574+08:00

============================================================


----- n_truc=60, tg=20 -----

hspace_select (len=60) = np.array([
'0-0', '0-1', '1-0', '0-2', '2-0', '0-4', '4-0', '1-1', '0-5', '2-1' ,
'5-0', '1-2', '0-8', '2-2', '8-0', '1-4', '4-1', '0-9', '2-4', '9-0' ,
'1-5', '5-1', '4-2', '0-12', '2-5', '1-8', '5-2', '12-0', '0-13', '0-16' ,
'8-1', '4-4', '13-0', '15-0', '2-8', '1-9', '9-1', '8-2', '5-4', '4-5' ,
'0-18', '2-9', '1-12', '0-20', '18-0', '0-21', '9-2', '12-1', '5-5', '0-24' ,
'4-8', '1-13', '20-0', '8-4', '1-16', '22-0', '2-12', '13-1', '24-0', '0-25' ,
])

index_select (len=60) = np.array([
0, 1, 2, 3, 4, 5, 6, 7, 8, 9 ,
10, 11, 12, 13, 14, 15, 16, 17, 18, 19 ,
20, 21, 22, 23, 24, 25, 26, 27, 28, 29 ,
30, 31, 32, 33, 34, 35, 36, 37, 38, 39 ,
40, 41, 42, 43, 44, 45, 46, 47, 48, 49 ,
50, 51, 52, 53, 54, 55, 56, 57, 58, 59 ,
])
noise source = ../data/flux_derivative_truc500/gamma_phi_2Q_truc500.npz
np.shape(c_op_list) = (367, 60, 60)

===== Memory usage =====
[n_truc=60, tg=20] Peak RSS: 50.92 GB
[n_truc=60, tg=20] Peak PSS: 10.65 GB

f_3.0us_60_tg20 = np.array([
-2.15161081 ,
])

Current China Time: 2026-08-02 13:37:37.512854+08:00

============================================================


----- n_truc=60, tg=21 -----

hspace_select (len=60) = np.array([
'0-0', '0-1', '1-0', '0-2', '2-0', '0-4', '4-0', '1-1', '0-5', '2-1' ,
'5-0', '1-2', '0-8', '2-2', '8-0', '1-4', '4-1', '0-9', '2-4', '9-0' ,
'1-5', '5-1', '4-2', '0-12', '2-5', '1-8', '5-2', '12-0', '0-13', '0-16' ,
'8-1', '4-4', '13-0', '15-0', '2-8', '1-9', '9-1', '8-2', '5-4', '4-5' ,
'0-18', '2-9', '1-12', '0-20', '18-0', '0-21', '9-2', '12-1', '5-5', '0-24' ,
'4-8', '1-13', '20-0', '8-4', '1-16', '22-0', '2-12', '13-1', '24-0', '0-25' ,
])

index_select (len=60) = np.array([
0, 1, 2, 3, 4, 5, 6, 7, 8, 9 ,
10, 11, 12, 13, 14, 15, 16, 17, 18, 19 ,
20, 21, 22, 23, 24, 25, 26, 27, 28, 29 ,
30, 31, 32, 33, 34, 35, 36, 37, 38, 39 ,
40, 41, 42, 43, 44, 45, 46, 47, 48, 49 ,
50, 51, 52, 53, 54, 55, 56, 57, 58, 59 ,
])
noise source = ../data/flux_derivative_truc500/gamma_phi_2Q_truc500.npz
np.shape(c_op_list) = (367, 60, 60)

===== Memory usage =====
[n_truc=60, tg=21] Peak RSS: 59.18 GB
[n_truc=60, tg=21] Peak PSS: 11.21 GB

f_3.0us_60_tg21 = np.array([
-2.14699637 ,
])

Current China Time: 2026-08-02 18:52:23.555224+08:00

============================================================


----- n_truc=60, tg=22 -----

hspace_select (len=60) = np.array([
'0-0', '0-1', '1-0', '0-2', '2-0', '0-4', '4-0', '1-1', '0-5', '2-1' ,
'5-0', '1-2', '0-8', '2-2', '8-0', '1-4', '4-1', '0-9', '2-4', '9-0' ,
'1-5', '5-1', '4-2', '0-12', '2-5', '1-8', '5-2', '12-0', '0-13', '0-16' ,
'8-1', '4-4', '13-0', '15-0', '2-8', '1-9', '9-1', '8-2', '5-4', '4-5' ,
'0-18', '2-9', '1-12', '0-20', '18-0', '0-21', '9-2', '12-1', '5-5', '0-24' ,
'4-8', '1-13', '20-0', '8-4', '1-16', '22-0', '2-12', '13-1', '24-0', '0-25' ,
])

index_select (len=60) = np.array([
0, 1, 2, 3, 4, 5, 6, 7, 8, 9 ,
10, 11, 12, 13, 14, 15, 16, 17, 18, 19 ,
20, 21, 22, 23, 24, 25, 26, 27, 28, 29 ,
30, 31, 32, 33, 34, 35, 36, 37, 38, 39 ,
40, 41, 42, 43, 44, 45, 46, 47, 48, 49 ,
50, 51, 52, 53, 54, 55, 56, 57, 58, 59 ,
])
noise source = ../data/flux_derivative_truc500/gamma_phi_2Q_truc500.npz
np.shape(c_op_list) = (367, 60, 60)

===== Memory usage =====
[n_truc=60, tg=22] Peak RSS: 63.75 GB
[n_truc=60, tg=22] Peak PSS: 14.04 GB

f_3.0us_60_tg22 = np.array([
-2.13512265 ,
])

Current China Time: 2026-08-02 22:20:55.658198+08:00

============================================================


----- n_truc=60, tg=23 -----

hspace_select (len=60) = np.array([
'0-0', '0-1', '1-0', '0-2', '2-0', '0-4', '4-0', '1-1', '0-5', '2-1' ,
'5-0', '1-2', '0-8', '2-2', '8-0', '1-4', '4-1', '0-9', '2-4', '9-0' ,
'1-5', '5-1', '4-2', '0-12', '2-5', '1-8', '5-2', '12-0', '0-13', '0-16' ,
'8-1', '4-4', '13-0', '15-0', '2-8', '1-9', '9-1', '8-2', '5-4', '4-5' ,
'0-18', '2-9', '1-12', '0-20', '18-0', '0-21', '9-2', '12-1', '5-5', '0-24' ,
'4-8', '1-13', '20-0', '8-4', '1-16', '22-0', '2-12', '13-1', '24-0', '0-25' ,
])

index_select (len=60) = np.array([
0, 1, 2, 3, 4, 5, 6, 7, 8, 9 ,
10, 11, 12, 13, 14, 15, 16, 17, 18, 19 ,
20, 21, 22, 23, 24, 25, 26, 27, 28, 29 ,
30, 31, 32, 33, 34, 35, 36, 37, 38, 39 ,
40, 41, 42, 43, 44, 45, 46, 47, 48, 49 ,
50, 51, 52, 53, 54, 55, 56, 57, 58, 59 ,
])
noise source = ../data/flux_derivative_truc500/gamma_phi_2Q_truc500.npz
np.shape(c_op_list) = (367, 60, 60)

===== Memory usage =====
[n_truc=60, tg=23] Peak RSS: 66.26 GB
[n_truc=60, tg=23] Peak PSS: 14.45 GB

f_3.0us_60_tg23 = np.array([
-2.13279606 ,
])

Current China Time: 2026-08-03 00:02:27.472571+08:00

============================================================


----- n_truc=60, tg=24 -----

hspace_select (len=60) = np.array([
'0-0', '0-1', '1-0', '0-2', '2-0', '0-4', '4-0', '1-1', '0-5', '2-1' ,
'5-0', '1-2', '0-8', '2-2', '8-0', '1-4', '4-1', '0-9', '2-4', '9-0' ,
'1-5', '5-1', '4-2', '0-12', '2-5', '1-8', '5-2', '12-0', '0-13', '0-16' ,
'8-1', '4-4', '13-0', '15-0', '2-8', '1-9', '9-1', '8-2', '5-4', '4-5' ,
'0-18', '2-9', '1-12', '0-20', '18-0', '0-21', '9-2', '12-1', '5-5', '0-24' ,
'4-8', '1-13', '20-0', '8-4', '1-16', '22-0', '2-12', '13-1', '24-0', '0-25' ,
])

index_select (len=60) = np.array([
0, 1, 2, 3, 4, 5, 6, 7, 8, 9 ,
10, 11, 12, 13, 14, 15, 16, 17, 18, 19 ,
20, 21, 22, 23, 24, 25, 26, 27, 28, 29 ,
30, 31, 32, 33, 34, 35, 36, 37, 38, 39 ,
40, 41, 42, 43, 44, 45, 46, 47, 48, 49 ,
50, 51, 52, 53, 54, 55, 56, 57, 58, 59 ,
])
noise source = ../data/flux_derivative_truc500/gamma_phi_2Q_truc500.npz
np.shape(c_op_list) = (367, 60, 60)

===== Memory usage =====
[n_truc=60, tg=24] Peak RSS: 67.05 GB
[n_truc=60, tg=24] Peak PSS: 14.04 GB

f_3.0us_60_tg24 = np.array([
-2.13101047 ,
])

Current China Time: 2026-08-03 01:43:28.020121+08:00

============================================================


===== Memory usage by n_truc and tg =====
n_truc=60, tg=0: Peak RSS=36.55 GB, Peak PSS=10.86 GB
n_truc=60, tg=1: Peak RSS=38.17 GB, Peak PSS=9.90 GB
n_truc=60, tg=2: Peak RSS=39.66 GB, Peak PSS=10.13 GB
n_truc=60, tg=3: Peak RSS=42.71 GB, Peak PSS=10.27 GB
n_truc=60, tg=4: Peak RSS=42.45 GB, Peak PSS=10.55 GB
n_truc=60, tg=5: Peak RSS=42.82 GB, Peak PSS=10.55 GB
n_truc=60, tg=6: Peak RSS=43.25 GB, Peak PSS=10.22 GB
n_truc=60, tg=7: Peak RSS=44.19 GB, Peak PSS=10.27 GB
n_truc=60, tg=8: Peak RSS=45.58 GB, Peak PSS=10.48 GB
n_truc=60, tg=9: Peak RSS=46.74 GB, Peak PSS=11.47 GB
n_truc=60, tg=10: Peak RSS=48.61 GB, Peak PSS=11.41 GB
n_truc=60, tg=11: Peak RSS=49.57 GB, Peak PSS=11.62 GB
n_truc=60, tg=12: Peak RSS=49.68 GB, Peak PSS=11.75 GB
n_truc=60, tg=13: Peak RSS=50.62 GB, Peak PSS=10.80 GB
n_truc=60, tg=14: Peak RSS=49.72 GB, Peak PSS=10.59 GB
n_truc=60, tg=15: Peak RSS=49.67 GB, Peak PSS=10.43 GB
n_truc=60, tg=16: Peak RSS=50.75 GB, Peak PSS=10.53 GB
n_truc=60, tg=17: Peak RSS=49.85 GB, Peak PSS=10.59 GB
n_truc=60, tg=18: Peak RSS=53.63 GB, Peak PSS=10.84 GB
n_truc=60, tg=19: Peak RSS=61.53 GB, Peak PSS=11.39 GB
n_truc=60, tg=20: Peak RSS=50.92 GB, Peak PSS=10.65 GB
n_truc=60, tg=21: Peak RSS=59.18 GB, Peak PSS=11.21 GB
n_truc=60, tg=22: Peak RSS=63.75 GB, Peak PSS=14.04 GB
n_truc=60, tg=23: Peak RSS=66.26 GB, Peak PSS=14.45 GB
n_truc=60, tg=24: Peak RSS=67.05 GB, Peak PSS=14.04 GB

fidelity_noise_list = np.array([
[-0.5403317013217657] ,
[-0.27994624892505976] ,
[-0.43670691773488934] ,
[-0.8925243985514613] ,
[-1.1691310840970015] ,
[-1.1143782550263859] ,
[-1.0142716902453703] ,
[-0.9564960496717831] ,
[-1.1101484047648045] ,
[-1.2380487424805078] ,
[-1.5180091880763782] ,
[-1.9208517117746735] ,
[-2.1625739780454665] ,
[-2.0129011192841957] ,
[-1.8394824369468692] ,
[-1.9459099299672773] ,
[-2.1175788934331226] ,
[-2.168691623716244] ,
[-2.1364383938180906] ,
[-2.1345512507581295] ,
[-2.151610810622419] ,
[-2.1469963729718238] ,
[-2.135122649354784] ,
[-2.1327960594334243] ,
[-2.1310104687620925] ,
])
