run_2q_fidelity.py

Current China Time: 2026-08-11 14:13:27.328531+08:00

params = np.array([
[20.042209, 0.049978, 0.039991] ,
[26.099981, 0.026182, 0.019529] ,
[32.057496, 0.047462, 0.021916] ,
[38.059233, 0.041072, 0.025351] ,
[44.046786, 0.033734, 0.028972] ,
[50.067794, 0.036383, 0.039999] ,
[56.065043, 0.028997, 0.039984] ,
[62.061713, 0.02096, 0.017575] ,
[68.034924, 0.018637, 0.016083] ,
[74.044345, 0.016515, 0.015571] ,
[80.08052, 0.022351, 0.025764] ,
[86.104958, 0.019856, 0.025527] ,
[91.947295, 0.017908, 0.025175] ,
[97.915742, 0.016361, 0.024639] ,
[104.063579, 0.015087, 0.022589] ,
[110.015207, 0.014187, 0.020769] ,
[116.085225, 0.013312, 0.020023] ,
[121.899104, 0.012552, 0.019398] ,
[127.98677, 0.011843, 0.018552] ,
[134.046451, 0.011217, 0.01769] ,
[140.026912, 0.010657, 0.016972] ,
[146.029202, 0.01015, 0.016335] ,
[151.996899, 0.009688, 0.01572] ,
[158.047613, 0.009264, 0.015093] ,
[164.005505, 0.008876, 0.014574] ,
[170.007553, 0.00852250264, 0.0140600433] ,
[175.998732, 0.00818837317, 0.0135697912] ,
[182.014628, 0.00788503432, 0.0131204538] ,
[188.022359, 0.00759988371, 0.0127024136] ,
[193.980284, 0.00733877891, 0.0123188142] ,
])

============================================================
 Configuration 
============================================================

[cz_run]
    True

[n_truc_list]
    [200]

[reduced_model]
    charge_pick

[calculate_ideal]
    True

[calculate_noise]
    False

[max_step_ideal]
    0.001

[max_step_noisy]
    0.001

[apply_decay]
    True

[apply_dephase]
    True

[decay_enlarge]
    1

[filter_ratio]
    0.3

[t1_tphi_other]
    170

[noise_dephase_path]
    ../data/flux_derivative_truc500/gamma_phi_2Q_truc500.npz

[tg_para]
    True

[num_cpus_ideal]
    4

[num_cpus_noisy]
    16

[folder_load]
    ../data/Two_qubit_data_Sorted_Truc

[n_job]
    10

[use_qt_fidelity]
    False

[tg_list]
    type: np.ndarray, shape=(30,)
    preview: [0, 1, 2, 3, 4, 5, 6, 7, 8, 9, 10, 11, 12, 13, 14, 15, 16, 17, 18, 19, 20, 21, 22, 23, 24, 25, 26, 27, 28, 29]

[params]
    type: np.ndarray, shape=(30, 3)
      [20.042209, 0.049978, 0.039991]
      [26.099981, 0.026182, 0.019529]
      [32.057496, 0.047462, 0.021916]
      [38.059233, 0.041072, 0.025351]
      [44.046786, 0.033734, 0.028972]
      [50.067794, 0.036383, 0.039999]
      [56.065043, 0.028997, 0.039984]
      [62.061713, 0.02096, 0.017575]
      [68.034924, 0.018637, 0.016083]
      [74.044345, 0.016515, 0.015571]
      [80.08052, 0.022351, 0.025764]
      [86.104958, 0.019856, 0.025527]
      [91.947295, 0.017908, 0.025175]
      [97.915742, 0.016361, 0.024639]
      [104.063579, 0.015087, 0.022589]
      [110.015207, 0.014187, 0.020769]
      [116.085225, 0.013312, 0.020023]
      [121.899104, 0.012552, 0.019398]
      [127.98677, 0.011843, 0.018552]
      [134.046451, 0.011217, 0.01769]
      [140.026912, 0.010657, 0.016972]
      [146.029202, 0.01015, 0.016335]
      [151.996899, 0.009688, 0.01572]
      [158.047613, 0.009264, 0.015093]
      [164.005505, 0.008876, 0.014574]
      [170.007553, 0.00852250264, 0.0140600433]
      [175.998732, 0.00818837317, 0.0135697912]
      [182.014628, 0.00788503432, 0.0131204538]
      [188.022359, 0.00759988371, 0.0127024136]
      [193.980284, 0.00733877891, 0.0123188142]

============================================================


===== n_truc = 200 =====

hspace_select (len=200) = np.array([
'0-0', '0-1', '1-0', '0-2', '2-0', '0-4', '4-0', '1-1', '0-5', '2-1' ,
'5-0', '1-2', '0-8', '2-2', '8-0', '1-4', '4-1', '0-9', '2-4', '9-0' ,
'1-5', '5-1', '4-2', '0-12', '2-5', '1-8', '5-2', '12-0', '0-13', '0-16' ,
'8-1', '4-4', '13-0', '15-0', '2-8', '1-9', '9-1', '8-2', '5-4', '4-5' ,
'0-18', '2-9', '1-12', '0-20', '18-0', '0-21', '9-2', '12-1', '5-5', '0-24' ,
'4-8', '1-13', '20-0', '8-4', '1-16', '22-0', '2-12', '13-1', '24-0', '0-25' ,
'15-1', '0-26', '5-8', '4-9', '12-2', '2-13', '9-4', '2-16', '8-5', '13-2' ,
'25-0', '26-0', '1-18', '15-2', '0-28', '28-0', '5-9', '4-12', '0-30', '18-1' ,
'9-5', '12-4', '1-20', '1-21', '0-33', '8-8', '0-34', '0-35', '1-24', '2-18' ,
'0-36', '20-1', '4-13', '22-1', '4-16', '30-0', '13-4', '5-12', '15-4', '24-1' ,
'33-0', '18-2', '2-20', '2-21', '34-0', '8-9', '35-0', '1-25', '9-8', '1-26' ,
'0-39', '2-24', '12-5', '37-0', '5-13', '20-2', '5-16', '22-2', '13-5', '25-1' ,
'0-42', '24-2', '26-1', '15-5', '39-0', '2-25', '4-18', '2-26', '9-9', '8-12' ,
'28-1', '1-28', '18-4', '0-44', '41-0', '12-8', '1-30', '4-20', '0-45', '4-21' ,
'0-46', '25-2', '13-8', '1-33', '8-13', '20-4', '8-16', '22-4', '4-24', '26-2' ,
'5-18', '1-34', '15-8', '1-35', '30-1', '2-28', '1-36', '28-2', '9-12', '24-4' ,
'44-0', '12-9', '33-1', '45-0', '2-30', '18-5', '0-52', '0-53', '46-0', '34-1' ,
'5-20', '35-1', '5-21', '4-25', '4-26', '2-33', '13-9', '9-13', '1-39', '5-24' ,
'37-1', '9-16', '2-34', '2-35', '0-54', '20-5', '22-5', '2-36', '50-0', '51-0' ,
'30-2', '15-9', '25-4', '0-55', '26-4', '8-18', '24-5', '12-12', '39-1', '33-2' ,
])

index_select (len=200) = np.array([
0, 1, 2, 3, 4, 5, 6, 7, 8, 9 ,
10, 11, 12, 13, 14, 15, 16, 17, 18, 19 ,
20, 21, 22, 23, 24, 25, 26, 27, 28, 29 ,
30, 31, 32, 33, 34, 35, 36, 37, 38, 39 ,
40, 41, 42, 43, 44, 45, 46, 47, 48, 49 ,
50, 51, 52, 53, 54, 55, 56, 57, 58, 59 ,
60, 61, 62, 63, 64, 65, 66, 67, 68, 69 ,
70, 71, 72, 73, 74, 75, 76, 77, 78, 79 ,
80, 81, 82, 83, 84, 85, 86, 87, 88, 89 ,
90, 91, 92, 93, 94, 95, 96, 97, 98, 99 ,
100, 101, 102, 103, 104, 105, 106, 107, 108, 109 ,
110, 111, 112, 113, 114, 115, 116, 117, 118, 119 ,
120, 121, 122, 123, 124, 125, 126, 127, 128, 129 ,
130, 131, 132, 133, 134, 135, 136, 137, 138, 139 ,
140, 141, 142, 143, 144, 145, 146, 147, 148, 149 ,
150, 151, 152, 153, 154, 155, 156, 157, 158, 159 ,
160, 161, 162, 163, 164, 165, 166, 167, 168, 169 ,
170, 171, 172, 173, 174, 175, 176, 177, 178, 179 ,
180, 181, 182, 183, 184, 185, 186, 187, 188, 189 ,
190, 191, 192, 193, 194, 195, 196, 197, 198, 199 ,
])

f_ideal_200 = np.array([
-0.55528617, -0.28506184, -0.13828756, -0.46080704 ,
-0.87974702, -0.32211675, -0.75761565, -0.95974427 ,
-1.12842447, -1.27082011, -1.56502439, -2.05622144 ,
-2.47192028, -2.23872018, -2.01143757, -2.23465006 ,
-2.73543303, -3.05972721, -2.90318874, -2.95698153 ,
-3.18419396, -3.24708161, -3.23571533, -3.39544360 ,
-3.62819928, -3.73840639, -3.88155698, -4.18246388 ,
-4.32428533, -4.26304802 ,
])

===== Memory usage =====
[n_truc=200, all tg] Peak RSS: 15.84 GB
[n_truc=200, all tg] Peak PSS: 13.78 GB

Current China Time: 2026-08-11 14:13:54.781520+08:00

============================================================


===== Memory usage by n_truc and tg =====
n_truc=200, tg=all: Peak RSS=15.84 GB, Peak PSS=13.78 GB

fidelity_ideal_list = np.array([
[-0.5552861709007575, -0.2850618414249213, -0.13828756301643885, -0.46080704122707283, -0.8797470220695571, -0.32211675172253035, -0.757615647665705, -0.9597442676943552, -1.128424470801423, -1.270820110313981, -1.565024387927422, -2.0562214415729323, -2.471920276134262, -2.2387201817508195, -2.0114375656899064, -2.234650060366212, -2.7354330319725406, -3.0597272127918567, -2.9031887356912316, -2.9569815319442827, -3.1841939632541236, -3.2470816052837415, -3.2357153255379565, -3.3954435995830194, -3.628199279243074, -3.7384063862570756, -3.8815569804303287, -4.182463880444878, -4.324285330201307, -4.263048018999256] ,
])
Appended f_leakage_200 and fidelity_leakage_200 to /home/zlqed/two_qubit_gate/zeropi/two_qubit_gate_clean/figure/data/data_cz_fidelity_leakage.txt
DONE 2026-08-11T02:13:55-04:00
