run_2q_fidelity.py

Current China Time: 2026-08-02 12:35:49.288312+08:00

params = np.array([
[140.026912, 0.010657, 0.016972] ,
[146.029202, 0.01015, 0.016335] ,
[151.996899, 0.009688, 0.01572] ,
[158.047613, 0.009264, 0.015093] ,
[164.005505, 0.008876, 0.014574] ,
])

============================================================
 Configuration 
============================================================

[cz_run]
    True

[n_truc_list]
    [60]

[reduced_model]
    charge_pick

[calculate_ideal]
    False

[calculate_noise]
    True

[max_step_ideal]
    0.001

[max_step_noisy]
    0.001

[apply_decay]
    True

[apply_dephase]
    True

[decay_enlarge]
    1

[filter_ratio]
    0.3

[t1_tphi_other]
    3.0

[noise_dephase_path]
    ../data/flux_derivative_truc500/gamma_phi_2Q_truc500.npz

[tg_para]
    False

[num_cpus_ideal]
    4

[num_cpus_noisy]
    16

[folder_load]
    ../data/Two_qubit_data_Sorted_Truc

[n_job]
    10

[use_qt_fidelity]
    False

[tg_list]
    [20, 21, 22, 23, 24]

[params]
    type: np.ndarray, shape=(5, 3)
      [140.026912, 0.010657, 0.016972]
      [146.029202, 0.01015, 0.016335]
      [151.996899, 0.009688, 0.01572]
      [158.047613, 0.009264, 0.015093]
      [164.005505, 0.008876, 0.014574]

============================================================


===== n_truc = 60 =====

----- n_truc=60, tg=20 -----

hspace_select (len=60) = np.array([
'0-0', '0-1', '1-0', '0-2', '2-0', '0-4', '4-0', '1-1', '0-5', '2-1' ,
'5-0', '1-2', '0-8', '2-2', '8-0', '1-4', '4-1', '0-9', '2-4', '9-0' ,
'1-5', '5-1', '4-2', '0-12', '2-5', '1-8', '5-2', '12-0', '0-13', '0-16' ,
'8-1', '4-4', '13-0', '15-0', '2-8', '1-9', '9-1', '8-2', '5-4', '4-5' ,
'0-18', '2-9', '1-12', '0-20', '18-0', '0-21', '9-2', '12-1', '5-5', '0-24' ,
'4-8', '1-13', '20-0', '8-4', '1-16', '22-0', '2-12', '13-1', '24-0', '0-25' ,
])

index_select (len=60) = np.array([
0, 1, 2, 3, 4, 5, 6, 7, 8, 9 ,
10, 11, 12, 13, 14, 15, 16, 17, 18, 19 ,
20, 21, 22, 23, 24, 25, 26, 27, 28, 29 ,
30, 31, 32, 33, 34, 35, 36, 37, 38, 39 ,
40, 41, 42, 43, 44, 45, 46, 47, 48, 49 ,
50, 51, 52, 53, 54, 55, 56, 57, 58, 59 ,
])
noise source = ../data/flux_derivative_truc500/gamma_phi_2Q_truc500.npz
np.shape(c_op_list) = (367, 60, 60)

===== Memory usage =====
[n_truc=60, tg=20] Peak RSS: 35.95 GB
[n_truc=60, tg=20] Peak PSS: 10.45 GB

f_3.0us_60_tg20 = np.array([
-2.15161081 ,
])

Current China Time: 2026-08-02 16:16:54.061305+08:00

============================================================


----- n_truc=60, tg=21 -----

hspace_select (len=60) = np.array([
'0-0', '0-1', '1-0', '0-2', '2-0', '0-4', '4-0', '1-1', '0-5', '2-1' ,
'5-0', '1-2', '0-8', '2-2', '8-0', '1-4', '4-1', '0-9', '2-4', '9-0' ,
'1-5', '5-1', '4-2', '0-12', '2-5', '1-8', '5-2', '12-0', '0-13', '0-16' ,
'8-1', '4-4', '13-0', '15-0', '2-8', '1-9', '9-1', '8-2', '5-4', '4-5' ,
'0-18', '2-9', '1-12', '0-20', '18-0', '0-21', '9-2', '12-1', '5-5', '0-24' ,
'4-8', '1-13', '20-0', '8-4', '1-16', '22-0', '2-12', '13-1', '24-0', '0-25' ,
])

index_select (len=60) = np.array([
0, 1, 2, 3, 4, 5, 6, 7, 8, 9 ,
10, 11, 12, 13, 14, 15, 16, 17, 18, 19 ,
20, 21, 22, 23, 24, 25, 26, 27, 28, 29 ,
30, 31, 32, 33, 34, 35, 36, 37, 38, 39 ,
40, 41, 42, 43, 44, 45, 46, 47, 48, 49 ,
50, 51, 52, 53, 54, 55, 56, 57, 58, 59 ,
])
noise source = ../data/flux_derivative_truc500/gamma_phi_2Q_truc500.npz
np.shape(c_op_list) = (367, 60, 60)

===== Memory usage =====
[n_truc=60, tg=21] Peak RSS: 44.12 GB
[n_truc=60, tg=21] Peak PSS: 10.09 GB

f_3.0us_60_tg21 = np.array([
-2.14699637 ,
])

Current China Time: 2026-08-02 20:21:57.107913+08:00

============================================================


----- n_truc=60, tg=22 -----

hspace_select (len=60) = np.array([
'0-0', '0-1', '1-0', '0-2', '2-0', '0-4', '4-0', '1-1', '0-5', '2-1' ,
'5-0', '1-2', '0-8', '2-2', '8-0', '1-4', '4-1', '0-9', '2-4', '9-0' ,
'1-5', '5-1', '4-2', '0-12', '2-5', '1-8', '5-2', '12-0', '0-13', '0-16' ,
'8-1', '4-4', '13-0', '15-0', '2-8', '1-9', '9-1', '8-2', '5-4', '4-5' ,
'0-18', '2-9', '1-12', '0-20', '18-0', '0-21', '9-2', '12-1', '5-5', '0-24' ,
'4-8', '1-13', '20-0', '8-4', '1-16', '22-0', '2-12', '13-1', '24-0', '0-25' ,
])

index_select (len=60) = np.array([
0, 1, 2, 3, 4, 5, 6, 7, 8, 9 ,
10, 11, 12, 13, 14, 15, 16, 17, 18, 19 ,
20, 21, 22, 23, 24, 25, 26, 27, 28, 29 ,
30, 31, 32, 33, 34, 35, 36, 37, 38, 39 ,
40, 41, 42, 43, 44, 45, 46, 47, 48, 49 ,
50, 51, 52, 53, 54, 55, 56, 57, 58, 59 ,
])
noise source = ../data/flux_derivative_truc500/gamma_phi_2Q_truc500.npz
np.shape(c_op_list) = (367, 60, 60)

===== Memory usage =====
[n_truc=60, tg=22] Peak RSS: 59.40 GB
[n_truc=60, tg=22] Peak PSS: 11.33 GB

f_3.0us_60_tg22 = np.array([
-2.13512265 ,
])

Current China Time: 2026-08-02 22:30:35.480107+08:00

============================================================


----- n_truc=60, tg=23 -----

hspace_select (len=60) = np.array([
'0-0', '0-1', '1-0', '0-2', '2-0', '0-4', '4-0', '1-1', '0-5', '2-1' ,
'5-0', '1-2', '0-8', '2-2', '8-0', '1-4', '4-1', '0-9', '2-4', '9-0' ,
'1-5', '5-1', '4-2', '0-12', '2-5', '1-8', '5-2', '12-0', '0-13', '0-16' ,
'8-1', '4-4', '13-0', '15-0', '2-8', '1-9', '9-1', '8-2', '5-4', '4-5' ,
'0-18', '2-9', '1-12', '0-20', '18-0', '0-21', '9-2', '12-1', '5-5', '0-24' ,
'4-8', '1-13', '20-0', '8-4', '1-16', '22-0', '2-12', '13-1', '24-0', '0-25' ,
])

index_select (len=60) = np.array([
0, 1, 2, 3, 4, 5, 6, 7, 8, 9 ,
10, 11, 12, 13, 14, 15, 16, 17, 18, 19 ,
20, 21, 22, 23, 24, 25, 26, 27, 28, 29 ,
30, 31, 32, 33, 34, 35, 36, 37, 38, 39 ,
40, 41, 42, 43, 44, 45, 46, 47, 48, 49 ,
50, 51, 52, 53, 54, 55, 56, 57, 58, 59 ,
])
noise source = ../data/flux_derivative_truc500/gamma_phi_2Q_truc500.npz
np.shape(c_op_list) = (367, 60, 60)

===== Memory usage =====
[n_truc=60, tg=23] Peak RSS: 67.27 GB
[n_truc=60, tg=23] Peak PSS: 11.80 GB

f_3.0us_60_tg23 = np.array([
-2.13279606 ,
])

Current China Time: 2026-08-02 23:53:13.838866+08:00

============================================================


----- n_truc=60, tg=24 -----

hspace_select (len=60) = np.array([
'0-0', '0-1', '1-0', '0-2', '2-0', '0-4', '4-0', '1-1', '0-5', '2-1' ,
'5-0', '1-2', '0-8', '2-2', '8-0', '1-4', '4-1', '0-9', '2-4', '9-0' ,
'1-5', '5-1', '4-2', '0-12', '2-5', '1-8', '5-2', '12-0', '0-13', '0-16' ,
'8-1', '4-4', '13-0', '15-0', '2-8', '1-9', '9-1', '8-2', '5-4', '4-5' ,
'0-18', '2-9', '1-12', '0-20', '18-0', '0-21', '9-2', '12-1', '5-5', '0-24' ,
'4-8', '1-13', '20-0', '8-4', '1-16', '22-0', '2-12', '13-1', '24-0', '0-25' ,
])

index_select (len=60) = np.array([
0, 1, 2, 3, 4, 5, 6, 7, 8, 9 ,
10, 11, 12, 13, 14, 15, 16, 17, 18, 19 ,
20, 21, 22, 23, 24, 25, 26, 27, 28, 29 ,
30, 31, 32, 33, 34, 35, 36, 37, 38, 39 ,
40, 41, 42, 43, 44, 45, 46, 47, 48, 49 ,
50, 51, 52, 53, 54, 55, 56, 57, 58, 59 ,
])
noise source = ../data/flux_derivative_truc500/gamma_phi_2Q_truc500.npz
np.shape(c_op_list) = (367, 60, 60)

===== Memory usage =====
[n_truc=60, tg=24] Peak RSS: 61.26 GB
[n_truc=60, tg=24] Peak PSS: 11.17 GB

f_3.0us_60_tg24 = np.array([
-2.13101047 ,
])

Current China Time: 2026-08-03 01:23:11.875855+08:00

============================================================


===== Memory usage by n_truc and tg =====
n_truc=60, tg=20: Peak RSS=35.95 GB, Peak PSS=10.45 GB
n_truc=60, tg=21: Peak RSS=44.12 GB, Peak PSS=10.09 GB
n_truc=60, tg=22: Peak RSS=59.40 GB, Peak PSS=11.33 GB
n_truc=60, tg=23: Peak RSS=67.27 GB, Peak PSS=11.80 GB
n_truc=60, tg=24: Peak RSS=61.26 GB, Peak PSS=11.17 GB

fidelity_noise_list = np.array([
[-2.151610810622419] ,
[-2.1469963729718238] ,
[-2.135122649354784] ,
[-2.1327960594334243] ,
[-2.1310104687620925] ,
])
