run_xgate_fidelity.py
NUMEXPR_NUM_THREADS = 1
MKL_NUM_THREADS = 1
mode = fidelity
fidelity_args = {'max_step_ideal': 0.0003, 'max_step_noisy': 0.0003, 'tg_list': [0]}

Current China Time: 2026-08-06 21:05:09.498872+08:00
drive_phi= True ; drive_theta = True ; n_full = 200 ; charge_truc = True
T1 = Tphi = 3.0 us, num_cpus = 4
calculate_ideal = False, calculate_noise = True
apply_decay = True, apply_dephase = True
use_qt_fidelity = False
n_hspace = 200 ; n_job = 1 ; parallel_jobs = 1

hspace (200/200) = np.array([
0, 1, 2, 3, 4, 5, 6, 7, 8, 9 ,
10, 11, 12, 13, 14, 15, 16, 17, 18, 19 ,
20, 21, 22, 23, 24, 25, 26, 27, 28, 29 ,
30, 31, 32, 33, 34, 35, 36, 37, 38, 39 ,
40, 41, 42, 43, 44, 45, 46, 47, 48, 49 ,
50, 51, 52, 53, 54, 55, 56, 57, 58, 59 ,
60, 61, 62, 63, 64, 65, 66, 67, 68, 69 ,
70, 71, 72, 73, 74, 75, 76, 77, 78, 79 ,
80, 81, 82, 83, 84, 85, 86, 87, 88, 89 ,
90, 91, 92, 93, 94, 95, 96, 97, 98, 99 ,
100, 101, 102, 103, 104, 105, 106, 107, 108, 109 ,
110, 111, 112, 113, 114, 115, 116, 117, 118, 119 ,
120, 121, 122, 123, 124, 125, 126, 127, 128, 129 ,
130, 131, 132, 133, 134, 135, 136, 137, 138, 139 ,
140, 141, 142, 143, 144, 145, 146, 147, 148, 149 ,
150, 151, 152, 153, 154, 155, 156, 157, 158, 159 ,
160, 161, 162, 163, 164, 165, 166, 167, 168, 169 ,
170, 171, 172, 173, 174, 175, 176, 177, 178, 179 ,
180, 181, 182, 183, 184, 185, 186, 187, 188, 189 ,
190, 191, 192, 193, 194, 195, 196, 197, 198, 199 ,
])

params = np.array([
[828.759495, 0.013563, 0.034964, -0.003029, -0.003182] ,
])
use 2nd order dephasing data, correct 50us factor
np.shape(jump_t1)= (19900, 200, 200) ; np.shape(jump_tphi)= (105, 200, 200)
