run_xgate_fidelity.py
NUMEXPR_NUM_THREADS = 1
MKL_NUM_THREADS = 1
mode = fidelity
fidelity_args = {'max_step_ideal': 0.001, 'max_step_noisy': 0.001, 'tg_list': [0, 1, 2, 3, 4, 5, 6, 7, 8, 9, 10, 11, 12, 13, 14, 15, 16, 17, 18]}

Current China Time: 2026-08-04 06:10:43.151426+08:00
drive_phi= True ; drive_theta = False ; n_full = 1000 ; charge_truc = True
T1 = Tphi = 170 us, num_cpus = 4
calculate_ideal = True, calculate_noise = False
apply_decay = True, apply_dephase = True
use_qt_fidelity = False
n_hspace = 521 ; n_job = 19 ; parallel_jobs = 10

hspace (1000/521) = np.array([
0, 2, 3, 4, 8, 9, 10, 11, 15, 16 ,
18, 19, 20, 23, 24, 25, 28, 31, 33, 35 ,
37, 39, 40, 42, 43, 46, 47, 49, 51, 53 ,
55, 56, 57, 60, 62, 64, 66, 67, 69, 70 ,
73, 76, 77, 79, 81, 83, 85, 86, 88, 91 ,
92, 95, 96, 98, 100, 101, 102, 104, 106, 108 ,
110, 112, 113, 116, 118, 120, 121, 123, 126, 128 ,
130, 132, 133, 136, 137, 139, 141, 143, 145, 146 ,
148, 151, 153, 154, 156, 158, 159, 162, 164, 166 ,
167, 169, 170, 173, 174, 176, 179, 181, 183, 185 ,
186, 188, 190, 192, 194, 196, 198, 200, 202, 205 ,
206, 208, 209, 212, 213, 216, 218, 220, 222, 223 ,
226, 227, 229, 230, 232, 234, 237, 239, 241, 242 ,
245, 246, 248, 250, 252, 253, 255, 257, 259, 262 ,
264, 265, 267, 269, 271, 273, 275, 277, 279, 281 ,
282, 283, 286, 288, 290, 291, 293, 294, 297, 299 ,
302, 303, 305, 306, 308, 310, 313, 315, 317, 319 ,
320, 322, 325, 326, 328, 330, 332, 333, 336, 337 ,
340, 341, 343, 346, 348, 349, 350, 352, 354, 357 ,
358, 361, 363, 364, 366, 368, 370, 372, 374, 376 ,
378, 379, 382, 384, 386, 388, 390, 391, 393, 395 ,
397, 398, 400, 403, 405, 407, 409, 411, 414, 415 ,
417, 418, 420, 422, 424, 426, 428, 430, 432, 435 ,
436, 438, 441, 442, 444, 445, 447, 449, 451, 453 ,
455, 457, 460, 461, 464, 465, 468, 469, 471, 472 ,
474, 476, 478, 480, 482, 484, 487, 488, 491, 492 ,
494, 497, 498, 500, 502, 503, 505, 507, 509, 512 ,
514, 516, 518, 519, 522, 523, 525, 527, 529, 531 ,
532, 534, 536, 538, 541, 543, 545, 547, 549, 550 ,
552, 554, 556, 558, 560, 561, 563, 566, 567, 569 ,
571, 574, 576, 578, 580, 581, 583, 584, 586, 588 ,
590, 592, 594, 596, 597, 599, 603, 604, 606, 607 ,
609, 611, 613, 615, 617, 619, 622, 623, 625, 627 ,
629, 630, 632, 634, 637, 638, 641, 643, 644, 646 ,
648, 651, 652, 654, 656, 658, 659, 661, 663, 666 ,
667, 670, 671, 674, 676, 677, 680, 681, 683, 685 ,
687, 688, 691, 693, 695, 696, 699, 700, 702, 704 ,
707, 709, 710, 713, 714, 716, 718, 719, 722, 723 ,
726, 727, 730, 731, 733, 735, 737, 739, 741, 743 ,
745, 747, 749, 750, 752, 755, 758, 759, 762, 763 ,
765, 766, 769, 771, 772, 775, 776, 777, 780, 782 ,
784, 787, 788, 790, 793, 795, 796, 798, 800, 801 ,
803, 805, 807, 810, 811, 813, 815, 817, 819, 822 ,
823, 825, 827, 829, 831, 832, 834, 836, 838, 840 ,
842, 845, 846, 848, 850, 852, 855, 857, 858, 860 ,
863, 864, 866, 868, 869, 871, 873, 876, 877, 879 ,
881, 884, 886, 888, 889, 892, 893, 896, 897, 899 ,
901, 903, 904, 906, 908, 910, 913, 914, 917, 919 ,
921, 922, 925, 926, 928, 930, 932, 934, 936, 938 ,
939, 941, 943, 946, 947, 949, 951, 954, 956, 958 ,
959, 962, 964, 965, 967, 969, 971, 973, 974, 976 ,
978, 980, 983, 984, 986, 989, 991, 993, 995, 997 ,
999 ,
])

params = np.array([
[19.991738, 0.265505, 0.173725, 0.409908, 0.46094] ,
[29.992774, 0.216746, 0.203921, 0.390108, 0.424457] ,
[40.014972, 0.221317, 0.15683, 0.356421, 0.385437] ,
[49.990204, 0.216249, 0.146398, 0.354636, 0.376272] ,
[59.994352, 0.21342, 0.142938, 0.359182, 0.378016] ,
[69.991101, 0.209222, 0.132819, 0.353474, 0.369706] ,
[80.007155, 0.210573, 0.122946, 0.355789, 0.37113] ,
[90.01624, 0.220055, 0.114891, 0.351442, 0.376879] ,
[99.992682, 0.21171, 0.114339, 0.340293, 0.362583] ,
[110.011473, 0.211458, 0.107187, 0.3418, 0.362944] ,
[120.004766, 0.209273, 0.104767, 0.341188, 0.360503] ,
[129.994338, 0.201145, 0.097552, 0.342851, 0.352922] ,
[140.012031, 0.211826, 0.099273, 0.337995, 0.362261] ,
[150.007919, 0.205342, 0.094834, 0.33945, 0.355479] ,
[159.99718, 0.209025, 0.091503, 0.337985, 0.359217] ,
[170.015226, 0.207828, 0.089482, 0.337093, 0.357569] ,
[180.009054, 0.211062, 0.084527, 0.335598, 0.360509] ,
[190.012397, 0.209734, 0.083821, 0.335412, 0.359237] ,
[200.012403, 0.201634, 0.082082, 0.339457, 0.352188] ,
])

f_ideal_521 = np.array([
-0.46508953, -0.63597246, -0.74896915, -1.05138170 ,
-1.32174622, -1.51230832, -1.48934464, -1.48631851 ,
-1.70897747, -1.69200518, -1.88636939, -2.05318566 ,
-2.09897996, -2.32139700, -2.33871930, -2.42067805 ,
-2.49357516, -2.43413717, -2.75087962 ,
])

Current China Time: 2026-08-04 06:41:14.142438+08:00

Current China Time: 2026-08-04 06:41:14.143541+08:00
