run_xgate_fidelity.py
NUMEXPR_NUM_THREADS = 1
MKL_NUM_THREADS = 1
mode = fidelity
fidelity_args = {'max_step_ideal': 0.001, 'max_step_noisy': 0.001, 'tg_list': [1, 2, 3, 5, 6, 7, 8, 10, 11, 12, 13, 15, 16, 17]}

Current China Time: 2026-08-03 14:09:43.556789+08:00
drive_phi= True ; drive_theta = False ; n_full = 300 ; charge_truc = True
T1 = Tphi = 30.0 us, num_cpus = 4
calculate_ideal = False, calculate_noise = True
apply_decay = True, apply_dephase = True
use_qt_fidelity = False
n_hspace = 160 ; n_job = 14 ; parallel_jobs = 10

hspace (300/160) = np.array([
0, 2, 3, 4, 8, 9, 10, 11, 15, 16 ,
18, 19, 20, 23, 24, 25, 28, 31, 33, 35 ,
37, 39, 40, 42, 43, 46, 47, 49, 51, 53 ,
55, 56, 57, 60, 62, 64, 66, 67, 69, 70 ,
73, 76, 77, 79, 81, 83, 85, 86, 88, 91 ,
92, 95, 96, 98, 100, 101, 102, 104, 106, 108 ,
110, 112, 113, 116, 118, 120, 121, 123, 126, 128 ,
130, 132, 133, 136, 137, 139, 141, 143, 145, 146 ,
148, 151, 153, 154, 156, 158, 159, 162, 164, 166 ,
167, 169, 170, 173, 174, 176, 179, 181, 183, 185 ,
186, 188, 190, 192, 194, 196, 198, 200, 202, 205 ,
206, 208, 209, 212, 213, 216, 218, 220, 222, 223 ,
226, 227, 229, 230, 232, 234, 237, 239, 241, 242 ,
245, 246, 248, 250, 252, 253, 255, 257, 259, 262 ,
264, 265, 267, 269, 271, 273, 275, 277, 279, 281 ,
282, 283, 286, 288, 290, 291, 293, 294, 297, 299 ,
])

params = np.array([
[29.992774, 0.216746, 0.203921, 0.390108, 0.424457] ,
[40.014972, 0.221317, 0.15683, 0.356421, 0.385437] ,
[49.990204, 0.216249, 0.146398, 0.354636, 0.376272] ,
[69.991101, 0.209222, 0.132819, 0.353474, 0.369706] ,
[80.007155, 0.210573, 0.122946, 0.355789, 0.37113] ,
[90.01624, 0.220055, 0.114891, 0.351442, 0.376879] ,
[99.992682, 0.21171, 0.114339, 0.340293, 0.362583] ,
[120.004766, 0.209273, 0.104767, 0.341188, 0.360503] ,
[129.994338, 0.201145, 0.097552, 0.342851, 0.352922] ,
[140.012031, 0.211826, 0.099273, 0.337995, 0.362261] ,
[150.007919, 0.205342, 0.094834, 0.33945, 0.355479] ,
[170.015226, 0.207828, 0.089482, 0.337093, 0.357569] ,
[180.009054, 0.211062, 0.084527, 0.335598, 0.360509] ,
[190.012397, 0.209734, 0.083821, 0.335412, 0.359237] ,
])
use 2nd order dephasing data, correct 50us factor
np.shape(jump_t1)= (12720, 160, 160) ; np.shape(jump_tphi)= (160, 160, 160)
