run_xgate_fidelity.py
NUMEXPR_NUM_THREADS = 1
MKL_NUM_THREADS = 1
mode = fidelity
fidelity_args = {'max_step_ideal': 0.001, 'max_step_noisy': 0.001, 'tg_list': [0, 1, 2, 3, 4]}

Current China Time: 2026-08-02 12:35:49.362124+08:00
drive_phi= True ; drive_theta = False ; n_full = 300 ; charge_truc = True
T1 = Tphi = 30.0 us, num_cpus = 4
calculate_ideal = False, calculate_noise = True
apply_decay = True, apply_dephase = True
use_qt_fidelity = False
n_hspace = 160 ; n_job = 5 ; parallel_jobs = 10

hspace (300/160) = np.array([
0, 2, 3, 4, 8, 9, 10, 11, 15, 16 ,
18, 19, 20, 23, 24, 25, 28, 31, 33, 35 ,
37, 39, 40, 42, 43, 46, 47, 49, 51, 53 ,
55, 56, 57, 60, 62, 64, 66, 67, 69, 70 ,
73, 76, 77, 79, 81, 83, 85, 86, 88, 91 ,
92, 95, 96, 98, 100, 101, 102, 104, 106, 108 ,
110, 112, 113, 116, 118, 120, 121, 123, 126, 128 ,
130, 132, 133, 136, 137, 139, 141, 143, 145, 146 ,
148, 151, 153, 154, 156, 158, 159, 162, 164, 166 ,
167, 169, 170, 173, 174, 176, 179, 181, 183, 185 ,
186, 188, 190, 192, 194, 196, 198, 200, 202, 205 ,
206, 208, 209, 212, 213, 216, 218, 220, 222, 223 ,
226, 227, 229, 230, 232, 234, 237, 239, 241, 242 ,
245, 246, 248, 250, 252, 253, 255, 257, 259, 262 ,
264, 265, 267, 269, 271, 273, 275, 277, 279, 281 ,
282, 283, 286, 288, 290, 291, 293, 294, 297, 299 ,
])

params = np.array([
[19.991738, 0.265505, 0.173725, 0.409908, 0.46094] ,
[59.994352, 0.21342, 0.142938, 0.359182, 0.378016] ,
[110.011473, 0.211458, 0.107187, 0.3418, 0.362944] ,
[159.99718, 0.209025, 0.091503, 0.337985, 0.359217] ,
[200.012403, 0.201634, 0.082082, 0.339457, 0.352188] ,
])
use 2nd order dephasing data, correct 50us factor
np.shape(jump_t1)= (12720, 160, 160) ; np.shape(jump_tphi)= (160, 160, 160)

f_30us_160 = np.array([
-0.46039921, -1.20412869, -1.38330577, -1.44689039 ,
-1.43166329 ,
])

Current China Time: 2026-08-03 00:24:28.384478+08:00
