Waiting for phi 9/9 and theta 5/5 resumed optimization points...
2026-08-01 09:37:26 phi=0/9 theta=0/5
2026-08-01 09:38:26 phi=0/9 theta=0/5
2026-08-01 09:39:26 phi=0/9 theta=0/5
2026-08-01 09:40:26 phi=0/9 theta=0/5
2026-08-01 09:41:26 phi=0/9 theta=0/5
2026-08-01 09:42:26 phi=0/9 theta=0/5
2026-08-01 09:43:26 phi=0/9 theta=0/5
2026-08-01 09:44:26 phi=0/9 theta=0/5
2026-08-01 09:45:26 phi=0/9 theta=0/5
2026-08-01 09:46:26 phi=0/9 theta=0/5
2026-08-01 09:47:26 phi=0/9 theta=0/5
2026-08-01 09:48:26 phi=0/9 theta=0/5
2026-08-01 09:49:26 phi=0/9 theta=0/5
2026-08-01 09:50:26 phi=0/9 theta=0/5
2026-08-01 09:51:26 phi=0/9 theta=0/5
2026-08-01 09:52:26 phi=0/9 theta=0/5
2026-08-01 09:53:27 phi=0/9 theta=0/5
2026-08-01 09:54:27 phi=0/9 theta=0/5
2026-08-01 09:55:27 phi=0/9 theta=0/5
2026-08-01 09:56:27 phi=0/9 theta=0/5
2026-08-01 09:57:27 phi=0/9 theta=0/5
2026-08-01 09:58:27 phi=0/9 theta=0/5
2026-08-01 09:59:27 phi=0/9 theta=0/5
2026-08-01 10:00:27 phi=0/9 theta=0/5
2026-08-01 10:01:27 phi=0/9 theta=0/5
2026-08-01 10:02:27 phi=0/9 theta=0/5
2026-08-01 10:03:27 phi=0/9 theta=0/5
2026-08-01 10:04:27 phi=0/9 theta=0/5
2026-08-01 10:05:27 phi=0/9 theta=0/5
2026-08-01 10:06:27 phi=0/9 theta=0/5
2026-08-01 10:07:27 phi=0/9 theta=0/5
2026-08-01 10:08:27 phi=0/9 theta=0/5
2026-08-01 10:09:27 phi=0/9 theta=0/5
2026-08-01 10:10:27 phi=0/9 theta=0/5
2026-08-01 10:11:27 phi=0/9 theta=0/5
2026-08-01 10:12:27 phi=0/9 theta=0/5
2026-08-01 10:13:27 phi=0/9 theta=0/5
2026-08-01 10:14:27 phi=0/9 theta=0/5
2026-08-01 10:15:27 phi=0/9 theta=0/5
2026-08-01 10:16:27 phi=0/9 theta=0/5
2026-08-01 10:17:27 phi=1/9 theta=0/5
2026-08-01 10:18:27 phi=1/9 theta=0/5
2026-08-01 10:19:27 phi=1/9 theta=0/5
2026-08-01 10:20:27 phi=1/9 theta=0/5
2026-08-01 10:21:27 phi=1/9 theta=0/5
2026-08-01 10:22:27 phi=1/9 theta=0/5
2026-08-01 10:23:27 phi=1/9 theta=0/5
2026-08-01 10:24:27 phi=1/9 theta=0/5
2026-08-01 10:25:27 phi=1/9 theta=0/5
2026-08-01 10:26:27 phi=1/9 theta=0/5
2026-08-01 10:27:27 phi=1/9 theta=0/5
2026-08-01 10:28:27 phi=1/9 theta=0/5
2026-08-01 10:29:27 phi=1/9 theta=0/5
2026-08-01 10:30:27 phi=1/9 theta=0/5
2026-08-01 10:31:27 phi=1/9 theta=0/5
2026-08-01 10:32:27 phi=1/9 theta=0/5
2026-08-01 10:33:27 phi=1/9 theta=0/5
2026-08-01 10:34:27 phi=1/9 theta=1/5
2026-08-01 10:35:27 phi=1/9 theta=1/5
2026-08-01 10:36:27 phi=1/9 theta=1/5
2026-08-01 10:37:27 phi=1/9 theta=1/5
2026-08-01 10:38:27 phi=1/9 theta=1/5
2026-08-01 10:39:27 phi=1/9 theta=1/5
2026-08-01 10:40:27 phi=1/9 theta=1/5
2026-08-01 10:41:27 phi=1/9 theta=1/5
2026-08-01 10:42:27 phi=1/9 theta=1/5
2026-08-01 10:43:27 phi=1/9 theta=1/5
2026-08-01 10:44:27 phi=1/9 theta=1/5
2026-08-01 10:45:28 phi=1/9 theta=1/5
2026-08-01 10:46:28 phi=1/9 theta=1/5
2026-08-01 10:47:28 phi=1/9 theta=1/5
2026-08-01 10:48:28 phi=1/9 theta=1/5
2026-08-01 10:49:28 phi=1/9 theta=1/5
2026-08-01 10:50:28 phi=1/9 theta=1/5
2026-08-01 10:51:28 phi=1/9 theta=1/5
2026-08-01 10:52:28 phi=1/9 theta=1/5
2026-08-01 10:53:28 phi=1/9 theta=1/5
2026-08-01 10:54:28 phi=1/9 theta=1/5
2026-08-01 10:55:28 phi=1/9 theta=1/5
2026-08-01 10:56:28 phi=1/9 theta=1/5
2026-08-01 10:57:28 phi=1/9 theta=1/5
2026-08-01 10:58:28 phi=1/9 theta=1/5
2026-08-01 10:59:28 phi=1/9 theta=1/5
2026-08-01 11:00:28 phi=1/9 theta=1/5
2026-08-01 11:01:28 phi=1/9 theta=1/5
2026-08-01 11:02:28 phi=1/9 theta=1/5
2026-08-01 11:03:28 phi=1/9 theta=1/5
2026-08-01 11:04:28 phi=1/9 theta=1/5
2026-08-01 11:05:28 phi=1/9 theta=1/5
2026-08-01 11:06:28 phi=1/9 theta=1/5
2026-08-01 11:07:28 phi=1/9 theta=1/5
2026-08-01 11:08:28 phi=1/9 theta=1/5
2026-08-01 11:09:28 phi=1/9 theta=1/5
2026-08-01 11:10:28 phi=1/9 theta=1/5
2026-08-01 11:11:28 phi=1/9 theta=1/5
2026-08-01 11:12:28 phi=1/9 theta=1/5
2026-08-01 11:13:28 phi=1/9 theta=1/5
2026-08-01 11:14:28 phi=1/9 theta=1/5
2026-08-01 11:15:28 phi=1/9 theta=1/5
2026-08-01 11:16:28 phi=1/9 theta=1/5
2026-08-01 11:17:28 phi=1/9 theta=1/5
2026-08-01 11:18:28 phi=1/9 theta=1/5
2026-08-01 11:19:28 phi=2/9 theta=1/5
2026-08-01 11:20:28 phi=2/9 theta=1/5
2026-08-01 11:21:28 phi=2/9 theta=1/5
2026-08-01 11:22:28 phi=2/9 theta=1/5
2026-08-01 11:23:28 phi=2/9 theta=1/5
2026-08-01 11:24:28 phi=2/9 theta=1/5
2026-08-01 11:25:28 phi=2/9 theta=1/5
2026-08-01 11:26:28 phi=2/9 theta=1/5
2026-08-01 11:27:28 phi=2/9 theta=1/5
2026-08-01 11:28:28 phi=2/9 theta=1/5
2026-08-01 11:29:28 phi=2/9 theta=1/5
2026-08-01 11:30:28 phi=2/9 theta=1/5
2026-08-01 11:31:29 phi=2/9 theta=1/5
2026-08-01 11:32:29 phi=2/9 theta=1/5
2026-08-01 11:33:29 phi=2/9 theta=1/5
2026-08-01 11:34:29 phi=2/9 theta=1/5
2026-08-01 11:35:29 phi=2/9 theta=1/5
2026-08-01 11:36:29 phi=2/9 theta=1/5
2026-08-01 11:37:29 phi=2/9 theta=1/5
2026-08-01 11:38:29 phi=2/9 theta=1/5
2026-08-01 11:39:29 phi=2/9 theta=1/5
2026-08-01 11:40:29 phi=2/9 theta=1/5
2026-08-01 11:41:29 phi=2/9 theta=1/5
2026-08-01 11:42:29 phi=2/9 theta=1/5
2026-08-01 11:43:29 phi=2/9 theta=1/5
2026-08-01 11:44:29 phi=2/9 theta=1/5
2026-08-01 11:45:29 phi=2/9 theta=1/5
2026-08-01 11:46:29 phi=2/9 theta=1/5
2026-08-01 11:47:29 phi=2/9 theta=1/5
2026-08-01 11:48:29 phi=2/9 theta=1/5
2026-08-01 11:49:29 phi=2/9 theta=1/5
2026-08-01 11:50:29 phi=2/9 theta=1/5
2026-08-01 11:51:29 phi=2/9 theta=1/5
2026-08-01 11:52:29 phi=2/9 theta=1/5
2026-08-01 11:53:29 phi=2/9 theta=1/5
2026-08-01 11:54:29 phi=2/9 theta=1/5
2026-08-01 11:55:29 phi=2/9 theta=1/5
2026-08-01 11:56:29 phi=2/9 theta=1/5
2026-08-01 11:57:29 phi=2/9 theta=1/5
2026-08-01 11:58:29 phi=2/9 theta=1/5
2026-08-01 11:59:29 phi=2/9 theta=1/5
2026-08-01 12:00:29 phi=2/9 theta=1/5
2026-08-01 12:01:29 phi=2/9 theta=1/5
2026-08-01 12:02:29 phi=2/9 theta=1/5
2026-08-01 12:03:29 phi=2/9 theta=2/5
2026-08-01 12:04:29 phi=2/9 theta=2/5
2026-08-01 12:05:29 phi=2/9 theta=2/5
2026-08-01 12:06:29 phi=2/9 theta=2/5
2026-08-01 12:07:29 phi=2/9 theta=2/5
2026-08-01 12:08:29 phi=2/9 theta=2/5
2026-08-01 12:09:29 phi=2/9 theta=2/5
2026-08-01 12:10:29 phi=2/9 theta=2/5
2026-08-01 12:11:29 phi=2/9 theta=2/5
2026-08-01 12:12:29 phi=2/9 theta=2/5
2026-08-01 12:13:29 phi=2/9 theta=2/5
2026-08-01 12:14:29 phi=2/9 theta=2/5
2026-08-01 12:15:29 phi=2/9 theta=2/5
2026-08-01 12:16:29 phi=2/9 theta=2/5
2026-08-01 12:17:29 phi=2/9 theta=2/5
2026-08-01 12:18:29 phi=2/9 theta=2/5
2026-08-01 12:19:29 phi=2/9 theta=2/5
2026-08-01 12:20:30 phi=2/9 theta=2/5
2026-08-01 12:21:30 phi=2/9 theta=2/5
2026-08-01 12:22:30 phi=2/9 theta=2/5
2026-08-01 12:23:30 phi=2/9 theta=2/5
2026-08-01 12:24:30 phi=2/9 theta=2/5
2026-08-01 12:25:30 phi=3/9 theta=2/5
2026-08-01 12:26:30 phi=3/9 theta=2/5
2026-08-01 12:27:30 phi=3/9 theta=2/5
2026-08-01 12:28:30 phi=3/9 theta=2/5
2026-08-01 12:29:30 phi=3/9 theta=2/5
2026-08-01 12:30:30 phi=3/9 theta=2/5
2026-08-01 12:31:30 phi=3/9 theta=2/5
2026-08-01 12:32:30 phi=3/9 theta=2/5
2026-08-01 12:33:30 phi=3/9 theta=2/5
2026-08-01 12:34:30 phi=3/9 theta=2/5
2026-08-01 12:35:30 phi=3/9 theta=2/5
2026-08-01 12:36:30 phi=3/9 theta=2/5
2026-08-01 12:37:30 phi=3/9 theta=2/5
2026-08-01 12:38:30 phi=3/9 theta=2/5
2026-08-01 12:39:30 phi=3/9 theta=2/5
2026-08-01 12:40:30 phi=3/9 theta=2/5
2026-08-01 12:41:30 phi=3/9 theta=2/5
2026-08-01 12:42:30 phi=3/9 theta=2/5
2026-08-01 12:43:30 phi=3/9 theta=2/5
2026-08-01 12:44:30 phi=3/9 theta=2/5
2026-08-01 12:45:30 phi=3/9 theta=2/5
2026-08-01 12:46:30 phi=3/9 theta=2/5
2026-08-01 12:47:30 phi=3/9 theta=2/5
2026-08-01 12:48:30 phi=3/9 theta=2/5
2026-08-01 12:49:30 phi=3/9 theta=2/5
2026-08-01 12:50:30 phi=3/9 theta=2/5
2026-08-01 12:51:30 phi=3/9 theta=2/5
2026-08-01 12:52:30 phi=3/9 theta=2/5
2026-08-01 12:53:30 phi=3/9 theta=2/5
2026-08-01 12:54:30 phi=3/9 theta=2/5
2026-08-01 12:55:30 phi=3/9 theta=2/5
2026-08-01 12:56:30 phi=3/9 theta=2/5
2026-08-01 12:57:30 phi=3/9 theta=2/5
2026-08-01 12:58:30 phi=3/9 theta=2/5
2026-08-01 12:59:30 phi=3/9 theta=2/5
2026-08-01 13:00:30 phi=3/9 theta=2/5
2026-08-01 13:01:30 phi=3/9 theta=2/5
2026-08-01 13:02:30 phi=3/9 theta=2/5
2026-08-01 13:03:30 phi=3/9 theta=2/5
2026-08-01 13:04:30 phi=3/9 theta=2/5
2026-08-01 13:05:30 phi=3/9 theta=2/5
2026-08-01 13:06:30 phi=3/9 theta=2/5
2026-08-01 13:07:30 phi=3/9 theta=2/5
2026-08-01 13:08:30 phi=3/9 theta=3/5
2026-08-01 13:09:30 phi=3/9 theta=3/5
2026-08-01 13:10:30 phi=3/9 theta=3/5
2026-08-01 13:11:30 phi=3/9 theta=3/5
2026-08-01 13:12:31 phi=3/9 theta=3/5
2026-08-01 13:13:31 phi=3/9 theta=3/5
2026-08-01 13:14:31 phi=3/9 theta=3/5
2026-08-01 13:15:31 phi=3/9 theta=3/5
2026-08-01 13:16:31 phi=3/9 theta=3/5
2026-08-01 13:17:31 phi=3/9 theta=3/5
2026-08-01 13:18:31 phi=3/9 theta=3/5
2026-08-01 13:19:31 phi=3/9 theta=3/5
2026-08-01 13:20:31 phi=3/9 theta=3/5
2026-08-01 13:21:31 phi=3/9 theta=3/5
2026-08-01 13:22:31 phi=3/9 theta=3/5
2026-08-01 13:23:31 phi=3/9 theta=3/5
2026-08-01 13:24:31 phi=3/9 theta=3/5
2026-08-01 13:25:31 phi=3/9 theta=3/5
2026-08-01 13:26:31 phi=4/9 theta=3/5
2026-08-01 13:27:31 phi=4/9 theta=3/5
2026-08-01 13:28:31 phi=4/9 theta=3/5
2026-08-01 13:29:31 phi=4/9 theta=3/5
2026-08-01 13:30:31 phi=4/9 theta=3/5
2026-08-01 13:31:31 phi=4/9 theta=3/5
2026-08-01 13:32:31 phi=4/9 theta=3/5
2026-08-01 13:33:31 phi=4/9 theta=3/5
2026-08-01 13:34:31 phi=4/9 theta=3/5
2026-08-01 13:35:31 phi=4/9 theta=3/5
2026-08-01 13:36:31 phi=4/9 theta=3/5
2026-08-01 13:37:31 phi=4/9 theta=3/5
2026-08-01 13:38:31 phi=4/9 theta=3/5
2026-08-01 13:39:31 phi=4/9 theta=3/5
2026-08-01 13:40:31 phi=4/9 theta=3/5
2026-08-01 13:41:31 phi=4/9 theta=3/5
2026-08-01 13:42:31 phi=4/9 theta=3/5
2026-08-01 13:43:31 phi=4/9 theta=3/5
2026-08-01 13:44:31 phi=4/9 theta=3/5
2026-08-01 13:45:31 phi=4/9 theta=3/5
2026-08-01 13:46:31 phi=4/9 theta=3/5
2026-08-01 13:47:31 phi=4/9 theta=3/5
2026-08-01 13:48:31 phi=4/9 theta=3/5
2026-08-01 13:49:31 phi=4/9 theta=3/5
2026-08-01 13:50:31 phi=4/9 theta=3/5
2026-08-01 13:51:31 phi=4/9 theta=3/5
2026-08-01 13:52:31 phi=4/9 theta=3/5
2026-08-01 13:53:31 phi=4/9 theta=3/5
2026-08-01 13:54:31 phi=4/9 theta=3/5
2026-08-01 13:55:31 phi=4/9 theta=3/5
2026-08-01 13:56:31 phi=4/9 theta=3/5
2026-08-01 13:57:32 phi=4/9 theta=3/5
2026-08-01 13:58:32 phi=4/9 theta=3/5
2026-08-01 13:59:32 phi=4/9 theta=3/5
2026-08-01 14:00:32 phi=4/9 theta=3/5
2026-08-01 14:01:32 phi=4/9 theta=3/5
2026-08-01 14:02:32 phi=4/9 theta=3/5
2026-08-01 14:03:32 phi=4/9 theta=3/5
2026-08-01 14:04:32 phi=4/9 theta=3/5
2026-08-01 14:05:32 phi=4/9 theta=3/5
2026-08-01 14:06:32 phi=4/9 theta=3/5
2026-08-01 14:07:32 phi=4/9 theta=3/5
2026-08-01 14:08:32 phi=4/9 theta=3/5
2026-08-01 14:09:32 phi=4/9 theta=3/5
2026-08-01 14:10:32 phi=4/9 theta=3/5
2026-08-01 14:11:32 phi=4/9 theta=3/5
2026-08-01 14:12:32 phi=4/9 theta=3/5
2026-08-01 14:13:32 phi=4/9 theta=3/5
2026-08-01 14:14:32 phi=4/9 theta=3/5
2026-08-01 14:15:32 phi=4/9 theta=3/5
2026-08-01 14:16:32 phi=4/9 theta=3/5
2026-08-01 14:17:32 phi=4/9 theta=3/5
2026-08-01 14:18:32 phi=4/9 theta=3/5
2026-08-01 14:19:32 phi=4/9 theta=3/5
2026-08-01 14:20:32 phi=4/9 theta=3/5
2026-08-01 14:21:32 phi=4/9 theta=3/5
2026-08-01 14:22:32 phi=4/9 theta=3/5
2026-08-01 14:23:32 phi=4/9 theta=3/5
2026-08-01 14:24:32 phi=4/9 theta=3/5
2026-08-01 14:25:32 phi=4/9 theta=3/5
2026-08-01 14:26:32 phi=4/9 theta=3/5
2026-08-01 14:27:32 phi=4/9 theta=3/5
2026-08-01 14:28:32 phi=4/9 theta=3/5
2026-08-01 14:29:32 phi=4/9 theta=3/5
2026-08-01 14:30:32 phi=4/9 theta=3/5
2026-08-01 14:31:32 phi=4/9 theta=3/5
2026-08-01 14:32:32 phi=4/9 theta=3/5
2026-08-01 14:33:32 phi=4/9 theta=3/5
2026-08-01 14:34:33 phi=4/9 theta=3/5
2026-08-01 14:35:33 phi=4/9 theta=4/5
2026-08-01 14:36:33 phi=5/9 theta=4/5
2026-08-01 14:37:33 phi=5/9 theta=4/5
2026-08-01 14:38:33 phi=5/9 theta=4/5
2026-08-01 14:39:33 phi=5/9 theta=4/5
2026-08-01 14:40:33 phi=5/9 theta=4/5
2026-08-01 14:41:33 phi=5/9 theta=4/5
2026-08-01 14:42:33 phi=5/9 theta=4/5
2026-08-01 14:43:33 phi=5/9 theta=4/5
2026-08-01 14:44:33 phi=5/9 theta=4/5
2026-08-01 14:45:33 phi=5/9 theta=4/5
2026-08-01 14:46:33 phi=5/9 theta=4/5
2026-08-01 14:47:33 phi=5/9 theta=4/5
2026-08-01 14:48:33 phi=5/9 theta=4/5
2026-08-01 14:49:33 phi=5/9 theta=4/5
2026-08-01 14:50:33 phi=5/9 theta=4/5
2026-08-01 14:51:33 phi=5/9 theta=4/5
2026-08-01 14:52:33 phi=5/9 theta=4/5
2026-08-01 14:53:33 phi=5/9 theta=4/5
2026-08-01 14:54:33 phi=5/9 theta=4/5
2026-08-01 14:55:33 phi=5/9 theta=4/5
2026-08-01 14:56:33 phi=5/9 theta=4/5
2026-08-01 14:57:33 phi=5/9 theta=4/5
2026-08-01 14:58:33 phi=5/9 theta=4/5
2026-08-01 14:59:33 phi=5/9 theta=4/5
2026-08-01 15:00:33 phi=5/9 theta=4/5
2026-08-01 15:01:33 phi=5/9 theta=4/5
2026-08-01 15:02:33 phi=5/9 theta=4/5
2026-08-01 15:03:33 phi=5/9 theta=4/5
2026-08-01 15:04:33 phi=5/9 theta=4/5
2026-08-01 15:05:33 phi=5/9 theta=4/5
2026-08-01 15:06:33 phi=5/9 theta=4/5
2026-08-01 15:07:33 phi=5/9 theta=4/5
2026-08-01 15:08:33 phi=5/9 theta=4/5
2026-08-01 15:09:33 phi=5/9 theta=4/5
2026-08-01 15:10:33 phi=5/9 theta=4/5
2026-08-01 15:11:33 phi=5/9 theta=4/5
2026-08-01 15:12:33 phi=5/9 theta=4/5
2026-08-01 15:13:33 phi=5/9 theta=4/5
2026-08-01 15:14:33 phi=5/9 theta=4/5
2026-08-01 15:15:33 phi=5/9 theta=4/5
2026-08-01 15:16:33 phi=5/9 theta=4/5
2026-08-01 15:17:34 phi=5/9 theta=4/5
2026-08-01 15:18:34 phi=5/9 theta=4/5
2026-08-01 15:19:34 phi=5/9 theta=4/5
2026-08-01 15:20:34 phi=5/9 theta=4/5
2026-08-01 15:21:34 phi=5/9 theta=4/5
2026-08-01 15:22:34 phi=5/9 theta=4/5
2026-08-01 15:23:34 phi=5/9 theta=4/5
2026-08-01 15:24:34 phi=5/9 theta=4/5
2026-08-01 15:25:34 phi=5/9 theta=4/5
2026-08-01 15:26:34 phi=5/9 theta=4/5
2026-08-01 15:27:34 phi=5/9 theta=4/5
2026-08-01 15:28:34 phi=5/9 theta=4/5
2026-08-01 15:29:34 phi=5/9 theta=4/5
2026-08-01 15:30:34 phi=5/9 theta=4/5
2026-08-01 15:31:34 phi=5/9 theta=4/5
2026-08-01 15:32:34 phi=5/9 theta=4/5
2026-08-01 15:33:34 phi=5/9 theta=4/5
2026-08-01 15:34:34 phi=5/9 theta=4/5
2026-08-01 15:35:34 phi=5/9 theta=4/5
2026-08-01 15:36:34 phi=5/9 theta=4/5
2026-08-01 15:37:34 phi=5/9 theta=4/5
2026-08-01 15:38:34 phi=5/9 theta=4/5
2026-08-01 15:39:34 phi=5/9 theta=4/5
2026-08-01 15:40:34 phi=5/9 theta=4/5
2026-08-01 15:41:34 phi=5/9 theta=4/5
2026-08-01 15:42:34 phi=5/9 theta=4/5
2026-08-01 15:43:34 phi=5/9 theta=4/5
2026-08-01 15:44:34 phi=5/9 theta=4/5
2026-08-01 15:45:34 phi=5/9 theta=4/5
2026-08-01 15:46:34 phi=5/9 theta=4/5
2026-08-01 15:47:34 phi=5/9 theta=4/5
2026-08-01 15:48:34 phi=5/9 theta=4/5
2026-08-01 15:49:34 phi=5/9 theta=4/5
2026-08-01 15:50:34 phi=5/9 theta=4/5
2026-08-01 15:51:34 phi=5/9 theta=4/5
2026-08-01 15:52:34 phi=5/9 theta=4/5
2026-08-01 15:53:34 phi=5/9 theta=4/5
2026-08-01 15:54:34 phi=5/9 theta=4/5
2026-08-01 15:55:34 phi=5/9 theta=4/5
2026-08-01 15:56:34 phi=5/9 theta=4/5
2026-08-01 15:57:34 phi=5/9 theta=4/5
2026-08-01 15:58:34 phi=5/9 theta=4/5
2026-08-01 15:59:34 phi=5/9 theta=4/5
2026-08-01 16:00:34 phi=5/9 theta=4/5
2026-08-01 16:01:34 phi=5/9 theta=4/5
2026-08-01 16:02:34 phi=5/9 theta=4/5
2026-08-01 16:03:35 phi=5/9 theta=4/5
2026-08-01 16:04:35 phi=5/9 theta=4/5
2026-08-01 16:05:35 phi=5/9 theta=4/5
2026-08-01 16:06:35 phi=5/9 theta=4/5
2026-08-01 16:07:35 phi=5/9 theta=4/5
2026-08-01 16:08:35 phi=5/9 theta=4/5
2026-08-01 16:09:35 phi=5/9 theta=4/5
2026-08-01 16:10:35 phi=5/9 theta=4/5
2026-08-01 16:11:35 phi=5/9 theta=4/5
2026-08-01 16:12:35 phi=5/9 theta=4/5
2026-08-01 16:13:35 phi=5/9 theta=4/5
2026-08-01 16:14:35 phi=5/9 theta=4/5
2026-08-01 16:15:35 phi=5/9 theta=4/5
2026-08-01 16:16:35 phi=5/9 theta=4/5
2026-08-01 16:17:35 phi=5/9 theta=4/5
2026-08-01 16:18:35 phi=5/9 theta=4/5
2026-08-01 16:19:35 phi=5/9 theta=4/5
2026-08-01 16:20:35 phi=5/9 theta=4/5
2026-08-01 16:21:35 phi=5/9 theta=4/5
2026-08-01 16:22:35 phi=5/9 theta=4/5
2026-08-01 16:23:35 phi=5/9 theta=4/5
2026-08-01 16:24:35 phi=5/9 theta=4/5
2026-08-01 16:25:35 phi=5/9 theta=4/5
2026-08-01 16:26:35 phi=5/9 theta=4/5
2026-08-01 16:27:35 phi=5/9 theta=4/5
2026-08-01 16:28:35 phi=6/9 theta=4/5
2026-08-01 16:29:35 phi=6/9 theta=4/5
2026-08-01 16:30:35 phi=6/9 theta=4/5
2026-08-01 16:31:35 phi=6/9 theta=4/5
2026-08-01 16:32:35 phi=6/9 theta=4/5
2026-08-01 16:33:35 phi=6/9 theta=4/5
2026-08-01 16:34:35 phi=6/9 theta=4/5
2026-08-01 16:35:35 phi=6/9 theta=4/5
2026-08-01 16:36:35 phi=6/9 theta=4/5
2026-08-01 16:37:35 phi=6/9 theta=4/5
2026-08-01 16:38:35 phi=6/9 theta=4/5
2026-08-01 16:39:35 phi=6/9 theta=4/5
2026-08-01 16:40:35 phi=6/9 theta=4/5
2026-08-01 16:41:35 phi=6/9 theta=4/5
2026-08-01 16:42:35 phi=6/9 theta=4/5
2026-08-01 16:43:36 phi=6/9 theta=4/5
2026-08-01 16:44:36 phi=6/9 theta=4/5
2026-08-01 16:45:36 phi=6/9 theta=4/5
2026-08-01 16:46:36 phi=6/9 theta=4/5
2026-08-01 16:47:36 phi=6/9 theta=4/5
2026-08-01 16:48:36 phi=6/9 theta=4/5
2026-08-01 16:49:36 phi=6/9 theta=4/5
2026-08-01 16:50:36 phi=6/9 theta=4/5
2026-08-01 16:51:36 phi=6/9 theta=4/5
2026-08-01 16:52:36 phi=6/9 theta=4/5
2026-08-01 16:53:36 phi=6/9 theta=4/5
2026-08-01 16:54:36 phi=6/9 theta=4/5
2026-08-01 16:55:36 phi=6/9 theta=4/5
2026-08-01 16:56:36 phi=6/9 theta=4/5
2026-08-01 16:57:36 phi=6/9 theta=4/5
2026-08-01 16:58:36 phi=6/9 theta=4/5
2026-08-01 16:59:36 phi=6/9 theta=4/5
2026-08-01 17:00:36 phi=6/9 theta=4/5
2026-08-01 17:01:36 phi=6/9 theta=4/5
2026-08-01 17:02:36 phi=6/9 theta=4/5
2026-08-01 17:03:36 phi=6/9 theta=4/5
2026-08-01 17:04:36 phi=6/9 theta=4/5
2026-08-01 17:05:36 phi=6/9 theta=5/5
2026-08-01 17:06:36 phi=6/9 theta=5/5
2026-08-01 17:07:36 phi=6/9 theta=5/5
2026-08-01 17:08:36 phi=6/9 theta=5/5
2026-08-01 17:09:36 phi=6/9 theta=5/5
2026-08-01 17:10:36 phi=6/9 theta=5/5
2026-08-01 17:11:36 phi=6/9 theta=5/5
2026-08-01 17:12:36 phi=6/9 theta=5/5
2026-08-01 17:13:36 phi=6/9 theta=5/5
2026-08-01 17:14:36 phi=6/9 theta=5/5
2026-08-01 17:15:36 phi=6/9 theta=5/5
2026-08-01 17:16:36 phi=6/9 theta=5/5
2026-08-01 17:17:36 phi=6/9 theta=5/5
2026-08-01 17:18:36 phi=6/9 theta=5/5
2026-08-01 17:19:36 phi=6/9 theta=5/5
2026-08-01 17:20:36 phi=6/9 theta=5/5
2026-08-01 17:21:36 phi=6/9 theta=5/5
2026-08-01 17:22:36 phi=6/9 theta=5/5
2026-08-01 17:23:36 phi=6/9 theta=5/5
2026-08-01 17:24:36 phi=6/9 theta=5/5
2026-08-01 17:25:36 phi=6/9 theta=5/5
2026-08-01 17:26:36 phi=6/9 theta=5/5
2026-08-01 17:27:37 phi=6/9 theta=5/5
2026-08-01 17:28:37 phi=6/9 theta=5/5
2026-08-01 17:29:37 phi=6/9 theta=5/5
2026-08-01 17:30:37 phi=6/9 theta=5/5
2026-08-01 17:31:37 phi=6/9 theta=5/5
2026-08-01 17:32:37 phi=6/9 theta=5/5
2026-08-01 17:33:37 phi=6/9 theta=5/5
2026-08-01 17:34:37 phi=6/9 theta=5/5
2026-08-01 17:35:37 phi=6/9 theta=5/5
2026-08-01 17:36:37 phi=6/9 theta=5/5
2026-08-01 17:37:37 phi=6/9 theta=5/5
2026-08-01 17:38:37 phi=6/9 theta=5/5
2026-08-01 17:39:37 phi=7/9 theta=5/5
2026-08-01 17:40:37 phi=7/9 theta=5/5
2026-08-01 17:41:37 phi=7/9 theta=5/5
2026-08-01 17:42:37 phi=7/9 theta=5/5
2026-08-01 17:43:37 phi=7/9 theta=5/5
2026-08-01 17:44:37 phi=7/9 theta=5/5
2026-08-01 17:45:37 phi=7/9 theta=5/5
2026-08-01 17:46:37 phi=7/9 theta=5/5
2026-08-01 17:47:37 phi=7/9 theta=5/5
2026-08-01 17:48:37 phi=7/9 theta=5/5
2026-08-01 17:49:37 phi=7/9 theta=5/5
2026-08-01 17:50:37 phi=7/9 theta=5/5
2026-08-01 17:51:37 phi=7/9 theta=5/5
2026-08-01 17:52:37 phi=7/9 theta=5/5
2026-08-01 17:53:37 phi=7/9 theta=5/5
2026-08-01 17:54:37 phi=7/9 theta=5/5
2026-08-01 17:55:37 phi=7/9 theta=5/5
2026-08-01 17:56:37 phi=7/9 theta=5/5
2026-08-01 17:57:37 phi=7/9 theta=5/5
2026-08-01 17:58:37 phi=7/9 theta=5/5
2026-08-01 17:59:37 phi=7/9 theta=5/5
2026-08-01 18:00:37 phi=7/9 theta=5/5
2026-08-01 18:01:37 phi=7/9 theta=5/5
2026-08-01 18:02:37 phi=7/9 theta=5/5
2026-08-01 18:03:37 phi=7/9 theta=5/5
2026-08-01 18:04:37 phi=7/9 theta=5/5
2026-08-01 18:05:37 phi=7/9 theta=5/5
2026-08-01 18:06:37 phi=7/9 theta=5/5
2026-08-01 18:07:37 phi=7/9 theta=5/5
2026-08-01 18:08:37 phi=7/9 theta=5/5
2026-08-01 18:09:37 phi=7/9 theta=5/5
2026-08-01 18:10:37 phi=7/9 theta=5/5
2026-08-01 18:11:37 phi=7/9 theta=5/5
2026-08-01 18:12:37 phi=7/9 theta=5/5
2026-08-01 18:13:37 phi=7/9 theta=5/5
2026-08-01 18:14:37 phi=7/9 theta=5/5
2026-08-01 18:15:37 phi=7/9 theta=5/5
2026-08-01 18:16:37 phi=7/9 theta=5/5
2026-08-01 18:17:37 phi=7/9 theta=5/5
2026-08-01 18:18:37 phi=7/9 theta=5/5
2026-08-01 18:19:37 phi=7/9 theta=5/5
2026-08-01 18:20:37 phi=7/9 theta=5/5
2026-08-01 18:21:38 phi=7/9 theta=5/5
2026-08-01 18:22:38 phi=7/9 theta=5/5
2026-08-01 18:23:38 phi=7/9 theta=5/5
2026-08-01 18:24:38 phi=7/9 theta=5/5
2026-08-01 18:25:38 phi=7/9 theta=5/5
2026-08-01 18:26:38 phi=7/9 theta=5/5
2026-08-01 18:27:38 phi=7/9 theta=5/5
2026-08-01 18:28:38 phi=7/9 theta=5/5
2026-08-01 18:29:38 phi=7/9 theta=5/5
2026-08-01 18:30:38 phi=7/9 theta=5/5
2026-08-01 18:31:38 phi=7/9 theta=5/5
2026-08-01 18:32:38 phi=7/9 theta=5/5
2026-08-01 18:33:38 phi=7/9 theta=5/5
2026-08-01 18:34:38 phi=7/9 theta=5/5
2026-08-01 18:35:38 phi=7/9 theta=5/5
2026-08-01 18:36:38 phi=7/9 theta=5/5
2026-08-01 18:37:38 phi=7/9 theta=5/5
2026-08-01 18:38:38 phi=7/9 theta=5/5
2026-08-01 18:39:38 phi=7/9 theta=5/5
2026-08-01 18:40:38 phi=7/9 theta=5/5
2026-08-01 18:41:38 phi=7/9 theta=5/5
2026-08-01 18:42:38 phi=7/9 theta=5/5
2026-08-01 18:43:38 phi=7/9 theta=5/5
2026-08-01 18:44:38 phi=7/9 theta=5/5
2026-08-01 18:45:38 phi=7/9 theta=5/5
2026-08-01 18:46:38 phi=7/9 theta=5/5
2026-08-01 18:47:38 phi=8/9 theta=5/5
2026-08-01 18:48:38 phi=8/9 theta=5/5
2026-08-01 18:49:38 phi=8/9 theta=5/5
2026-08-01 18:50:38 phi=8/9 theta=5/5
2026-08-01 18:51:38 phi=8/9 theta=5/5
2026-08-01 18:52:38 phi=8/9 theta=5/5
2026-08-01 18:53:38 phi=8/9 theta=5/5
2026-08-01 18:54:38 phi=8/9 theta=5/5
2026-08-01 18:55:38 phi=8/9 theta=5/5
2026-08-01 18:56:38 phi=8/9 theta=5/5
2026-08-01 18:57:38 phi=8/9 theta=5/5
2026-08-01 18:58:38 phi=8/9 theta=5/5
2026-08-01 18:59:38 phi=8/9 theta=5/5
2026-08-01 19:00:38 phi=8/9 theta=5/5
2026-08-01 19:01:38 phi=8/9 theta=5/5
2026-08-01 19:02:38 phi=8/9 theta=5/5
2026-08-01 19:03:38 phi=8/9 theta=5/5
2026-08-01 19:04:38 phi=8/9 theta=5/5
2026-08-01 19:05:38 phi=8/9 theta=5/5
2026-08-01 19:06:38 phi=8/9 theta=5/5
2026-08-01 19:07:38 phi=8/9 theta=5/5
2026-08-01 19:08:38 phi=8/9 theta=5/5
2026-08-01 19:09:38 phi=8/9 theta=5/5
2026-08-01 19:10:38 phi=8/9 theta=5/5
2026-08-01 19:11:38 phi=8/9 theta=5/5
2026-08-01 19:12:38 phi=8/9 theta=5/5
2026-08-01 19:13:38 phi=8/9 theta=5/5
2026-08-01 19:14:38 phi=8/9 theta=5/5
2026-08-01 19:15:39 phi=8/9 theta=5/5
2026-08-01 19:16:39 phi=8/9 theta=5/5
2026-08-01 19:17:39 phi=8/9 theta=5/5
2026-08-01 19:18:39 phi=8/9 theta=5/5
2026-08-01 19:19:39 phi=8/9 theta=5/5
2026-08-01 19:20:39 phi=8/9 theta=5/5
2026-08-01 19:21:39 phi=8/9 theta=5/5
2026-08-01 19:22:39 phi=8/9 theta=5/5
2026-08-01 19:23:39 phi=8/9 theta=5/5
2026-08-01 19:24:39 phi=8/9 theta=5/5
2026-08-01 19:25:39 phi=8/9 theta=5/5
2026-08-01 19:26:39 phi=8/9 theta=5/5
2026-08-01 19:27:39 phi=8/9 theta=5/5
2026-08-01 19:28:39 phi=8/9 theta=5/5
2026-08-01 19:29:39 phi=8/9 theta=5/5
2026-08-01 19:30:39 phi=8/9 theta=5/5
2026-08-01 19:31:39 phi=8/9 theta=5/5
2026-08-01 19:32:39 phi=8/9 theta=5/5
2026-08-01 19:33:39 phi=8/9 theta=5/5
2026-08-01 19:34:39 phi=8/9 theta=5/5
2026-08-01 19:35:39 phi=8/9 theta=5/5
2026-08-01 19:36:39 phi=8/9 theta=5/5
2026-08-01 19:37:39 phi=8/9 theta=5/5
2026-08-01 19:38:39 phi=8/9 theta=5/5
2026-08-01 19:39:39 phi=8/9 theta=5/5
2026-08-01 19:40:39 phi=8/9 theta=5/5
2026-08-01 19:41:39 phi=8/9 theta=5/5
2026-08-01 19:42:39 phi=8/9 theta=5/5
2026-08-01 19:43:39 phi=8/9 theta=5/5
2026-08-01 19:44:39 phi=8/9 theta=5/5
2026-08-01 19:45:39 phi=8/9 theta=5/5
2026-08-01 19:46:39 phi=8/9 theta=5/5
2026-08-01 19:47:39 phi=8/9 theta=5/5
2026-08-01 19:48:39 phi=8/9 theta=5/5
2026-08-01 19:49:39 phi=8/9 theta=5/5
2026-08-01 19:50:39 phi=8/9 theta=5/5
2026-08-01 19:51:39 phi=8/9 theta=5/5
2026-08-01 19:52:39 phi=8/9 theta=5/5
2026-08-01 19:53:39 phi=8/9 theta=5/5
2026-08-01 19:54:39 phi=8/9 theta=5/5
2026-08-01 19:55:39 phi=8/9 theta=5/5
2026-08-01 19:56:39 phi=8/9 theta=5/5
2026-08-01 19:57:39 phi=8/9 theta=5/5
2026-08-01 19:58:39 phi=8/9 theta=5/5
2026-08-01 19:59:39 phi=8/9 theta=5/5
2026-08-01 20:00:39 phi=8/9 theta=5/5
2026-08-01 20:01:39 phi=8/9 theta=5/5
2026-08-01 20:02:39 phi=8/9 theta=5/5
2026-08-01 20:03:39 phi=8/9 theta=5/5
2026-08-01 20:04:39 phi=8/9 theta=5/5
2026-08-01 20:05:39 phi=8/9 theta=5/5
2026-08-01 20:06:39 phi=8/9 theta=5/5
2026-08-01 20:07:39 phi=8/9 theta=5/5
2026-08-01 20:08:39 phi=8/9 theta=5/5
2026-08-01 20:09:40 phi=8/9 theta=5/5
2026-08-01 20:10:40 phi=8/9 theta=5/5
2026-08-01 20:11:40 phi=8/9 theta=5/5
2026-08-01 20:12:40 phi=8/9 theta=5/5
2026-08-01 20:13:40 phi=8/9 theta=5/5
2026-08-01 20:14:40 phi=8/9 theta=5/5
2026-08-01 20:15:40 phi=8/9 theta=5/5
2026-08-01 20:16:40 phi=8/9 theta=5/5
2026-08-01 20:17:40 phi=8/9 theta=5/5
2026-08-01 20:18:40 phi=8/9 theta=5/5
2026-08-01 20:19:40 phi=8/9 theta=5/5
2026-08-01 20:20:40 phi=8/9 theta=5/5
2026-08-01 20:21:40 phi=9/9 theta=5/5
selected source indices: [0, 4, 9, 14, 18]
 source_index         tg  drive_amp_1  drive_amp_2  detune_1  detune_2
            0  19.991738     0.265505     0.173725  0.409908  0.460940
            4  59.994352     0.213420     0.142938  0.359182  0.378016
            9 110.011473     0.211458     0.107187  0.341800  0.362944
           14 159.997180     0.209025     0.091503  0.337985  0.359217
           18 200.012403     0.201634     0.082082  0.339457  0.352188
saved: xgate/data/fidelity_optimize/phi_optimized_five_points_20260801_093726.csv
selected source indices: [0, 4, 8, 13, 17]
 source_index         tg  drive_amp_1  drive_amp_2  detune_1  detune_2
            0  10.114278     0.411397     0.076662 -0.084207 -0.042866
            4  30.008767     0.145269     0.037975  0.000652  0.004152
            8  50.273181     0.081831     0.022089  0.001944  0.003051
           13  79.950431     0.050311     0.013695  0.001012  0.001427
           17 119.917479     0.033249     0.009080  0.000488  0.000671
saved: xgate/data/fidelity_optimize/theta_optimized_five_points_20260801_093726.csv
started mode=phi T1=170 log=xgate/data/fidelity_qutip/phi_noise_trace_decreasing_n300_T1=170us_five_points_20260801_093726.log
started mode=phi T1=30 log=xgate/data/fidelity_qutip/phi_noise_trace_decreasing_n300_T1=30us_five_points_20260801_093726.log
started mode=theta T1=170 log=xgate/data/fidelity_qutip/theta_noise_trace_decreasing_n300_T1=170us_five_points_20260801_093726.log
started mode=theta T1=30 log=xgate/data/fidelity_qutip/theta_noise_trace_decreasing_n300_T1=30us_five_points_20260801_093726.log
exit statuses phi170=0 phi30=0 theta170=0 theta30=0
