run_xgate_fidelity.py
NUMEXPR_NUM_THREADS = 1
MKL_NUM_THREADS = 1
mode = fidelity
fidelity_args = {'max_step_ideal': 0.0003, 'max_step_noisy': 0.0003, 'tg_list': [0, 1, 2, 3, 4]}

Current China Time: 2026-08-02 08:21:43.251592+08:00
drive_phi= False ; drive_theta = True ; n_full = 300 ; charge_truc = True
T1 = Tphi = 30.0 us, num_cpus = 4
calculate_ideal = False, calculate_noise = True
apply_decay = True, apply_dephase = True
use_qt_fidelity = False
n_hspace = 157 ; n_job = 5 ; parallel_jobs = 10

hspace (300/157) = np.array([
0, 1, 2, 4, 5, 7, 8, 11, 12, 16 ,
17, 18, 21, 23, 25, 27, 30, 31, 32, 33 ,
37, 38, 40, 41, 42, 45, 46, 47, 48, 51 ,
52, 56, 59, 62, 63, 64, 65, 67, 72, 73 ,
74, 76, 78, 79, 82, 83, 85, 87, 88, 90 ,
92, 93, 96, 97, 98, 102, 103, 106, 107, 112 ,
114, 118, 119, 120, 121, 122, 123, 124, 127, 128 ,
131, 132, 133, 134, 137, 138, 142, 143, 150, 151 ,
154, 155, 156, 157, 158, 161, 162, 163, 166, 170 ,
171, 174, 175, 176, 177, 179, 180, 186, 187, 188 ,
191, 192, 195, 196, 199, 202, 203, 206, 207, 208 ,
210, 213, 214, 218, 219, 220, 221, 222, 225, 226 ,
230, 231, 232, 236, 237, 238, 242, 243, 246, 247 ,
248, 251, 252, 258, 259, 260, 262, 263, 264, 270 ,
271, 274, 275, 279, 280, 281, 283, 284, 285, 288 ,
289, 290, 294, 296, 297, 298, 299 ,
])

params = np.array([
[10.114278, 0.411397, 0.076662, -0.084207, -0.042866] ,
[30.008767, 0.145269, 0.037975, 0.000652, 0.004152] ,
[50.273181, 0.081831, 0.022089, 0.001944, 0.003051] ,
[79.950431, 0.050311, 0.013695, 0.001012, 0.001427] ,
[119.917479, 0.033249, 0.00908, 0.000488, 0.000671] ,
])
use 2nd order dephasing data, correct 50us factor
np.shape(jump_t1)= (12246, 157, 157) ; np.shape(jump_tphi)= (157, 157, 157)

f_30us_157 = np.array([
-0.31991772, -2.92924399, -3.05284817, -2.86955171 ,
-2.69641499 ,
])

Current China Time: 2026-08-02 22:45:23.163309+08:00
