run_xgate_fidelity.py
NUMEXPR_NUM_THREADS = 1
MKL_NUM_THREADS = 1
mode = fidelity
fidelity_args = {'max_step_ideal': 0.0003, 'max_step_noisy': 0.0003, 'tg_list': [0, 1, 2, 3, 4, 5, 6, 7, 8, 9, 10, 11, 12, 13, 14, 15, 16, 17]}

Current China Time: 2026-08-04 06:10:43.588371+08:00
drive_phi= False ; drive_theta = True ; n_full = 1000 ; charge_truc = True
T1 = Tphi = 170 us, num_cpus = 4
calculate_ideal = True, calculate_noise = False
apply_decay = True, apply_dephase = True
use_qt_fidelity = False
n_hspace = 507 ; n_job = 18 ; parallel_jobs = 10

hspace (1000/507) = np.array([
0, 1, 2, 4, 5, 7, 8, 11, 12, 16 ,
17, 18, 21, 23, 25, 27, 30, 31, 32, 33 ,
37, 38, 40, 41, 42, 45, 46, 47, 48, 51 ,
52, 56, 59, 62, 63, 64, 65, 67, 72, 73 ,
74, 76, 78, 79, 82, 83, 85, 87, 88, 90 ,
92, 93, 96, 97, 98, 102, 103, 106, 107, 112 ,
114, 118, 119, 120, 121, 122, 123, 124, 127, 128 ,
131, 132, 133, 134, 137, 138, 142, 143, 150, 151 ,
154, 155, 156, 157, 158, 161, 162, 163, 166, 170 ,
171, 174, 175, 176, 177, 179, 180, 186, 187, 188 ,
191, 192, 195, 196, 199, 202, 203, 206, 207, 208 ,
210, 213, 214, 218, 219, 220, 221, 222, 225, 226 ,
230, 231, 232, 236, 237, 238, 242, 243, 246, 247 ,
248, 251, 252, 258, 259, 260, 262, 263, 264, 270 ,
271, 274, 275, 279, 280, 281, 283, 284, 285, 288 ,
289, 290, 294, 296, 297, 298, 299, 300, 301, 302 ,
307, 308, 312, 313, 314, 315, 324, 325, 326, 327 ,
328, 333, 334, 337, 338, 339, 340, 345, 346, 347 ,
348, 350, 351, 354, 355, 358, 359, 364, 365, 366 ,
367, 372, 373, 374, 375, 376, 377, 378, 381, 384 ,
385, 388, 389, 390, 398, 399, 400, 401, 407, 408 ,
410, 411, 413, 414, 418, 419, 420, 425, 426, 427 ,
428, 431, 432, 433, 436, 437, 438, 439, 442, 446 ,
447, 450, 451, 452, 453, 454, 455, 459, 460, 463 ,
464, 467, 468, 472, 473, 474, 475, 476, 486, 488 ,
489, 492, 493, 494, 496, 497, 501, 502, 506, 507 ,
508, 509, 510, 514, 515, 516, 517, 518, 521, 522 ,
526, 527, 528, 529, 532, 533, 534, 540, 543, 544 ,
550, 551, 552, 553, 554, 555, 556, 559, 560, 564 ,
567, 568, 569, 573, 574, 575, 576, 579, 580, 584 ,
585, 592, 593, 594, 595, 596, 597, 598, 601, 604 ,
605, 606, 613, 614, 615, 616, 617, 618, 621, 622 ,
628, 629, 631, 632, 636, 637, 638, 639, 644, 645 ,
648, 649, 650, 651, 654, 655, 656, 659, 660, 661 ,
664, 667, 668, 669, 670, 673, 674, 675, 676, 679 ,
680, 688, 689, 693, 694, 696, 697, 700, 701, 704 ,
705, 710, 711, 714, 715, 716, 717, 718, 721, 722 ,
725, 726, 729, 730, 735, 736, 739, 740, 741, 742 ,
746, 747, 750, 751, 752, 753, 757, 758, 761, 762 ,
763, 764, 766, 767, 772, 774, 775, 779, 780, 785 ,
788, 789, 790, 791, 796, 797, 798, 799, 800, 806 ,
807, 808, 811, 812, 813, 814, 815, 816, 817, 821 ,
822, 825, 826, 827, 828, 832, 833, 834, 835, 836 ,
844, 845, 851, 852, 853, 858, 859, 860, 861, 864 ,
865, 866, 872, 873, 874, 877, 878, 879, 883, 884 ,
885, 886, 887, 888, 891, 892, 895, 896, 900, 901 ,
904, 905, 906, 907, 908, 912, 913, 915, 922, 923 ,
926, 927, 928, 929, 930, 935, 936, 942, 943, 944 ,
947, 948, 949, 953, 954, 955, 956, 957, 958, 961 ,
962, 963, 964, 970, 971, 972, 973, 974, 977, 978 ,
982, 983, 985, 986, 987, 994, 995 ,
])

params = np.array([
[10.112276, 0.417301, 0.074364, -0.088062, -0.047291] ,
[15.072566, 0.305038, 0.065019, -0.032653, -0.013751] ,
[20.042302, 0.240822, 0.059239, -0.019354, -0.009576] ,
[25.020839, 0.180407, 0.046271, -0.00388, 0.001457] ,
[30.008808, 0.14528, 0.038018, 0.000574, 0.004073] ,
[34.999115, 0.121822, 0.032289, 0.001887, 0.004315] ,
[39.991616, 0.105045, 0.028058, 0.002171, 0.003988] ,
[45.572956, 0.091008, 0.024458, 0.002102, 0.003482] ,
[50.27328, 0.081876, 0.022072, 0.001951, 0.003063] ,
[55.267933, 0.073988, 0.020007, 0.001756, 0.002668] ,
[59.087483, 0.068953, 0.018674, 0.001617, 0.002406] ,
[64.670379, 0.062731, 0.01702, 0.001421, 0.002078] ,
[69.959473, 0.057783, 0.015701, 0.00126, 0.001814] ,
[79.950593, 0.050314, 0.013698, 0.001007, 0.001429] ,
[89.941985, 0.04458, 0.01215, 0.000823, 0.001153] ,
[99.933634, 0.040024, 0.010919, 0.000683, 0.000948] ,
[109.925523, 0.036323, 0.009914, 0.000574, 0.000793] ,
[119.917477, 0.033251, 0.00908, 0.000489, 0.000672] ,
])

f_ideal_507 = np.array([
-0.31954787, -0.73653892, -1.76726780, -2.61750123 ,
-3.19082182, -3.59955648, -3.94569367, -4.30307109 ,
-4.56310273, -4.81238279, -4.99604735, -5.23831429 ,
-5.45678977, -5.80423159, -6.11492398, -6.36182279 ,
-6.53954596, -6.66727425 ,
])

Current China Time: 2026-08-04 06:51:05.684685+08:00

Current China Time: 2026-08-04 06:51:05.686061+08:00
