run_xgate_fidelity.py
NUMEXPR_NUM_THREADS = 1
MKL_NUM_THREADS = 1
mode = fidelity
fidelity_args = {'max_step_ideal': 0.0003, 'max_step_noisy': 0.0003, 'tg_list': [0, 1, 2, 3, 4, 5, 6, 7, 8, 9, 10, 11, 12, 13, 14, 15, 16, 17]}

Current China Time: 2026-08-03 14:18:10.704217+08:00
drive_phi= False ; drive_theta = True ; n_full = 300 ; charge_truc = True
T1 = Tphi = 170.0 us, num_cpus = 4
calculate_ideal = False, calculate_noise = True
apply_decay = True, apply_dephase = True
use_qt_fidelity = False
n_hspace = 157 ; n_job = 18 ; parallel_jobs = 10

hspace (300/157) = np.array([
0, 1, 2, 4, 5, 7, 8, 11, 12, 16 ,
17, 18, 21, 23, 25, 27, 30, 31, 32, 33 ,
37, 38, 40, 41, 42, 45, 46, 47, 48, 51 ,
52, 56, 59, 62, 63, 64, 65, 67, 72, 73 ,
74, 76, 78, 79, 82, 83, 85, 87, 88, 90 ,
92, 93, 96, 97, 98, 102, 103, 106, 107, 112 ,
114, 118, 119, 120, 121, 122, 123, 124, 127, 128 ,
131, 132, 133, 134, 137, 138, 142, 143, 150, 151 ,
154, 155, 156, 157, 158, 161, 162, 163, 166, 170 ,
171, 174, 175, 176, 177, 179, 180, 186, 187, 188 ,
191, 192, 195, 196, 199, 202, 203, 206, 207, 208 ,
210, 213, 214, 218, 219, 220, 221, 222, 225, 226 ,
230, 231, 232, 236, 237, 238, 242, 243, 246, 247 ,
248, 251, 252, 258, 259, 260, 262, 263, 264, 270 ,
271, 274, 275, 279, 280, 281, 283, 284, 285, 288 ,
289, 290, 294, 296, 297, 298, 299 ,
])

params = np.array([
[10.112276, 0.417301, 0.074364, -0.088062, -0.047291] ,
[15.072566, 0.305038, 0.065019, -0.032653, -0.013751] ,
[20.042302, 0.240822, 0.059239, -0.019354, -0.009576] ,
[25.020839, 0.180407, 0.046271, -0.00388, 0.001457] ,
[30.008808, 0.14528, 0.038018, 0.000574, 0.004073] ,
[34.999115, 0.121822, 0.032289, 0.001887, 0.004315] ,
[39.991616, 0.105045, 0.028058, 0.002171, 0.003988] ,
[45.572956, 0.091008, 0.024458, 0.002102, 0.003482] ,
[50.27328, 0.081876, 0.022072, 0.001951, 0.003063] ,
[55.267933, 0.073988, 0.020007, 0.001756, 0.002668] ,
[59.087483, 0.068953, 0.018674, 0.001617, 0.002406] ,
[64.670379, 0.062731, 0.01702, 0.001421, 0.002078] ,
[69.959473, 0.057783, 0.015701, 0.00126, 0.001814] ,
[79.950593, 0.050314, 0.013698, 0.001007, 0.001429] ,
[89.941985, 0.04458, 0.01215, 0.000823, 0.001153] ,
[99.933634, 0.040024, 0.010919, 0.000683, 0.000948] ,
[109.925523, 0.036323, 0.009914, 0.000574, 0.000793] ,
[119.917477, 0.033251, 0.00908, 0.000489, 0.000672] ,
])
use 2nd order dephasing data, correct 50us factor
np.shape(jump_t1)= (12246, 157, 157) ; np.shape(jump_tphi)= (157, 157, 157)

f_170us_157 = np.array([
-0.31971775, -0.73742388, -1.76431646, -2.60061923 ,
-3.12487258, -3.43100249, -3.60801543, -3.70107349 ,
-3.72075851, -3.71493837, -3.70203553, -3.67659025 ,
-3.65024007, -3.60021028, -3.55355379, -3.51073742 ,
-3.47150515, -3.43544111 ,
])

Current China Time: 2026-08-04 13:59:15.620378+08:00
